Archive member included to satisfy reference by file (symbol)

E:\Project\tp78_v2\mounriver_project\KBD_CH582M\StdPeriphDriver\libISP583.a(ISP583.o)
                              ./StdPeriphDriver/CH58x_flash.o (FLASH_EEPROM_CMD)
E:\Project\tp78_v2\mounriver_project\KBD_CH582M\LIB\libTP78_MPR121.a(TP78_MPR121_LIB.o)
                              ./HAL/MPR121.o (MPR121_lib_init)
E:\Project\tp78_v2\mounriver_project\KBD_CH582M\LIB\libCH58xBLE.a(message.o)
                              ./Profile/hiddev.o (tmos_msg_deallocate)
E:\Project\tp78_v2\mounriver_project\KBD_CH582M\LIB\libCH58xBLE.a(tmos.o)
                              E:\Project\tp78_v2\mounriver_project\KBD_CH582M\LIB\libCH58xBLE.a(message.o) (gTmosPara)
E:\Project\tp78_v2\mounriver_project\KBD_CH582M\LIB\libCH58xBLE.a(tmos_hw.o)
                              E:\Project\tp78_v2\mounriver_project\KBD_CH582M\LIB\libCH58xBLE.a(tmos.o) (fnGetClockCBs)
E:\Project\tp78_v2\mounriver_project\KBD_CH582M\LIB\libCH58xBLE.a(tmos_snv.o)
                              E:\Project\tp78_v2\mounriver_project\KBD_CH582M\LIB\libCH58xBLE.a(tmos.o) (tmos_snv_init)
E:\Project\tp78_v2\mounriver_project\KBD_CH582M\LIB\libCH58xBLE.a(gap.o)
                              ./Profile/hiddev.o (GAP_SetParamValue)
E:\Project\tp78_v2\mounriver_project\KBD_CH582M\LIB\libCH58xBLE.a(gap_central.o)
                              E:\Project\tp78_v2\mounriver_project\KBD_CH582M\LIB\libCH58xBLE.a(gap.o) (gapProcessPeriodicAdvertisingSyncEstablishedEvt)
E:\Project\tp78_v2\mounriver_project\KBD_CH582M\LIB\libCH58xBLE.a(gap_peripheral.o)
                              ./HAL/BLE.o (GAP_ConfigDeviceAddr)
E:\Project\tp78_v2\mounriver_project\KBD_CH582M\LIB\libCH58xBLE.a(gapgattserver.o)
                              ./HAL/BLE.o (GGS_SetParameter)
E:\Project\tp78_v2\mounriver_project\KBD_CH582M\LIB\libCH58xBLE.a(gatt.o)
                              ./Profile/battservice.o (GATT_bm_alloc)
E:\Project\tp78_v2\mounriver_project\KBD_CH582M\LIB\libCH58xBLE.a(gatt_uuid.o)
                              ./Profile/battservice.o (reportRefUUID)
E:\Project\tp78_v2\mounriver_project\KBD_CH582M\LIB\libCH58xBLE.a(gattclientapp.o)
                              E:\Project\tp78_v2\mounriver_project\KBD_CH582M\LIB\libCH58xBLE.a(gatt.o) (gattGetClientStatus)
E:\Project\tp78_v2\mounriver_project\KBD_CH582M\LIB\libCH58xBLE.a(gattservapp.o)
                              ./Profile/battservice.o (GATTServApp_ReadCharCfg)
E:\Project\tp78_v2\mounriver_project\KBD_CH582M\LIB\libCH58xBLE.a(l2cap.o)
                              E:\Project\tp78_v2\mounriver_project\KBD_CH582M\LIB\libCH58xBLE.a(gatt.o) (L2CAP_GetMTU)
E:\Project\tp78_v2\mounriver_project\KBD_CH582M\LIB\libCH58xBLE.a(l2cap_input.o)
                              E:\Project\tp78_v2\mounriver_project\KBD_CH582M\LIB\libCH58xBLE.a(l2cap.o) (l2capProcessRxData)
E:\Project\tp78_v2\mounriver_project\KBD_CH582M\LIB\libCH58xBLE.a(l2cap_output.o)
                              E:\Project\tp78_v2\mounriver_project\KBD_CH582M\LIB\libCH58xBLE.a(l2cap_input.o) (l2capNotifyData)
E:\Project\tp78_v2\mounriver_project\KBD_CH582M\LIB\libCH58xBLE.a(l2cap_sdu.o)
                              E:\Project\tp78_v2\mounriver_project\KBD_CH582M\LIB\libCH58xBLE.a(l2cap_input.o) (l2capBuildDisconnectRsp)
E:\Project\tp78_v2\mounriver_project\KBD_CH582M\LIB\libCH58xBLE.a(linkdb.o)
                              E:\Project\tp78_v2\mounriver_project\KBD_CH582M\LIB\libCH58xBLE.a(l2cap.o) (linkDB_Init)
E:\Project\tp78_v2\mounriver_project\KBD_CH582M\LIB\libCH58xBLE.a(sm.o)
                              E:\Project\tp78_v2\mounriver_project\KBD_CH582M\LIB\libCH58xBLE.a(gap.o) (smFreePairingParams)
E:\Project\tp78_v2\mounriver_project\KBD_CH582M\LIB\libCH58xBLE.a(sm_initiator.o)
                              E:\Project\tp78_v2\mounriver_project\KBD_CH582M\LIB\libCH58xBLE.a(sm.o) (smInitiatorSendNextKeyInfo)
E:\Project\tp78_v2\mounriver_project\KBD_CH582M\LIB\libCH58xBLE.a(sm_pdu.o)
                              E:\Project\tp78_v2\mounriver_project\KBD_CH582M\LIB\libCH58xBLE.a(sm.o) (smpBuildPairingReq)
E:\Project\tp78_v2\mounriver_project\KBD_CH582M\LIB\libCH58xBLE.a(sm_responding.o)
                              E:\Project\tp78_v2\mounriver_project\KBD_CH582M\LIB\libCH58xBLE.a(sm.o) (smResponderSendNextKeyInfo)
E:\Project\tp78_v2\mounriver_project\KBD_CH582M\LIB\libCH58xBLE.a(sm_toolbox.o)
                              E:\Project\tp78_v2\mounriver_project\KBD_CH582M\LIB\libCH58xBLE.a(sm.o) (sm_ah)
E:\Project\tp78_v2\mounriver_project\KBD_CH582M\LIB\libCH58xBLE.a(host_input.o)
                              E:\Project\tp78_v2\mounriver_project\KBD_CH582M\LIB\libCH58xBLE.a(gap.o) (gBleHostPara)
E:\Project\tp78_v2\mounriver_project\KBD_CH582M\LIB\libCH58xBLE.a(host_output.o)
                              E:\Project\tp78_v2\mounriver_project\KBD_CH582M\LIB\libCH58xBLE.a(gap.o) (HCI_DisconnectCmd)
E:\Project\tp78_v2\mounriver_project\KBD_CH582M\LIB\libCH58xBLE.a(ll_connect.o)
[...]
Memory Configuration

Name             Origin             Length             Attributes
FLASH            0x0000000000000000 0x0000000000070000 xr
RAM              0x0000000020000000 0x0000000000008000 xrw
*default*        0x0000000000000000 0xffffffffffffffff

Linker script and memory map

LOAD ./StdPeriphDriver/CH58x_adc.o
LOAD ./StdPeriphDriver/CH58x_clk.o
LOAD ./StdPeriphDriver/CH58x_flash.o
LOAD ./StdPeriphDriver/CH58x_gpio.o
LOAD ./StdPeriphDriver/CH58x_i2c.o
LOAD ./StdPeriphDriver/CH58x_pwm.o
LOAD ./StdPeriphDriver/CH58x_pwr.o
LOAD ./StdPeriphDriver/CH58x_sys.o
LOAD ./StdPeriphDriver/CH58x_timer0.o
LOAD ./StdPeriphDriver/CH58x_timer1.o
LOAD ./StdPeriphDriver/CH58x_timer2.o
LOAD ./StdPeriphDriver/CH58x_uart0.o
LOAD ./StdPeriphDriver/CH58x_uart1.o
LOAD ./StdPeriphDriver/CH58x_uart2.o
LOAD ./StdPeriphDriver/CH58x_uart3.o
LOAD ./StdPeriphDriver/CH58x_usbdev.o
LOAD ./Startup/startup_CH583.o
LOAD ./RVMSIS/core_riscv.o
LOAD ./Profile/battservice.o
LOAD ./Profile/devinfoservice.o
LOAD ./Profile/hiddev.o
LOAD ./Profile/hidkbmservice.o
LOAD ./Profile/scanparamservice.o
LOAD ./Packages/FatFs/port/fatfs_usbd.o
LOAD ./Packages/FatFs/diskio.o
LOAD ./Packages/FatFs/ff.o
LOAD ./Packages/FatFs/fftools.o
LOAD ./Packages/FatFs/ffunicode.o
LOAD ./Packages/CherryUSB/core/usbd_core.o
LOAD ./Packages/CherryUSB/class/msc/usbd_msc.o
LOAD ./Packages/CherryUSB/class/hid/usbd_hid.o
LOAD ./Packages/CherryUSB/usb_ch58x_dc_usbfs.o
LOAD ./HAL/BATTERY.o
LOAD ./HAL/BLE.o
LOAD ./HAL/CORE.o
LOAD ./HAL/FATFS.o
LOAD ./HAL/HW_I2C.o
LOAD ./HAL/I2C_TP.o
LOAD ./HAL/KEYBOARD.o
LOAD ./HAL/MCU.o
LOAD ./HAL/MPR121.o
LOAD ./HAL/OLED.o
LOAD ./HAL/OLEDFONT.o
LOAD ./HAL/OLED_UI.o
LOAD ./HAL/OLED_UI_CFG.o
LOAD ./HAL/RF_PHY.o
LOAD ./HAL/RTC.o
LOAD ./HAL/USB.o
LOAD ./HAL/WS2812.o
LOAD ./APP/main.o
LOAD ./APP/snake.o
LOAD ./APP/tp78_via.o
LOAD E:\Project\tp78_v2\mounriver_project\KBD_CH582M\StdPeriphDriver\libISP583.a
LOAD E:\Project\tp78_v2\mounriver_project\KBD_CH582M\LIB\libTP78_MPR121.a
LOAD E:\Project\tp78_v2\mounriver_project\KBD_CH582M\LIB\libCH58xBLE.a
LOAD d:/mounriver/mounriver_studio/toolchain/risc-v embedded gcc/bin/../lib/gcc/riscv-none-embed/8.2.0/rv32imac/ilp32\libgcc.a
LOAD d:/mounriver/mounriver_studio/toolchain/risc-v embedded gcc/bin/../lib/gcc/riscv-none-embed/8.2.0/../../../../riscv-none-embed/lib/rv32imac/ilp32\libg_nano.a
LOAD d:/mounriver/mounriver_studio/toolchain/risc-v embedded gcc/bin/../lib/gcc/riscv-none-embed/8.2.0/../../../../riscv-none-embed/lib/rv32imac/ilp32\libc_nano.a
LOAD d:/mounriver/mounriver_studio/toolchain/risc-v embedded gcc/bin/../lib/gcc/riscv-none-embed/8.2.0/rv32imac/ilp32\libgcc.a
START GROUP
LOAD d:/mounriver/mounriver_studio/toolchain/risc-v embedded gcc/bin/../lib/gcc/riscv-none-embed/8.2.0/rv32imac/ilp32\libgcc.a
LOAD d:/mounriver/mounriver_studio/toolchain/risc-v embedded gcc/bin/../lib/gcc/riscv-none-embed/8.2.0/../../../../riscv-none-embed/lib/rv32imac/ilp32\libc_nano.a
LOAD d:/mounriver/mounriver_studio/toolchain/risc-v embedded gcc/bin/../lib/gcc/riscv-none-embed/8.2.0/../../../../riscv-none-embed/lib/rv32imac/ilp32\libnosys.a
END GROUP
START GROUP
LOAD d:/mounriver/mounriver_studio/toolchain/risc-v embedded gcc/bin/../lib/gcc/riscv-none-embed/8.2.0/rv32imac/ilp32\libgcc.a
LOAD d:/mounriver/mounriver_studio/toolchain/risc-v embedded gcc/bin/../lib/gcc/riscv-none-embed/8.2.0/../../../../riscv-none-embed/lib/rv32imac/ilp32\libc_nano.a
LOAD d:/mounriver/mounriver_studio/toolchain/risc-v embedded gcc/bin/../lib/gcc/riscv-none-embed/8.2.0/../../../../riscv-none-embed/lib/rv32imac/ilp32\libnosys.a
END GROUP

.init           0x0000000000000000        0x4
                0x0000000000000000                _sinit = .
                0x0000000000000000                . = ALIGN (0x4)
 *(SORT_NONE(.init))
 .init          0x0000000000000000        0x4 ./Startup/startup_CH583.o
                0x0000000000000000                _start
                0x0000000000000004                . = ALIGN (0x4)
                0x0000000000000004                _einit = .

.highcodelalign
                0x0000000000000004        0x0
                0x0000000000000004                . = ALIGN (0x4)
                0x0000000000000004                PROVIDE (_highcode_lma = .)

.highcode       0x0000000020000000     0x28f8 load address 0x0000000000000004
                0x0000000020000000                . = ALIGN (0x4)
                0x0000000020000000                PROVIDE (_highcode_vma_start = .)
 *(.vector)
 .vector        0x0000000020000000       0x90 ./Startup/startup_CH583.o
 *(SORT_NONE(.vector_handler))
 .vector_handler
                0x0000000020000090       0x36 ./Startup/startup_CH583.o
                0x0000000020000090                NMI_Handler
                0x0000000020000094                Ecall_M_Mode_Handler
                0x0000000020000096                Ecall_U_Mode_Handler
                0x0000000020000098                Break_Point_Handler
                0x000000002000009a                SysTick_Handler
                0x000000002000009c                SW_Handler
                0x00000000200000a4                SPI0_IRQHandler
                0x00000000200000a6                BB_IRQHandler
                0x00000000200000a8                LLE_IRQHandler
                0x00000000200000ac                USB2_IRQHandler
                0x00000000200000ae                TMR1_IRQHandler
                0x00000000200000b0                TMR2_IRQHandler
                0x00000000200000b2                UART0_IRQHandler
                0x00000000200000b4                UART1_IRQHandler
                0x00000000200000b8                ADC_IRQHandler
                0x00000000200000ba                I2C_IRQHandler
                0x00000000200000bc                PWMX_IRQHandler
                0x00000000200000be                TMR3_IRQHandler
                0x00000000200000c0                UART2_IRQHandler
                0x00000000200000c2                UART3_IRQHandler
                0x00000000200000c4                WDOG_BAT_IRQHandler
 *(.highcode)
 .highcode      0x00000000200000c6      0x2a6 ./StdPeriphDriver/CH58x_pwr.o
                0x00000000200000c6                LowPower_Idle
                0x0000000020000106                LowPower_Halt
                0x00000000200001bc                LowPower_Sleep
                0x0000000020000286                LowPower_Shutdown
 .highcode      0x000000002000036c      0x1c8 ./StdPeriphDriver/CH58x_sys.o
                0x000000002000036c                SetSysClock
                0x00000000200004c2                HardFault_Handler
                0x00000000200004fe                mDelayuS
                0x000000002000050c                mDelaymS
 .highcode      0x0000000020000534      0x37e ./Packages/CherryUSB/usb_ch58x_dc_usbfs.o
                0x0000000020000534                USB_IRQHandler
 .highcode      0x00000000200008b2      0x2d6 ./HAL/CORE.o
                0x00000000200008b2                APPJumpBoot
                0x0000000020000938                SoftReset
                0x00000000200009b2                TP78Reinit
                0x0000000020000b1c                GotoLowpower
 .highcode      0x0000000020000b88       0x1a ./HAL/RTC.o
                0x0000000020000b88                RTC_IRQHandler
 .highcode      0x0000000020000ba2       0x54 ./HAL/USB.o
                0x0000000020000ba2                TMR0_IRQHandler
 .highcode      0x0000000020000bf6       0x3e ./APP/main.o
                0x0000000020000bf6                Main_Circulation
                0x0000000020000bfe                GPIOA_IRQHandler
                0x0000000020000c28                GPIOB_IRQHandler
 .highcode      0x0000000020000c34      0x426 E:\Project\tp78_v2\mounriver_project\KBD_CH582M\StdPeriphDriver\libISP583.a(ISP583.o)
                0x0000000020000c34                FLASH_ROM_BEG
                0x0000000020000c46                FLASH_ROM_END
                0x0000000020000c54                FLASH_ROM_IN
                0x0000000020000c62                FLASH_ROM_OUT
                0x0000000020000c70                FLASH_ROM_ADDR
                0x0000000020000cb8                FLASH_ROM_WAIT
                0x0000000020000cf0                FLASH_EEPROM_CMD
 .highcode      0x000000002000105a      0x44c E:\Project\tp78_v2\mounriver_project\KBD_CH582M\LIB\libCH58xBLE.a(tmos.o)
                0x000000002000105a                tmos_memcpy
                0x000000002000107a                tmos_memcpy_word
                0x0000000020001092                tmos_memset
                0x00000000200010a4                tmos_strlen
                0x00000000200010b8                tmos_memdup
                0x00000000200010ea                tmos_memcmp
                0x0000000020001118                tmos_revmemcpy
                0x0000000020001134                tmos_isbufset
                0x0000000020001156                tmos_proces_system_time
                0x00000000200012a0                TMOS_SystemProcess
 .highcode      0x00000000200014a6       0x4c E:\Project\tp78_v2\mounriver_project\KBD_CH582M\LIB\libCH58xBLE.a(tmos_hw.o)
                0x00000000200014f0                TMOS_TimerIRQHandler
 .highcode      0x00000000200014f2      0x2d2 E:\Project\tp78_v2\mounriver_project\KBD_CH582M\LIB\libCH58xBLE.a(ll_connect.o)
                0x00000000200014f2                ll_connect_send_data
                0x000000002000161a                ll_connect_recv_data
                0x00000000200016fa                ll_connect_event_continue
 .highcode      0x00000000200017c4      0x310 E:\Project\tp78_v2\mounriver_project\KBD_CH582M\LIB\libCH58xBLE.a(ll_hop.o)
                0x00000000200017c4                LL_HopGetChannel
                0x000000002000186a                LL_HopGetChannel2
 .highcode      0x0000000020001ad4       0x50 E:\Project\tp78_v2\mounriver_project\KBD_CH582M\LIB\libCH58xBLE.a(ll_whitelist.o)
                0x0000000020001ad4                LL_WhitelistLookup
 .highcode      0x0000000020001b24      0x1e0 E:\Project\tp78_v2\mounriver_project\KBD_CH582M\LIB\libCH58xBLE.a(aes.o)
                0x0000000020001b24                AES_DevAESEnc
 .highcode      0x0000000020001d04      0x15a E:\Project\tp78_v2\mounriver_project\KBD_CH582M\LIB\libCH58xBLE.a(bb.o)
                0x0000000020001d04                BB_IRQLibHandler
                0x0000000020001e14                BB_IRQLibFunction
 .highcode      0x0000000020001e5e      0x3dc E:\Project\tp78_v2\mounriver_project\KBD_CH582M\LIB\libCH58xBLE.a(ip.o)
                0x0000000020001e5e                ll_rx_wait_finish
                0x0000000020001e9c                ble_ll_chkcrc
                0x0000000020001f3e                ll_tx_wait_finish
                0x0000000020002062                BLE_CheckHoppingMap
 .highcode      0x000000002000223a      0x23c E:\Project\tp78_v2\mounriver_project\KBD_CH582M\LIB\libCH58xBLE.a(lle.o)
                0x000000002000223a                LLE_IRQLibHandler
                0x000000002000242c                LLE_IRQLibFunction
 .highcode      0x0000000020002476      0x1be E:\Project\tp78_v2\mounriver_project\KBD_CH582M\LIB\libCH58xBLE.a(rf_fh.o)
                0x0000000020002476                RF_HopGetChannel
                0x00000000200024e4                RF_FrequencyHoppingGet
                0x000000002000259a                RF_FrequencyHoppingChange
 .highcode      0x0000000020002634       0x30 E:\Project\tp78_v2\mounriver_project\KBD_CH582M\LIB\libCH58xBLE.a(rfend.o)
                0x0000000020002634                RFEND_WaitTune
 .highcode      0x0000000020002664      0x1ba E:\Project\tp78_v2\mounriver_project\KBD_CH582M\LIB\libCH58xBLE.a(memory.o)
                0x0000000020002664                tmos_memory_allocate
                0x0000000020002736                tmos_memory_free
 .highcode      0x000000002000281e       0xd8 E:\Project\tp78_v2\mounriver_project\KBD_CH582M\LIB\libCH58xBLE.a(ll_resolvinglist.o)
                0x000000002000281e                LL_ResolvinglistPeerIdentifyAddressGetIrk
                0x0000000020002872                LL_ResolvinglistPeerRpaAddressGetIrk
                0x00000000200028b4                LL_ResolvinglistLocalRpaAddressGetIrk
 *(.highcode.*)
                0x00000000200028f8                . = ALIGN (0x4)
 *fill*         0x00000000200028f6        0x2 
                0x00000000200028f8                PROVIDE (_highcode_vma_end = .)

.text           0x00000000000028fc    0x312b0
                0x00000000000028fc                . = ALIGN (0x4)
 *(SORT_NONE(.handle_reset))
 .handle_reset  0x00000000000028fc       0xae ./Startup/startup_CH583.o
                0x00000000000028fc                handle_reset
 *(.text)
 .text          0x00000000000029aa      0xbee E:\Project\tp78_v2\mounriver_project\KBD_CH582M\LIB\libTP78_MPR121.a(TP78_MPR121_LIB.o)
                0x000000000000306a                MPR121_lib_init
                0x00000000000030b6                MPR121_get_result
                0x00000000000030e4                MPR121_set_result
                0x0000000000003166                MPR121_update_data
                0x00000000000031b0                MPR121_alg_judge_touchbar
 .text          0x0000000000003598       0xa8 d:/mounriver/mounriver_studio/toolchain/risc-v embedded gcc/bin/../lib/gcc/riscv-none-embed/8.2.0/../../../../riscv-none-embed/lib/rv32imac/ilp32\libg_nano.a(lib_a-memset.o)
                0x0000000000003598                memset
 .text          0x0000000000003640      0x11e d:/mounriver/mounriver_studio/toolchain/risc-v embedded gcc/bin/../lib/gcc/riscv-none-embed/8.2.0/../../../../riscv-none-embed/lib/rv32imac/ilp32\libg_nano.a(lib_a-strcmp.o)
                0x0000000000003640                strcmp
 *(.text.*)
 .text.ADC_ExtSingleChSampInit
                0x000000000000375e       0x24 ./StdPeriphDriver/CH58x_adc.o
                0x000000000000375e                ADC_ExtSingleChSampInit
 .text.ADC_InterTSSampInit
                0x0000000000003782       0x28 ./StdPeriphDriver/CH58x_adc.o
                0x0000000000003782                ADC_InterTSSampInit
 .text.Calibration_LSI
                0x00000000000037aa      0x226 ./StdPeriphDriver/CH58x_clk.o
                0x00000000000037aa                Calibration_LSI
 .text.FLASH_ROM_READ
                0x00000000000039d0       0x1c ./StdPeriphDriver/CH58x_flash.o
                0x00000000000039d0                FLASH_ROM_READ
 .text.GPIOA_ModeCfg
                0x00000000000039ec       0xa6 ./StdPeriphDriver/CH58x_gpio.o
                0x00000000000039ec                GPIOA_ModeCfg
 .text.GPIOB_ModeCfg
                0x0000000000003a92       0xa6 ./StdPeriphDriver/CH58x_gpio.o
                0x0000000000003a92                GPIOB_ModeCfg
 .text.GPIOA_ITModeCfg
                0x0000000000003b38       0x82 ./StdPeriphDriver/CH58x_gpio.o
                0x0000000000003b38                GPIOA_ITModeCfg
 .text.GPIOB_ITModeCfg
                0x0000000000003bba       0x8a ./StdPeriphDriver/CH58x_gpio.o
                0x0000000000003bba                GPIOB_ITModeCfg
 .text.I2C_Init
                0x0000000000003c44      0x140 ./StdPeriphDriver/CH58x_i2c.o
                0x0000000000003c44                I2C_Init
 .text.I2C_Cmd  0x0000000000003d84       0x20 ./StdPeriphDriver/CH58x_i2c.o
                0x0000000000003d84                I2C_Cmd
 .text.I2C_GenerateSTART
                0x0000000000003da4       0x22 ./StdPeriphDriver/CH58x_i2c.o
                0x0000000000003da4                I2C_GenerateSTART
 .text.I2C_GenerateSTOP
                0x0000000000003dc6       0x22 ./StdPeriphDriver/CH58x_i2c.o
                0x0000000000003dc6                I2C_GenerateSTOP
 .text.I2C_AcknowledgeConfig
                0x0000000000003de8       0x22 ./StdPeriphDriver/CH58x_i2c.o
                0x0000000000003de8                I2C_AcknowledgeConfig
 .text.I2C_SendData
                0x0000000000003e0a        0xa ./StdPeriphDriver/CH58x_i2c.o
                0x0000000000003e0a                I2C_SendData
 .text.I2C_ReceiveData
                0x0000000000003e14        0xe ./StdPeriphDriver/CH58x_i2c.o
                0x0000000000003e14                I2C_ReceiveData
 .text.I2C_Send7bitAddress
                0x0000000000003e22       0x18 ./StdPeriphDriver/CH58x_i2c.o
                0x0000000000003e22                I2C_Send7bitAddress
 .text.I2C_CheckEvent
                0x0000000000003e3a       0x20 ./StdPeriphDriver/CH58x_i2c.o
                0x0000000000003e3a                I2C_CheckEvent
 .text.I2C_GetFlagStatus
                0x0000000000003e5a       0x3a ./StdPeriphDriver/CH58x_i2c.o
                0x0000000000003e5a                I2C_GetFlagStatus
 .text.PWR_PeriphWakeUpCfg
                0x0000000000003e94       0x90 ./StdPeriphDriver/CH58x_pwr.o
                0x0000000000003e94                PWR_PeriphWakeUpCfg
 .text.GetSysClock
                0x0000000000003f24       0x42 ./StdPeriphDriver/CH58x_sys.o
                0x0000000000003f24                GetSysClock
 .text.SYS_GetSysTickCnt
                0x0000000000003f66        0xa ./StdPeriphDriver/CH58x_sys.o
                0x0000000000003f66                SYS_GetSysTickCnt
 .text.WWDG_ResetCfg
                0x0000000000003f70       0x36 ./StdPeriphDriver/CH58x_sys.o
                0x0000000000003f70                WWDG_ResetCfg
 .text.TMR0_TimerInit
                0x0000000000003fa6       0x14 ./StdPeriphDriver/CH58x_timer0.o
                0x0000000000003fa6                TMR0_TimerInit
 .text.TMR1_PWMInit
                0x0000000000003fba       0x18 ./StdPeriphDriver/CH58x_timer1.o
                0x0000000000003fba                TMR1_PWMInit
 .text.TMR1_DMACfg
                0x0000000000003fd2       0x20 ./StdPeriphDriver/CH58x_timer1.o
                0x0000000000003fd2                TMR1_DMACfg
 .text.battMeasure
                0x0000000000003ff2       0x8e ./Profile/battservice.o
 .text.battWriteAttrCB
                0x0000000000004080       0x5e ./Profile/battservice.o
 .text.battReadAttrCB
                0x00000000000040de       0x7e ./Profile/battservice.o
 .text.battNotifyCB
                0x000000000000415c       0x76 ./Profile/battservice.o
 .text.Batt_AddService
                0x00000000000041d2       0x2c ./Profile/battservice.o
                0x00000000000041d2                Batt_AddService
 .text.Batt_Register
                0x00000000000041fe        0x6 ./Profile/battservice.o
                0x00000000000041fe                Batt_Register
 .text.Batt_SetParameter
                0x0000000000004204       0x3a ./Profile/battservice.o
                0x0000000000004204                Batt_SetParameter
 .text.Batt_GetParameter
                0x000000000000423e       0x6a ./Profile/battservice.o
                0x000000000000423e                Batt_GetParameter
 .text.Batt_MeasLevel
                0x00000000000042a8       0x2e ./Profile/battservice.o
                0x00000000000042a8                Batt_MeasLevel
 .text.Batt_HandleConnStatusCB
                0x00000000000042d6       0x3e ./Profile/battservice.o
                0x00000000000042d6                Batt_HandleConnStatusCB
 .text.devInfo_ReadAttrCB
                0x0000000000004314      0x196 ./Profile/devinfoservice.o
 .text.DevInfo_AddService
                0x00000000000044aa       0x18 ./Profile/devinfoservice.o
                0x00000000000044aa                DevInfo_AddService
 .text.hidDevParamUpdateCB
                0x00000000000044c2        0x2 ./Profile/hiddev.o
 .text.hidDevScanParamCB
                0x00000000000044c4        0x2 ./Profile/hiddev.o
 .text.hidDevRptByHandle
                0x00000000000044c6       0x30 ./Profile/hiddev.o
 .text.hidDevInitialAdvertising
                0x00000000000044f6       0x3c ./Profile/hiddev.o
 .text.hidDevBattCB
                0x0000000000004532       0x30 ./Profile/hiddev.o
 .text.hidDevPairStateCB
                0x0000000000004562       0x1e ./Profile/hiddev.o
 .text.hidDevPasscodeCB
                0x0000000000004580       0x34 ./Profile/hiddev.o
 .text.HidDev_ProcessEvent
                0x00000000000045b4       0x7c ./Profile/hiddev.o
                0x00000000000045b4                HidDev_ProcessEvent
 .text.hidDevGapStateCB
                0x0000000000004630      0x13a ./Profile/hiddev.o
 .text.HidDev_Init
                0x000000000000476a       0x6a ./Profile/hiddev.o
                0x000000000000476a                HidDev_Init
 .text.HidDev_Register
                0x00000000000047d4        0xa ./Profile/hiddev.o
                0x00000000000047d4                HidDev_Register
 .text.HidDev_RegisterReports
                0x00000000000047de        0xa ./Profile/hiddev.o
                0x00000000000047de                HidDev_RegisterReports
 .text.HidDev_Report
                0x00000000000047e8      0x116 ./Profile/hiddev.o
                0x00000000000047e8                HidDev_Report
 .text.HidDev_ReadAttrCB
                0x00000000000048fe      0x104 ./Profile/hiddev.o
                0x00000000000048fe                HidDev_ReadAttrCB
 .text.HidDev_WriteAttrCB
                0x0000000000004a02      0x146 ./Profile/hiddev.o
                0x0000000000004a02                HidDev_WriteAttrCB
 .text.Hid_AddService
                0x0000000000004b48      0x162 ./Profile/hidkbmservice.o
                0x0000000000004b48                Hid_AddService
 .text.Hid_SetParameter
                0x0000000000004caa       0x5a ./Profile/hidkbmservice.o
                0x0000000000004caa                Hid_SetParameter
 .text.Hid_GetParameter
                0x0000000000004d04       0x42 ./Profile/hidkbmservice.o
                0x0000000000004d04                Hid_GetParameter
 .text.scanParamReadAttrCB
                0x0000000000004d46        0x4 ./Profile/scanparamservice.o
 .text.scanParamWriteAttrCB
                0x0000000000004d4a       0x66 ./Profile/scanparamservice.o
 .text.ScanParam_AddService
                0x0000000000004db0       0x2c ./Profile/scanparamservice.o
                0x0000000000004db0                ScanParam_AddService
 .text.ScanParam_Register
                0x0000000000004ddc        0x6 ./Profile/scanparamservice.o
                0x0000000000004ddc                ScanParam_Register
 .text.ScanParam_RefreshNotify
                0x0000000000004de2       0x5c ./Profile/scanparamservice.o
                0x0000000000004de2                ScanParam_RefreshNotify
 .text.ScanParam_HandleConnStatusCB
                0x0000000000004e3e       0x3e ./Profile/scanparamservice.o
                0x0000000000004e3e                ScanParam_HandleConnStatusCB
 .text.USB_disk_status
                0x0000000000004e7c        0x4 ./Packages/FatFs/port/fatfs_usbd.o
                0x0000000000004e7c                USB_disk_status
 .text.USB_disk_initialize
                0x0000000000004e80        0x4 ./Packages/FatFs/port/fatfs_usbd.o
                0x0000000000004e80                USB_disk_initialize
 .text.USB_disk_read
                0x0000000000004e84       0x1c ./Packages/FatFs/port/fatfs_usbd.o
                0x0000000000004e84                USB_disk_read
 .text.USB_disk_write
                0x0000000000004ea0       0x40 ./Packages/FatFs/port/fatfs_usbd.o
                0x0000000000004ea0                USB_disk_write
 .text.USB_disk_ioctl
                0x0000000000004ee0       0x34 ./Packages/FatFs/port/fatfs_usbd.o
                0x0000000000004ee0                USB_disk_ioctl
 .text.disk_status
                0x0000000000004f14       0x16 ./Packages/FatFs/diskio.o
                0x0000000000004f14                disk_status
 .text.disk_initialize
                0x0000000000004f2a       0x16 ./Packages/FatFs/diskio.o
                0x0000000000004f2a                disk_initialize
 .text.disk_read
                0x0000000000004f40       0x12 ./Packages/FatFs/diskio.o
                0x0000000000004f40                disk_read
 .text.disk_write
                0x0000000000004f52       0x12 ./Packages/FatFs/diskio.o
                0x0000000000004f52                disk_write
 .text.disk_ioctl
                0x0000000000004f64        0xe ./Packages/FatFs/diskio.o
                0x0000000000004f64                disk_ioctl
 .text.get_fattime
                0x0000000000004f72        0x4 ./Packages/FatFs/diskio.o
                0x0000000000004f72                get_fattime
 .text.ld_dword
                0x0000000000004f76       0x1e ./Packages/FatFs/ff.o
 .text.st_dword
                0x0000000000004f94       0x1c ./Packages/FatFs/ff.o
 .text.mem_set  0x0000000000004fb0        0xe ./Packages/FatFs/ff.o
 .text.clst2sect
                0x0000000000004fbe       0x1c ./Packages/FatFs/ff.o
 .text.sum_sfn  0x0000000000004fda       0x22 ./Packages/FatFs/ff.o
 .text.get_ldnumber
                0x0000000000004ffc       0x40 ./Packages/FatFs/ff.o
 .text.validate
                0x000000000000503c       0x48 ./Packages/FatFs/ff.o
 .text.mem_cpy.part.0
                0x0000000000005084       0x1a ./Packages/FatFs/ff.o
 .text.ld_clust.isra.1
                0x000000000000509e       0x26 ./Packages/FatFs/ff.o
 .text.st_clust.isra.2
                0x00000000000050c4       0x28 ./Packages/FatFs/ff.o
 .text.sync_window.part.3
                0x00000000000050ec       0x58 ./Packages/FatFs/ff.o
 .text.move_window
                0x0000000000005144       0x4a ./Packages/FatFs/ff.o
 .text.check_fs
                0x000000000000518e       0xde ./Packages/FatFs/ff.o
 .text.put_fat  0x000000000000526c      0x130 ./Packages/FatFs/ff.o
 .text.get_fat.isra.6
                0x000000000000539c       0xd8 ./Packages/FatFs/ff.o
 .text.dir_sdi  0x0000000000005474       0xce ./Packages/FatFs/ff.o
 .text.create_chain
                0x0000000000005542      0x10a ./Packages/FatFs/ff.o
 .text.remove_chain
                0x000000000000564c       0x92 ./Packages/FatFs/ff.o
 .text.mount_volume
                0x00000000000056de      0x2f2 ./Packages/FatFs/ff.o
 .text.sync_fs  0x00000000000059d0       0xc0 ./Packages/FatFs/ff.o
 .text.dir_clear
                0x0000000000005a90       0x76 ./Packages/FatFs/ff.o
 .text.dir_next
                0x0000000000005b06       0xdc ./Packages/FatFs/ff.o
 .text.dir_find
                0x0000000000005be2      0x1d2 ./Packages/FatFs/ff.o
 .text.dir_register
                0x0000000000005db4      0x2dc ./Packages/FatFs/ff.o
 .text.follow_path
                0x0000000000006090      0x396 ./Packages/FatFs/ff.o
 .text.f_mount  0x0000000000006426       0x4e ./Packages/FatFs/ff.o
                0x0000000000006426                f_mount
 .text.f_open   0x0000000000006474      0x222 ./Packages/FatFs/ff.o
                0x0000000000006474                f_open
 .text.f_read   0x0000000000006696      0x1aa ./Packages/FatFs/ff.o
                0x0000000000006696                f_read
 .text.f_write  0x0000000000006840      0x1e8 ./Packages/FatFs/ff.o
                0x0000000000006840                f_write
 .text.f_sync   0x0000000000006a28       0xb8 ./Packages/FatFs/ff.o
                0x0000000000006a28                f_sync
 .text.f_close  0x0000000000006ae0       0x22 ./Packages/FatFs/ff.o
                0x0000000000006ae0                f_close
 .text.f_lseek  0x0000000000006b02      0x16c ./Packages/FatFs/ff.o
                0x0000000000006b02                f_lseek
 .text.f_mkfs   0x0000000000006c6e      0x710 ./Packages/FatFs/ff.o
                0x0000000000006c6e                f_mkfs
 .text.ff_uni2oem
                0x000000000000737e       0x60 ./Packages/FatFs/ffunicode.o
                0x000000000000737e                ff_uni2oem
 .text.ff_oem2uni
                0x00000000000073de       0x4c ./Packages/FatFs/ffunicode.o
                0x00000000000073de                ff_oem2uni
 .text.ff_wtoupper
                0x000000000000742a       0xa4 ./Packages/FatFs/ffunicode.o
                0x000000000000742a                ff_wtoupper
 .text.usbd_class_event_notify_handler
                0x00000000000074ce       0x30 ./Packages/CherryUSB/core/usbd_core.o
 .text.usbd_set_endpoint
                0x00000000000074fe       0x6a ./Packages/CherryUSB/core/usbd_core.o
 .text.usbd_event_ep0_in_complete_handler
                0x0000000000007568       0x48 ./Packages/CherryUSB/core/usbd_core.o
                0x0000000000007568                usbd_event_ep0_in_complete_handler
 .text.usbd_print_setup.constprop.12
                0x00000000000075b0       0x44 ./Packages/CherryUSB/core/usbd_core.o
 .text.usbd_setup_request_handler.constprop.3
                0x00000000000075f4      0x616 ./Packages/CherryUSB/core/usbd_core.o
 .text.usbd_event_ep0_out_complete_handler
                0x0000000000007c0a       0x50 ./Packages/CherryUSB/core/usbd_core.o
                0x0000000000007c0a                usbd_event_ep0_out_complete_handler
 .text.usbd_event_reset_handler
                0x0000000000007c5a       0x36 ./Packages/CherryUSB/core/usbd_core.o
                0x0000000000007c5a                usbd_event_reset_handler
 .text.usbd_event_ep0_setup_complete_handler
                0x0000000000007c90       0xf6 ./Packages/CherryUSB/core/usbd_core.o
                0x0000000000007c90                usbd_event_ep0_setup_complete_handler
 .text.usbd_event_ep_in_complete_handler
                0x0000000000007d86       0x20 ./Packages/CherryUSB/core/usbd_core.o
                0x0000000000007d86                usbd_event_ep_in_complete_handler
 .text.usbd_event_ep_out_complete_handler
                0x0000000000007da6       0x20 ./Packages/CherryUSB/core/usbd_core.o
                0x0000000000007da6                usbd_event_ep_out_complete_handler
 .text.usbd_desc_register
                0x0000000000007dc6       0x3c ./Packages/CherryUSB/core/usbd_core.o
                0x0000000000007dc6                usbd_desc_register
 .text.usbd_add_interface
                0x0000000000007e02       0x22 ./Packages/CherryUSB/core/usbd_core.o
                0x0000000000007e02                usbd_add_interface
 .text.usbd_add_endpoint
                0x0000000000007e24       0x3c ./Packages/CherryUSB/core/usbd_core.o
                0x0000000000007e24                usbd_add_endpoint
 .text.usb_device_is_configured
                0x0000000000007e60        0x6 ./Packages/CherryUSB/core/usbd_core.o
                0x0000000000007e60                usb_device_is_configured
 .text.usbd_initialize
                0x0000000000007e66        0x4 ./Packages/CherryUSB/core/usbd_core.o
                0x0000000000007e66                usbd_initialize
 .text.SCSI_SetSenseData
                0x0000000000007e6a       0x18 ./Packages/CherryUSB/class/msc/usbd_msc.o
 .text.SCSI_processRead
                0x0000000000007e82       0x82 ./Packages/CherryUSB/class/msc/usbd_msc.o
 .text.usbd_msc_send_csw
                0x0000000000007f04       0x24 ./Packages/CherryUSB/class/msc/usbd_msc.o
 .text.msc_storage_class_interface_request_handler
                0x0000000000007f28       0x6a ./Packages/CherryUSB/class/msc/usbd_msc.o
 .text.mass_storage_bulk_in
                0x0000000000007f92       0x5a ./Packages/CherryUSB/class/msc/usbd_msc.o
                0x0000000000007f92                mass_storage_bulk_in
 .text.msc_storage_notify_handler
                0x0000000000007fec       0x26 ./Packages/CherryUSB/class/msc/usbd_msc.o
                0x0000000000007fec                msc_storage_notify_handler
 .text.mass_storage_bulk_out
                0x0000000000008012      0x59c ./Packages/CherryUSB/class/msc/usbd_msc.o
                0x0000000000008012                mass_storage_bulk_out
 .text.usbd_msc_init_intf
                0x00000000000085ae       0xac ./Packages/CherryUSB/class/msc/usbd_msc.o
                0x00000000000085ae                usbd_msc_init_intf
 .text.usbd_hid_init_intf
                0x000000000000865a       0x1c ./Packages/CherryUSB/class/hid/usbd_hid.o
                0x000000000000865a                usbd_hid_init_intf
 .text.usbh_hid_get_report
                0x0000000000008676        0x4 ./Packages/CherryUSB/class/hid/usbd_hid.o
                0x0000000000008676                usbh_hid_get_report
 .text.usbh_hid_get_idle
                0x000000000000867a        0x4 ./Packages/CherryUSB/class/hid/usbd_hid.o
                0x000000000000867a                usbh_hid_get_idle
 .text.usbh_hid_get_protocol
                0x000000000000867e        0x4 ./Packages/CherryUSB/class/hid/usbd_hid.o
                0x000000000000867e                usbh_hid_get_protocol
 .text.hid_class_interface_request_handler
                0x0000000000008682       0xe8 ./Packages/CherryUSB/class/hid/usbd_hid.o
 .text.usbd_set_address
                0x000000000000876a       0x1a ./Packages/CherryUSB/usb_ch58x_dc_usbfs.o
                0x000000000000876a                usbd_set_address
 .text.usbd_ep_open
                0x0000000000008784       0x90 ./Packages/CherryUSB/usb_ch58x_dc_usbfs.o
                0x0000000000008784                usbd_ep_open
 .text.usbd_ep_close
                0x0000000000008814       0x26 ./Packages/CherryUSB/usb_ch58x_dc_usbfs.o
                0x0000000000008814                usbd_ep_close
 .text.usbd_ep_start_write
                0x000000000000883a       0xba ./Packages/CherryUSB/usb_ch58x_dc_usbfs.o
                0x000000000000883a                usbd_ep_start_write
 .text.usbd_ep_start_read
                0x00000000000088f4       0x78 ./Packages/CherryUSB/usb_ch58x_dc_usbfs.o
                0x00000000000088f4                usbd_ep_start_read
 .text.usbd_ep_set_stall
                0x000000000000896c       0x3e ./Packages/CherryUSB/usb_ch58x_dc_usbfs.o
                0x000000000000896c                usbd_ep_set_stall
 .text.usbd_ep_clear_stall
                0x00000000000089aa       0x42 ./Packages/CherryUSB/usb_ch58x_dc_usbfs.o
                0x00000000000089aa                usbd_ep_clear_stall
 .text.usb_dc_init
                0x00000000000089ec       0xf6 ./Packages/CherryUSB/usb_ch58x_dc_usbfs.o
                0x00000000000089ec                usb_dc_init
 .text.BATTERY_DMA_ENABLE
                0x0000000000008ae2       0x26 ./HAL/BATTERY.o
                0x0000000000008ae2                BATTERY_DMA_ENABLE
 .text.BATTERY_Init
                0x0000000000008b08       0x70 ./HAL/BATTERY.o
                0x0000000000008b08                BATTERY_Init
 .text.BATTERY_ADC_Calculation
                0x0000000000008b78       0x42 ./HAL/BATTERY.o
                0x0000000000008b78                BATTERY_ADC_Calculation
 .text.BATTERY_DrawBMP
                0x0000000000008bba       0x98 ./HAL/BATTERY.o
                0x0000000000008bba                BATTERY_DrawBMP
 .text.hidEmuEvtCB
                0x0000000000008c52        0x2 ./HAL/BLE.o
 .text.hidEmuSendKbdReport
                0x0000000000008c54       0x24 ./HAL/BLE.o
 .text.hidEmuStateCB
                0x0000000000008c78       0x62 ./HAL/BLE.o
 .text.hidEmuRptCB
                0x0000000000008cda       0x6e ./HAL/BLE.o
 .text.HidEmu_ProcessEvent
                0x0000000000008d48      0x286 ./HAL/BLE.o
                0x0000000000008d48                HidEmu_ProcessEvent
 .text.DATAFLASH_Read_DeviceID
                0x0000000000008fce       0x32 ./HAL/BLE.o
                0x0000000000008fce                DATAFLASH_Read_DeviceID
 .text.DATAFLASH_Write_DeviceID
                0x0000000000009000       0x18 ./HAL/BLE.o
                0x0000000000009000                DATAFLASH_Write_DeviceID
 .text.HidEmu_Init
                0x0000000000009018       0xec ./HAL/BLE.o
                0x0000000000009018                HidEmu_Init
 .text.PFIC_DisableIRQ
                0x0000000000009104       0x14 ./HAL/CORE.o
 .text.HAL_Fs_Init
                0x0000000000009118       0xb0 ./HAL/FATFS.o
                0x0000000000009118                HAL_Fs_Init
 .text.unsigned_dec_to_string
                0x00000000000091c8       0x86 ./HAL/FATFS.o
                0x00000000000091c8                unsigned_dec_to_string
 .text.string_dec_to_u8
                0x000000000000924e       0x4a ./HAL/FATFS.o
                0x000000000000924e                string_dec_to_u8
 .text.string_dec_to_u16
                0x0000000000009298       0x4a ./HAL/FATFS.o
                0x0000000000009298                string_dec_to_u16
 .text.HAL_Fs_Create_readme
                0x00000000000092e2       0x9e ./HAL/FATFS.o
                0x00000000000092e2                HAL_Fs_Create_readme
 .text.HAL_Fs_Create_keyboard_cfg
                0x0000000000009380       0xaa ./HAL/FATFS.o
                0x0000000000009380                HAL_Fs_Create_keyboard_cfg
 .text.HAL_Fs_Write_keyboard_cfg
                0x000000000000942a       0xf4 ./HAL/FATFS.o
                0x000000000000942a                HAL_Fs_Write_keyboard_cfg
 .text.HAL_Fs_Read_keyboard_cfg
                0x000000000000951e       0xd0 ./HAL/FATFS.o
                0x000000000000951e                HAL_Fs_Read_keyboard_cfg
 .text.HAL_Fs_Write_keyboard_spkey
                0x00000000000095ee       0xda ./HAL/FATFS.o
                0x00000000000095ee                HAL_Fs_Write_keyboard_spkey
 .text.HAL_Fs_Read_keyboard_spkey
                0x00000000000096c8       0xc2 ./HAL/FATFS.o
                0x00000000000096c8                HAL_Fs_Read_keyboard_spkey
 .text.HAL_Fs_Write_keyboard_mat
                0x000000000000978a       0xd6 ./HAL/FATFS.o
                0x000000000000978a                HAL_Fs_Write_keyboard_mat
 .text.HAL_Fs_Read_keyboard_mat
                0x0000000000009860       0xbe ./HAL/FATFS.o
                0x0000000000009860                HAL_Fs_Read_keyboard_mat
 .text.HW_I2C_WaitUntilTimeout
                0x000000000000991e       0x46 ./HAL/HW_I2C.o
                0x000000000000991e                HW_I2C_WaitUntilTimeout
 .text.HW_I2C_Init
                0x0000000000009964       0x30 ./HAL/HW_I2C.o
                0x0000000000009964                HW_I2C_Init
 .text.HW_I2C_WR_Reg
                0x0000000000009994       0xbc ./HAL/HW_I2C.o
                0x0000000000009994                HW_I2C_WR_Reg
 .text.HW_I2C_RD_Reg
                0x0000000000009a50      0x11c ./HAL/HW_I2C.o
                0x0000000000009a50                HW_I2C_RD_Reg
 .text.HW_I2C_Muti_RD_Reg
                0x0000000000009b6c      0x13c ./HAL/HW_I2C.o
                0x0000000000009b6c                HW_I2C_Muti_RD_Reg
 .text.I2C_TP_SendCommand_Sleep
                0x0000000000009ca8       0xee ./HAL/I2C_TP.o
                0x0000000000009ca8                I2C_TP_SendCommand_Sleep
 .text.I2C_TP_SendCommand_Wakeup
                0x0000000000009d96       0xee ./HAL/I2C_TP.o
                0x0000000000009d96                I2C_TP_SendCommand_Wakeup
 .text.I2C_TP_SendCommand_Reset
                0x0000000000009e84      0x16e ./HAL/I2C_TP.o
                0x0000000000009e84                I2C_TP_SendCommand_Reset
 .text.I2C_TP_Init
                0x0000000000009ff2       0x56 ./HAL/I2C_TP.o
                0x0000000000009ff2                I2C_TP_Init
 .text.I2C_TP_ReadPacket
                0x000000000000a048      0x1b4 ./HAL/I2C_TP.o
                0x000000000000a048                I2C_TP_ReadPacket
 .text.I2C_TP_IT_handler
                0x000000000000a1fc       0x2c ./HAL/I2C_TP.o
                0x000000000000a1fc                I2C_TP_IT_handler
 .text.DATAFLASH_Read_KeyArray
                0x000000000000a228       0x30 ./HAL/KEYBOARD.o
                0x000000000000a228                DATAFLASH_Read_KeyArray
 .text.DATAFLASH_Write_KeyArray
                0x000000000000a258       0x30 ./HAL/KEYBOARD.o
                0x000000000000a258                DATAFLASH_Write_KeyArray
 .text.KEYBOARD_Reset
                0x000000000000a288       0x7a ./HAL/KEYBOARD.o
                0x000000000000a288                KEYBOARD_Reset
 .text.KEYBOARD_ChangeKey
                0x000000000000a302       0x30 ./HAL/KEYBOARD.o
                0x000000000000a302                KEYBOARD_ChangeKey
 .text.KEYBOARD_Custom_Function
                0x000000000000a332      0x8a0 ./HAL/KEYBOARD.o
                0x000000000000a332                KEYBOARD_Custom_Function
 .text.KEYBOARD_Init
                0x000000000000abd2       0x8c ./HAL/KEYBOARD.o
                0x000000000000abd2                KEYBOARD_Init
 .text.KEYBOARD_Detection
                0x000000000000ac5e      0x4d2 ./HAL/KEYBOARD.o
                0x000000000000ac5e                KEYBOARD_Detection
 .text.KEYBOARD_EnterNumber
                0x000000000000b130      0x132 ./HAL/KEYBOARD.o
                0x000000000000b130                KEYBOARD_EnterNumber
 .text.TP78_Idle_Clr
                0x000000000000b262       0x2a ./HAL/MCU.o
 .text.Lib_Calibration_LSI
                0x000000000000b28c        0x6 ./HAL/MCU.o
                0x000000000000b28c                Lib_Calibration_LSI
 .text.Lib_Read_Flash
                0x000000000000b292       0x18 ./HAL/MCU.o
                0x000000000000b292                Lib_Read_Flash
 .text.Lib_Write_Flash
                0x000000000000b2aa       0x48 ./HAL/MCU.o
                0x000000000000b2aa                Lib_Write_Flash
 .text.HAL_GetInterTempValue
                0x000000000000b2f2       0x72 ./HAL/MCU.o
                0x000000000000b2f2                HAL_GetInterTempValue
 .text.HID_KEYBOARD_Process
                0x000000000000b364      0x1b0 ./HAL/MCU.o
                0x000000000000b364                HID_KEYBOARD_Process
 .text.HID_I2CTP_Process
                0x000000000000b514       0xf4 ./HAL/MCU.o
                0x000000000000b514                HID_I2CTP_Process
 .text.HID_VOL_Process
                0x000000000000b608       0x54 ./HAL/MCU.o
                0x000000000000b608                HID_VOL_Process
 .text.SW_PaintedEgg_Process
                0x000000000000b65c       0xd2 ./HAL/MCU.o
                0x000000000000b65c                SW_PaintedEgg_Process
 .text.SW_OLED_Capslock_Process
                0x000000000000b72e       0xa6 ./HAL/MCU.o
                0x000000000000b72e                SW_OLED_Capslock_Process
 .text.SW_OLED_UBStatus_Process
                0x000000000000b7d4      0x1fc ./HAL/MCU.o
                0x000000000000b7d4                SW_OLED_UBStatus_Process
 .text.HW_Battery_Process
                0x000000000000b9d0       0x38 ./HAL/MCU.o
                0x000000000000b9d0                HW_Battery_Process
 .text.HW_WS2812_Process
                0x000000000000ba08        0x4 ./HAL/MCU.o
                0x000000000000ba08                HW_WS2812_Process
 .text.HW_TouchBar_Process
                0x000000000000ba0c       0x6c ./HAL/MCU.o
                0x000000000000ba0c                HW_TouchBar_Process
 .text.HAL_ProcessEvent
                0x000000000000ba78      0x278 ./HAL/MCU.o
                0x000000000000ba78                HAL_ProcessEvent
 .text.CH58X_BLEInit
                0x000000000000bcf0      0x110 ./HAL/MCU.o
                0x000000000000bcf0                CH58X_BLEInit
 .text.HAL_Init
                0x000000000000be00      0x106 ./HAL/MCU.o
                0x000000000000be00                HAL_Init
 .text.DATAFLASH_Read_MPR121_ALG_Parameter
                0x000000000000bf06       0x50 ./HAL/MPR121.o
                0x000000000000bf06                DATAFLASH_Read_MPR121_ALG_Parameter
 .text.MPR121_GPIO_Init
                0x000000000000bf56       0x1c ./HAL/MPR121.o
                0x000000000000bf56                MPR121_GPIO_Init
 .text.MPR121_Init
                0x000000000000bf72       0x48 ./HAL/MPR121.o
                0x000000000000bf72                MPR121_Init
 .text.MPR121_Post_Operation
                0x000000000000bfba      0x114 ./HAL/MPR121.o
                0x000000000000bfba                MPR121_Post_Operation
 .text.OLED_Set_Pos
                0x000000000000c0ce       0x4a ./HAL/OLED.o
                0x000000000000c0ce                OLED_Set_Pos
 .text.OLED_Clear
                0x000000000000c118       0x62 ./HAL/OLED.o
                0x000000000000c118                OLED_Clear
 .text.OLED_ShowChar
                0x000000000000c17a       0x66 ./HAL/OLED.o
                0x000000000000c17a                OLED_ShowChar
 .text.OLED_ShowString
                0x000000000000c1e0       0x56 ./HAL/OLED.o
                0x000000000000c1e0                OLED_ShowString
 .text.OLED_ShowString_f
                0x000000000000c236       0xb4 ./HAL/OLED.o
                0x000000000000c236                OLED_ShowString_f
 .text.OLED_DrawBMP
                0x000000000000c2ea       0x6e ./HAL/OLED.o
                0x000000000000c2ea                OLED_DrawBMP
 .text.OLED_Clr
                0x000000000000c358       0x56 ./HAL/OLED.o
                0x000000000000c358                OLED_Clr
 .text.OLED_Midx
                0x000000000000c3ae       0x22 ./HAL/OLED.o
                0x000000000000c3ae                OLED_Midx
 .text.OLED_Set_Scroll_ENA
                0x000000000000c3d0       0x14 ./HAL/OLED.o
                0x000000000000c3d0                OLED_Set_Scroll_ENA
 .text.OLED_Scroll
                0x000000000000c3e4       0xc0 ./HAL/OLED.o
                0x000000000000c3e4                OLED_Scroll
 .text.HAL_OLED_Init
                0x000000000000c4a4      0x19e ./HAL/OLED.o
                0x000000000000c4a4                HAL_OLED_Init
 .text.OLED_UI_printf
                0x000000000000c642       0xa6 ./HAL/OLED_UI.o
                0x000000000000c642                OLED_UI_printf
 .text.OLED_UI_add_task
                0x000000000000c6e8       0x5c ./HAL/OLED_UI.o
                0x000000000000c6e8                OLED_UI_add_task
 .text.OLED_UI_add_CLEARPAGE_task
                0x000000000000c744       0x4e ./HAL/OLED_UI.o
                0x000000000000c744                OLED_UI_add_CLEARPAGE_task
 .text.OLED_UI_add_SHOWINFO_task
                0x000000000000c792       0x82 ./HAL/OLED_UI.o
                0x000000000000c792                OLED_UI_add_SHOWINFO_task
 .text.OLED_UI_add_SHOW_ICONINFO_task
                0x000000000000c814       0x98 ./HAL/OLED_UI.o
                0x000000000000c814                OLED_UI_add_SHOW_ICONINFO_task
 .text.OLED_UI_add_default_task
                0x000000000000c8ac        0xe ./HAL/OLED_UI.o
                0x000000000000c8ac                OLED_UI_add_default_task
 .text.OLED_UI_add_delay_task
                0x000000000000c8ba       0x6c ./HAL/OLED_UI.o
                0x000000000000c8ba                OLED_UI_add_delay_task
 .text.OLED_UI_add_default_delay_task
                0x000000000000c926       0x10 ./HAL/OLED_UI.o
                0x000000000000c926                OLED_UI_add_default_delay_task
 .text.OLED_UI_add_CANCELINFO_delay_task
                0x000000000000c936       0x3c ./HAL/OLED_UI.o
                0x000000000000c936                OLED_UI_add_CANCELINFO_delay_task
 .text.OLED_UI_slot_add
                0x000000000000c972       0x28 ./HAL/OLED_UI.o
                0x000000000000c972                OLED_UI_slot_add
 .text.OLED_UI_slot_delete
                0x000000000000c99a       0x58 ./HAL/OLED_UI.o
                0x000000000000c99a                OLED_UI_slot_delete
 .text.OLED_UI_slot_active
                0x000000000000c9f2       0x34 ./HAL/OLED_UI.o
                0x000000000000c9f2                OLED_UI_slot_active
 .text.OLED_UI_slot_draw
                0x000000000000ca26       0x44 ./HAL/OLED_UI.o
                0x000000000000ca26                OLED_UI_slot_draw
 .text.OLED_UI_show_version
                0x000000000000ca6a       0x9a ./HAL/OLED_UI.o
                0x000000000000ca6a                OLED_UI_show_version
 .text.OLED_UI_draw_empty_battery
                0x000000000000cb04       0x14 ./HAL/OLED_UI.o
                0x000000000000cb04                OLED_UI_draw_empty_battery
 .text.OLED_UI_smooth_select_cfg
                0x000000000000cb18       0x66 ./HAL/OLED_UI.o
                0x000000000000cb18                OLED_UI_smooth_select_cfg
 .text.OLED_UI_draw_menu
                0x000000000000cb7e      0x256 ./HAL/OLED_UI.o
                0x000000000000cb7e                OLED_UI_draw_menu
 .text.OLED_UI_smooth_select
                0x000000000000cdd4      0x268 ./HAL/OLED_UI.o
                0x000000000000cdd4                OLED_UI_smooth_select
 .text.OLED_UI_idle
                0x000000000000d03c       0x26 ./HAL/OLED_UI.o
                0x000000000000d03c                OLED_UI_idle
 .text.OLED_UI_draw_thread_callback
                0x000000000000d062      0x2e8 ./HAL/OLED_UI.o
                0x000000000000d062                OLED_UI_draw_thread_callback
 .text.RF_2G4StatusCallBack
                0x000000000000d34a       0xd0 ./HAL/RF_PHY.o
                0x000000000000d34a                RF_2G4StatusCallBack
 .text.RF_ProcessEvent
                0x000000000000d41a      0x102 ./HAL/RF_PHY.o
                0x000000000000d41a                RF_ProcessEvent
 .text.DATAFLASH_Read_RFfreqlevel
                0x000000000000d51c       0x2c ./HAL/RF_PHY.o
                0x000000000000d51c                DATAFLASH_Read_RFfreqlevel
 .text.DATAFLASH_Write_RFfreqlevel
                0x000000000000d548       0x1a ./HAL/RF_PHY.o
                0x000000000000d548                DATAFLASH_Write_RFfreqlevel
 .text.DATAFLASH_Read_RForBLE
                0x000000000000d562       0x36 ./HAL/RF_PHY.o
                0x000000000000d562                DATAFLASH_Read_RForBLE
 .text.DATAFLASH_Write_RForBLE
                0x000000000000d598       0x1a ./HAL/RF_PHY.o
                0x000000000000d598                DATAFLASH_Write_RForBLE
 .text.RF_Init  0x000000000000d5b2       0x7c ./HAL/RF_PHY.o
                0x000000000000d5b2                RF_Init
 .text.HAL_TimeInit
                0x000000000000d62e       0x3e ./HAL/RTC.o
                0x000000000000d62e                HAL_TimeInit
 .text.usbd_hid_int_callback
                0x000000000000d66c        0x6 ./HAL/USB.o
 .text.usbd_hid_raw_in_callback
                0x000000000000d672        0x2 ./HAL/USB.o
 .text.usbd_hid_raw_out_callback
                0x000000000000d674       0x34 ./HAL/USB.o
 .text.USB_ProcessEvent
                0x000000000000d6a8       0xd4 ./HAL/USB.o
                0x000000000000d6a8                USB_ProcessEvent
 .text.usb_device_init
                0x000000000000d77c       0xdc ./HAL/USB.o
                0x000000000000d77c                usb_device_init
 .text.usbd_configure_done_callback
                0x000000000000d858       0x36 ./HAL/USB.o
                0x000000000000d858                usbd_configure_done_callback
 .text.usbh_hid_set_idle
                0x000000000000d88e        0x2 ./HAL/USB.o
                0x000000000000d88e                usbh_hid_set_idle
 .text.usbh_hid_set_protocol
                0x000000000000d890        0x2 ./HAL/USB.o
                0x000000000000d890                usbh_hid_set_protocol
 .text.usbh_hid_set_report
                0x000000000000d892       0x24 ./HAL/USB.o
                0x000000000000d892                usbh_hid_set_report
 .text.usb_suspend_wake_up_cb
                0x000000000000d8b6       0x30 ./HAL/USB.o
                0x000000000000d8b6                usb_suspend_wake_up_cb
 .text.usbd_msc_get_cap
                0x000000000000d8e6       0x10 ./HAL/USB.o
                0x000000000000d8e6                usbd_msc_get_cap
 .text.usbd_msc_sector_read
                0x000000000000d8f6       0x16 ./HAL/USB.o
                0x000000000000d8f6                usbd_msc_sector_read
 .text.usbd_msc_sector_write
                0x000000000000d90c       0x16 ./HAL/USB.o
                0x000000000000d90c                usbd_msc_sector_write
 .text.HAL_USBInit
                0x000000000000d922       0x80 ./HAL/USB.o
                0x000000000000d922                HAL_USBInit
 .text.usb_dc_low_level_init
                0x000000000000d9a2       0x22 ./HAL/USB.o
                0x000000000000d9a2                usb_dc_low_level_init
 .text.WS2812_Style_Off
                0x000000000000d9c4       0x1c ./HAL/WS2812.o
                0x000000000000d9c4                WS2812_Style_Off
 .text.WS2812_Style_Normal
                0x000000000000d9e0       0xba ./HAL/WS2812.o
                0x000000000000d9e0                WS2812_Style_Normal
 .text.WS2812_Style_Breath
                0x000000000000da9a       0xf4 ./HAL/WS2812.o
                0x000000000000da9a                WS2812_Style_Breath
 .text.WS2812_Style_Waterful
                0x000000000000db8e       0xa8 ./HAL/WS2812.o
                0x000000000000db8e                WS2812_Style_Waterful
 .text.WS2812_Style_Touch
                0x000000000000dc36       0xcc ./HAL/WS2812.o
                0x000000000000dc36                WS2812_Style_Touch
 .text.WS2812_Style_Rainbow
                0x000000000000dd02      0x368 ./HAL/WS2812.o
                0x000000000000dd02                WS2812_Style_Rainbow
 .text.DATAFLASH_Read_LEDStyle
                0x000000000000e06a       0x9a ./HAL/WS2812.o
                0x000000000000e06a                DATAFLASH_Read_LEDStyle
 .text.WS2812_PWM_Init
                0x000000000000e104       0x36 ./HAL/WS2812.o
                0x000000000000e104                WS2812_PWM_Init
 .text.WS2812_Style_Custom
                0x000000000000e13a       0xb0 ./HAL/WS2812.o
                0x000000000000e13a                WS2812_Style_Custom
 .text.WS2812_Send
                0x000000000000e1ea       0x88 ./HAL/WS2812.o
                0x000000000000e1ea                WS2812_Send
 .text.startup.main
                0x000000000000e272       0xa6 ./APP/main.o
                0x000000000000e272                main
 .text.ProduceFood
                0x000000000000e318       0xaa ./APP/snake.o
 .text.Snake_Init
                0x000000000000e3c2       0x6c ./APP/snake.o
                0x000000000000e3c2                Snake_Init
 .text.MoveSnake
                0x000000000000e42e      0x236 ./APP/snake.o
                0x000000000000e42e                MoveSnake
 .text.via_data_processing
                0x000000000000e664      0x3ec ./APP/tp78_via.o
                0x000000000000e664                via_data_processing
 .text.tmos_msg_enqueue
                0x000000000000ea50       0x1e E:\Project\tp78_v2\mounriver_project\KBD_CH582M\LIB\libCH58xBLE.a(message.o)
                0x000000000000ea50                tmos_msg_enqueue
 .text.tmos_msg_deallocate
                0x000000000000ea6e       0x2c E:\Project\tp78_v2\mounriver_project\KBD_CH582M\LIB\libCH58xBLE.a(message.o)
                0x000000000000ea6e                tmos_msg_deallocate
 .text.tmos_msg_allocate
                0x000000000000ea9a       0x46 E:\Project\tp78_v2\mounriver_project\KBD_CH582M\LIB\libCH58xBLE.a(message.o)
                0x000000000000ea9a                tmos_msg_allocate
 .text.tmos_msg_receive
                0x000000000000eae0       0x72 E:\Project\tp78_v2\mounriver_project\KBD_CH582M\LIB\libCH58xBLE.a(message.o)
                0x000000000000eae0                tmos_msg_receive
 .text.tmos_msg_send
                0x000000000000eb52       0x66 E:\Project\tp78_v2\mounriver_project\KBD_CH582M\LIB\libCH58xBLE.a(message.o)
                0x000000000000eb52                tmos_msg_send
 .text.tmos_msg_init
                0x000000000000ebb8        0xa E:\Project\tp78_v2\mounriver_project\KBD_CH582M\LIB\libCH58xBLE.a(message.o)
                0x000000000000ebb8                tmos_msg_init
 .text.tmosFindTask
                0x000000000000ebc2       0x24 E:\Project\tp78_v2\mounriver_project\KBD_CH582M\LIB\libCH58xBLE.a(tmos.o)
 .text.TMOS_CB_PeriodicProcessEvent
                0x000000000000ebe6       0x86 E:\Project\tp78_v2\mounriver_project\KBD_CH582M\LIB\libCH58xBLE.a(tmos.o)
                0x000000000000ebe6                TMOS_CB_PeriodicProcessEvent
 .text.TMOS_CB_ProcessEvent
                0x000000000000ec6c       0x84 E:\Project\tp78_v2\mounriver_project\KBD_CH582M\LIB\libCH58xBLE.a(tmos.o)
                0x000000000000ec6c                TMOS_CB_ProcessEvent
 .text.tmos_rand
                0x000000000000ecf0       0x52 E:\Project\tp78_v2\mounriver_project\KBD_CH582M\LIB\libCH58xBLE.a(tmos.o)
                0x000000000000ecf0                tmos_rand
 .text.tmos_proces_sleep
                0x000000000000ed42      0x132 E:\Project\tp78_v2\mounriver_project\KBD_CH582M\LIB\libCH58xBLE.a(tmos.o)
                0x000000000000ed42                tmos_proces_sleep
 .text.tmos_start_periodic_callback_task
                0x000000000000ee74       0xfc E:\Project\tp78_v2\mounriver_project\KBD_CH582M\LIB\libCH58xBLE.a(tmos.o)
                0x000000000000ee74                tmos_start_periodic_callback_task
 .text.tmos_set_event
                0x000000000000ef70       0x2e E:\Project\tp78_v2\mounriver_project\KBD_CH582M\LIB\libCH58xBLE.a(tmos.o)
                0x000000000000ef70                tmos_set_event
 .text.tmos_clear_event
                0x000000000000ef9e       0x32 E:\Project\tp78_v2\mounriver_project\KBD_CH582M\LIB\libCH58xBLE.a(tmos.o)
                0x000000000000ef9e                tmos_clear_event
 .text.tmos_update_callback_timer
                0x000000000000efd0       0xc4 E:\Project\tp78_v2\mounriver_project\KBD_CH582M\LIB\libCH58xBLE.a(tmos.o)
                0x000000000000efd0                tmos_update_callback_timer
 .text.tmos_start_task
                0x000000000000f094      0x120 E:\Project\tp78_v2\mounriver_project\KBD_CH582M\LIB\libCH58xBLE.a(tmos.o)
                0x000000000000f094                tmos_start_task
 .text.tmos_start_callback_task
                0x000000000000f1b4       0x9a E:\Project\tp78_v2\mounriver_project\KBD_CH582M\LIB\libCH58xBLE.a(tmos.o)
                0x000000000000f1b4                tmos_start_callback_task
 .text.tmos_start_reload_task
                0x000000000000f24e       0x58 E:\Project\tp78_v2\mounriver_project\KBD_CH582M\LIB\libCH58xBLE.a(tmos.o)
                0x000000000000f24e                tmos_start_reload_task
 .text.tmos_stop_task
                0x000000000000f2a6       0x52 E:\Project\tp78_v2\mounriver_project\KBD_CH582M\LIB\libCH58xBLE.a(tmos.o)
                0x000000000000f2a6                tmos_stop_task
 .text.tmos_stop_callback_task
                0x000000000000f2f8       0x5c E:\Project\tp78_v2\mounriver_project\KBD_CH582M\LIB\libCH58xBLE.a(tmos.o)
                0x000000000000f2f8                tmos_stop_callback_task
 .text.tmos_get_task_timer
                0x000000000000f354       0x6c E:\Project\tp78_v2\mounriver_project\KBD_CH582M\LIB\libCH58xBLE.a(tmos.o)
                0x000000000000f354                tmos_get_task_timer
 .text.TMOS_TimerRegister
                0x000000000000f3c0       0x1e E:\Project\tp78_v2\mounriver_project\KBD_CH582M\LIB\libCH58xBLE.a(tmos.o)
                0x000000000000f3c0                TMOS_TimerRegister
 .text.TMOS_ProcessRegister
                0x000000000000f3de       0x16 E:\Project\tp78_v2\mounriver_project\KBD_CH582M\LIB\libCH58xBLE.a(tmos.o)
                0x000000000000f3de                TMOS_ProcessRegister
 .text.TMOS_Init
                0x000000000000f3f4      0x12e E:\Project\tp78_v2\mounriver_project\KBD_CH582M\LIB\libCH58xBLE.a(tmos.o)
                0x000000000000f3f4                TMOS_Init
 .text.TMOS_ProcessEventRegister
                0x000000000000f522       0x3c E:\Project\tp78_v2\mounriver_project\KBD_CH582M\LIB\libCH58xBLE.a(tmos.o)
                0x000000000000f522                TMOS_ProcessEventRegister
 .text.BLE_LibInit
                0x000000000000f55e      0x174 E:\Project\tp78_v2\mounriver_project\KBD_CH582M\LIB\libCH58xBLE.a(tmos.o)
                0x000000000000f55e                BLE_LibInit
 .text.clockGetTickValve
                0x000000000000f6d2       0x70 E:\Project\tp78_v2\mounriver_project\KBD_CH582M\LIB\libCH58xBLE.a(tmos_hw.o)
 .text.ll_get_sca_divisor
                0x000000000000f742       0x40 E:\Project\tp78_v2\mounriver_project\KBD_CH582M\LIB\libCH58xBLE.a(tmos_hw.o)
                0x000000000000f742                ll_get_sca_divisor
 .text.ll_get_sca_own
                0x000000000000f782       0x46 E:\Project\tp78_v2\mounriver_project\KBD_CH582M\LIB\libCH58xBLE.a(tmos_hw.o)
                0x000000000000f782                ll_get_sca_own
 .text.ble_ll_common_rand8
                0x000000000000f7c8       0x24 E:\Project\tp78_v2\mounriver_project\KBD_CH582M\LIB\libCH58xBLE.a(tmos_hw.o)
                0x000000000000f7c8                ble_ll_common_rand8
 .text.ble_ll_common_rand16
                0x000000000000f7ec       0x24 E:\Project\tp78_v2\mounriver_project\KBD_CH582M\LIB\libCH58xBLE.a(tmos_hw.o)
                0x000000000000f7ec                ble_ll_common_rand16
 .text.ble_ll_common_rand32
                0x000000000000f810       0x20 E:\Project\tp78_v2\mounriver_project\KBD_CH582M\LIB\libCH58xBLE.a(tmos_hw.o)
                0x000000000000f810                ble_ll_common_rand32
 .text.TMOS_TempSample
                0x000000000000f830       0x62 E:\Project\tp78_v2\mounriver_project\KBD_CH582M\LIB\libCH58xBLE.a(tmos_hw.o)
                0x000000000000f830                TMOS_TempSample
 .text.TMOS_TimerInit
                0x000000000000f892       0xca E:\Project\tp78_v2\mounriver_project\KBD_CH582M\LIB\libCH58xBLE.a(tmos_hw.o)
                0x000000000000f892                TMOS_TimerInit
 .text.tmos_snv_init
                0x000000000000f95c       0xc0 E:\Project\tp78_v2\mounriver_project\KBD_CH582M\LIB\libCH58xBLE.a(tmos_snv.o)
                0x000000000000f95c                tmos_snv_init
 .text.tmos_snv_clear
                0x000000000000fa1c       0xb2 E:\Project\tp78_v2\mounriver_project\KBD_CH582M\LIB\libCH58xBLE.a(tmos_snv.o)
                0x000000000000fa1c                tmos_snv_clear
 .text.tmos_snv_read
                0x000000000000face      0x292 E:\Project\tp78_v2\mounriver_project\KBD_CH582M\LIB\libCH58xBLE.a(tmos_snv.o)
                0x000000000000face                tmos_snv_read
 .text.tmos_snv_notify
                0x000000000000fd60       0x5a E:\Project\tp78_v2\mounriver_project\KBD_CH582M\LIB\libCH58xBLE.a(tmos_snv.o)
                0x000000000000fd60                tmos_snv_notify
 .text.tmos_snv_write
                0x000000000000fdba      0x2ce E:\Project\tp78_v2\mounriver_project\KBD_CH582M\LIB\libCH58xBLE.a(tmos_snv.o)
                0x000000000000fdba                tmos_snv_write
 .text.tmos_snv_compact
                0x0000000000010088        0x4 E:\Project\tp78_v2\mounriver_project\KBD_CH582M\LIB\libCH58xBLE.a(tmos_snv.o)
                0x0000000000010088                tmos_snv_compact
 .text.disconnectNext
                0x000000000001008c       0x22 E:\Project\tp78_v2\mounriver_project\KBD_CH582M\LIB\libCH58xBLE.a(gap.o)
 .text.GAP_ParamInit
                0x00000000000100ae      0x14e E:\Project\tp78_v2\mounriver_project\KBD_CH582M\LIB\libCH58xBLE.a(gap.o)
                0x00000000000100ae                GAP_ParamInit
 .text.sendTerminateEvent
                0x00000000000101fc       0x58 E:\Project\tp78_v2\mounriver_project\KBD_CH582M\LIB\libCH58xBLE.a(gap.o)
                0x00000000000101fc                sendTerminateEvent
 .text.gapRegisterCentral
                0x0000000000010254        0x6 E:\Project\tp78_v2\mounriver_project\KBD_CH582M\LIB\libCH58xBLE.a(gap.o)
                0x0000000000010254                gapRegisterCentral
 .text.gapRegisterCentralConn
                0x000000000001025a        0x6 E:\Project\tp78_v2\mounriver_project\KBD_CH582M\LIB\libCH58xBLE.a(gap.o)
                0x000000000001025a                gapRegisterCentralConn
 .text.gapRegisterPeripheral
                0x0000000000010260        0x6 E:\Project\tp78_v2\mounriver_project\KBD_CH582M\LIB\libCH58xBLE.a(gap.o)
                0x0000000000010260                gapRegisterPeripheral
 .text.gapRegisterPeripheralConn
                0x0000000000010266        0x6 E:\Project\tp78_v2\mounriver_project\KBD_CH582M\LIB\libCH58xBLE.a(gap.o)
                0x0000000000010266                gapRegisterPeripheralConn
 .text.smGenerateRandBuf
                0x000000000001026c       0x56 E:\Project\tp78_v2\mounriver_project\KBD_CH582M\LIB\libCH58xBLE.a(gap.o)
                0x000000000001026c                smGenerateRandBuf
 .text.gapL2capConnParamUpdateReq
                0x00000000000102c2       0x36 E:\Project\tp78_v2\mounriver_project\KBD_CH582M\LIB\libCH58xBLE.a(gap.o)
                0x00000000000102c2                gapL2capConnParamUpdateReq
 .text.gapValidADType
                0x00000000000102f8       0x16 E:\Project\tp78_v2\mounriver_project\KBD_CH582M\LIB\libCH58xBLE.a(gap.o)
                0x00000000000102f8                gapValidADType
 .text.gapFindADType
                0x000000000001030e       0x94 E:\Project\tp78_v2\mounriver_project\KBD_CH582M\LIB\libCH58xBLE.a(gap.o)
                0x000000000001030e                gapFindADType
 .text.GAP_SecParamsInit
                0x00000000000103a2       0xae E:\Project\tp78_v2\mounriver_project\KBD_CH582M\LIB\libCH58xBLE.a(gap.o)
                0x00000000000103a2                GAP_SecParamsInit
 .text.GAP_ParamsInit
                0x0000000000010450       0x50 E:\Project\tp78_v2\mounriver_project\KBD_CH582M\LIB\libCH58xBLE.a(gap.o)
                0x0000000000010450                GAP_ParamsInit
 .text.gapAddAddrAdj
                0x00000000000104a0       0x48 E:\Project\tp78_v2\mounriver_project\KBD_CH582M\LIB\libCH58xBLE.a(gap.o)
                0x00000000000104a0                gapAddAddrAdj
 .text.gapDetermineAddrType
                0x00000000000104e8       0x28 E:\Project\tp78_v2\mounriver_project\KBD_CH582M\LIB\libCH58xBLE.a(gap.o)
                0x00000000000104e8                gapDetermineAddrType
 .text.gapFreeAuthLink
                0x0000000000010510       0x4a E:\Project\tp78_v2\mounriver_project\KBD_CH582M\LIB\libCH58xBLE.a(gap.o)
                0x0000000000010510                gapFreeAuthLink
 .text.gapGetDevAddress
                0x000000000001055a       0x24 E:\Project\tp78_v2\mounriver_project\KBD_CH582M\LIB\libCH58xBLE.a(gap.o)
                0x000000000001055a                gapGetDevAddress
 .text.gapGetDevAddressMode
                0x000000000001057e        0xa E:\Project\tp78_v2\mounriver_project\KBD_CH582M\LIB\libCH58xBLE.a(gap.o)
                0x000000000001057e                gapGetDevAddressMode
 .text.gapGetIRK
                0x0000000000010588        0xc E:\Project\tp78_v2\mounriver_project\KBD_CH582M\LIB\libCH58xBLE.a(gap.o)
                0x0000000000010588                gapGetIRK
 .text.gapGetSRK
                0x0000000000010594        0xc E:\Project\tp78_v2\mounriver_project\KBD_CH582M\LIB\libCH58xBLE.a(gap.o)
                0x0000000000010594                gapGetSRK
 .text.gapGetSignCounter
                0x00000000000105a0        0xe E:\Project\tp78_v2\mounriver_project\KBD_CH582M\LIB\libCH58xBLE.a(gap.o)
                0x00000000000105a0                gapGetSignCounter
 .text.gapIncSignCounter
                0x00000000000105ae       0x28 E:\Project\tp78_v2\mounriver_project\KBD_CH582M\LIB\libCH58xBLE.a(gap.o)
                0x00000000000105ae                gapIncSignCounter
 .text.gapProcessConnEvt
                0x00000000000105d6       0x48 E:\Project\tp78_v2\mounriver_project\KBD_CH582M\LIB\libCH58xBLE.a(gap.o)
                0x00000000000105d6                gapProcessConnEvt
 .text.gapProcessDisconnectCompleteEvt
                0x000000000001061e       0xaa E:\Project\tp78_v2\mounriver_project\KBD_CH582M\LIB\libCH58xBLE.a(gap.o)
                0x000000000001061e                gapProcessDisconnectCompleteEvt
 .text.sendAuthEvent
                0x00000000000106c8      0x120 E:\Project\tp78_v2\mounriver_project\KBD_CH582M\LIB\libCH58xBLE.a(gap.o)
                0x00000000000106c8                sendAuthEvent
 .text.gapSendBondCompleteEvent
                0x00000000000107e8       0x74 E:\Project\tp78_v2\mounriver_project\KBD_CH582M\LIB\libCH58xBLE.a(gap.o)
                0x00000000000107e8                gapSendBondCompleteEvent
 .text.gapSendPairingReqEvent
                0x000000000001085c       0x96 E:\Project\tp78_v2\mounriver_project\KBD_CH582M\LIB\libCH58xBLE.a(gap.o)
                0x000000000001085c                gapSendPairingReqEvent
 .text.gapSendSlaveSecurityReqEvent
                0x00000000000108f2       0x68 E:\Project\tp78_v2\mounriver_project\KBD_CH582M\LIB\libCH58xBLE.a(gap.o)
                0x00000000000108f2                gapSendSlaveSecurityReqEvent
 .text.gapSendDeviceInitDoneEvent
                0x000000000001095a       0x88 E:\Project\tp78_v2\mounriver_project\KBD_CH582M\LIB\libCH58xBLE.a(gap.o)
                0x000000000001095a                gapSendDeviceInitDoneEvent
 .text.gapSendLinkUpdateEvent
                0x00000000000109e2       0xb2 E:\Project\tp78_v2\mounriver_project\KBD_CH582M\LIB\libCH58xBLE.a(gap.o)
                0x00000000000109e2                gapSendLinkUpdateEvent
 .text.gapSendPhyUpdateEvent
                0x0000000000010a94       0x58 E:\Project\tp78_v2\mounriver_project\KBD_CH582M\LIB\libCH58xBLE.a(gap.o)
                0x0000000000010a94                gapSendPhyUpdateEvent
 .text.gapSendEstLinkEvent
                0x0000000000010aec       0xbc E:\Project\tp78_v2\mounriver_project\KBD_CH582M\LIB\libCH58xBLE.a(gap.o)
                0x0000000000010aec                gapSendEstLinkEvent
 .text.gapProcessNewAddr
                0x0000000000010ba8       0x3e E:\Project\tp78_v2\mounriver_project\KBD_CH582M\LIB\libCH58xBLE.a(gap.o)
                0x0000000000010ba8                gapProcessNewAddr
 .text.gapProcessRandomAddrComplete
                0x0000000000010be6       0xb6 E:\Project\tp78_v2\mounriver_project\KBD_CH582M\LIB\libCH58xBLE.a(gap.o)
                0x0000000000010be6                gapProcessRandomAddrComplete
 .text.GAP_Authenticate
                0x0000000000010c9c       0xde E:\Project\tp78_v2\mounriver_project\KBD_CH582M\LIB\libCH58xBLE.a(gap.o)
                0x0000000000010c9c                GAP_Authenticate
 .text.GAP_Bond
                0x0000000000010d7a       0xaa E:\Project\tp78_v2\mounriver_project\KBD_CH582M\LIB\libCH58xBLE.a(gap.o)
                0x0000000000010d7a                GAP_Bond
 .text.GAP_GetParamValue
                0x0000000000010e24       0x20 E:\Project\tp78_v2\mounriver_project\KBD_CH582M\LIB\libCH58xBLE.a(gap.o)
                0x0000000000010e24                GAP_GetParamValue
 .text.GAP_PasscodeUpdate
                0x0000000000010e44       0x54 E:\Project\tp78_v2\mounriver_project\KBD_CH582M\LIB\libCH58xBLE.a(gap.o)
                0x0000000000010e44                GAP_PasscodeUpdate
 .text.GAP_RegisterForMsgs
                0x0000000000010e98        0xa E:\Project\tp78_v2\mounriver_project\KBD_CH582M\LIB\libCH58xBLE.a(gap.o)
                0x0000000000010e98                GAP_RegisterForMsgs
 .text.GAP_ResolvePrivateAddr
                0x0000000000010ea2        0x4 E:\Project\tp78_v2\mounriver_project\KBD_CH582M\LIB\libCH58xBLE.a(gap.o)
                0x0000000000010ea2                GAP_ResolvePrivateAddr
 .text.gapPairingCompleteCB
                0x0000000000010ea6      0x18c E:\Project\tp78_v2\mounriver_project\KBD_CH582M\LIB\libCH58xBLE.a(gap.o)
                0x0000000000010ea6                gapPairingCompleteCB
 .text.gapPasskeyNeededCB
                0x0000000000011032       0x8e E:\Project\tp78_v2\mounriver_project\KBD_CH582M\LIB\libCH58xBLE.a(gap.o)
                0x0000000000011032                gapPasskeyNeededCB
 .text.gapOobNeededCB
                0x00000000000110c0       0xa6 E:\Project\tp78_v2\mounriver_project\KBD_CH582M\LIB\libCH58xBLE.a(gap.o)
                0x00000000000110c0                gapOobNeededCB
 .text.gapFreeEstLink
                0x0000000000011166       0x20 E:\Project\tp78_v2\mounriver_project\KBD_CH582M\LIB\libCH58xBLE.a(gap.o)
                0x0000000000011166                gapFreeEstLink
 .text.gapUpdateConnSignCounter
                0x0000000000011186       0x7a E:\Project\tp78_v2\mounriver_project\KBD_CH582M\LIB\libCH58xBLE.a(gap.o)
                0x0000000000011186                gapUpdateConnSignCounter
 .text.GAP_SendSlaveSecurityRequest
                0x0000000000011200       0x4a E:\Project\tp78_v2\mounriver_project\KBD_CH582M\LIB\libCH58xBLE.a(gap.o)
                0x0000000000011200                GAP_SendSlaveSecurityRequest
 .text.GAP_Signable
                0x000000000001124a       0x6a E:\Project\tp78_v2\mounriver_project\KBD_CH582M\LIB\libCH58xBLE.a(gap.o)
                0x000000000001124a                GAP_Signable
 .text.GAP_TerminateAuth
                0x00000000000112b4       0x2a E:\Project\tp78_v2\mounriver_project\KBD_CH582M\LIB\libCH58xBLE.a(gap.o)
                0x00000000000112b4                GAP_TerminateAuth
 .text.GAP_NumActiveConnections
                0x00000000000112de        0x4 E:\Project\tp78_v2\mounriver_project\KBD_CH582M\LIB\libCH58xBLE.a(gap.o)
                0x00000000000112de                GAP_NumActiveConnections
 .text.GAP_TerminateLinkReq
                0x00000000000112e2       0x8e E:\Project\tp78_v2\mounriver_project\KBD_CH582M\LIB\libCH58xBLE.a(gap.o)
                0x00000000000112e2                GAP_TerminateLinkReq
 .text.GAP_SetParamValue
                0x0000000000011370       0x68 E:\Project\tp78_v2\mounriver_project\KBD_CH582M\LIB\libCH58xBLE.a(gap.o)
                0x0000000000011370                GAP_SetParamValue
 .text.GAP_Init
                0x00000000000113d8       0x48 E:\Project\tp78_v2\mounriver_project\KBD_CH582M\LIB\libCH58xBLE.a(gap.o)
                0x00000000000113d8                GAP_Init
 .text.GAP_ProcessEvent
                0x0000000000011420      0x664 E:\Project\tp78_v2\mounriver_project\KBD_CH582M\LIB\libCH58xBLE.a(gap.o)
                0x0000000000011420                GAP_ProcessEvent
 .text.gapSendScanEnable
                0x0000000000011a84       0x3a E:\Project\tp78_v2\mounriver_project\KBD_CH582M\LIB\libCH58xBLE.a(gap_central.o)
 .text.gapCentProcessConnEvt
                0x0000000000011abe      0x15c E:\Project\tp78_v2\mounriver_project\KBD_CH582M\LIB\libCH58xBLE.a(gap_central.o)
                0x0000000000011abe                gapCentProcessConnEvt
 .text.gapProcessScanningPeriodicAdvEvt
                0x0000000000011c1a       0xa0 E:\Project\tp78_v2\mounriver_project\KBD_CH582M\LIB\libCH58xBLE.a(gap_central.o)
                0x0000000000011c1a                gapProcessScanningPeriodicAdvEvt
 .text.gapCancelLinkReq
                0x0000000000011cba       0x38 E:\Project\tp78_v2\mounriver_project\KBD_CH582M\LIB\libCH58xBLE.a(gap_central.o)
                0x0000000000011cba                gapCancelLinkReq
 .text.gapProcessAdvertDevInfo
                0x0000000000011cf2      0x242 E:\Project\tp78_v2\mounriver_project\KBD_CH582M\LIB\libCH58xBLE.a(gap_central.o)
                0x0000000000011cf2                gapProcessAdvertDevInfo
 .text.gapProcessExtAdvertDevInfo
                0x0000000000011f34      0x260 E:\Project\tp78_v2\mounriver_project\KBD_CH582M\LIB\libCH58xBLE.a(gap_central.o)
                0x0000000000011f34                gapProcessExtAdvertDevInfo
 .text.gapProcessPeriodicAdvertisingSyncEstablishedEvt
                0x0000000000012194       0xae E:\Project\tp78_v2\mounriver_project\KBD_CH582M\LIB\libCH58xBLE.a(gap_central.o)
                0x0000000000012194                gapProcessPeriodicAdvertisingSyncEstablishedEvt
 .text.gapProcessPeriodicAdvertisingSyncLostEvt
                0x0000000000012242       0x56 E:\Project\tp78_v2\mounriver_project\KBD_CH582M\LIB\libCH58xBLE.a(gap_central.o)
                0x0000000000012242                gapProcessPeriodicAdvertisingSyncLostEvt
 .text.gapFreeScanRecs
                0x0000000000012298       0xa6 E:\Project\tp78_v2\mounriver_project\KBD_CH582M\LIB\libCH58xBLE.a(gap_central.o)
                0x0000000000012298                gapFreeScanRecs
 .text.gapSendDevDiscEvent
                0x000000000001233e      0x126 E:\Project\tp78_v2\mounriver_project\KBD_CH582M\LIB\libCH58xBLE.a(gap_central.o)
                0x000000000001233e                gapSendDevDiscEvent
 .text.gapSetScanParamStatus
                0x0000000000012464       0x58 E:\Project\tp78_v2\mounriver_project\KBD_CH582M\LIB\libCH58xBLE.a(gap_central.o)
 .text.gapCentProcessHCICmdEvt
                0x00000000000124bc       0x3e E:\Project\tp78_v2\mounriver_project\KBD_CH582M\LIB\libCH58xBLE.a(gap_central.o)
                0x00000000000124bc                gapCentProcessHCICmdEvt
 .text.gapProcessScanningEvt
                0x00000000000124fa      0x110 E:\Project\tp78_v2\mounriver_project\KBD_CH582M\LIB\libCH58xBLE.a(gap_central.o)
                0x00000000000124fa                gapProcessScanningEvt
 .text.gapProcessScanningDirectEvt
                0x000000000001260a       0xfe E:\Project\tp78_v2\mounriver_project\KBD_CH582M\LIB\libCH58xBLE.a(gap_central.o)
                0x000000000001260a                gapProcessScanningDirectEvt
 .text.gapProcessScanningExtAdvEvt
                0x0000000000012708      0x26a E:\Project\tp78_v2\mounriver_project\KBD_CH582M\LIB\libCH58xBLE.a(gap_central.o)
                0x0000000000012708                gapProcessScanningExtAdvEvt
 .text.GAP_CentConnRegister
                0x0000000000012972       0x1a E:\Project\tp78_v2\mounriver_project\KBD_CH582M\LIB\libCH58xBLE.a(gap_central.o)
                0x0000000000012972                GAP_CentConnRegister
 .text.GAP_CentralParamInit
                0x000000000001298c       0x6e E:\Project\tp78_v2\mounriver_project\KBD_CH582M\LIB\libCH58xBLE.a(gap_central.o)
                0x000000000001298c                GAP_CentralParamInit
 .text.GAP_CentDevMgrInit
                0x00000000000129fa       0x9c E:\Project\tp78_v2\mounriver_project\KBD_CH582M\LIB\libCH58xBLE.a(gap_central.o)
                0x00000000000129fa                GAP_CentDevMgrInit
 .text.gapFreeAdvertState
                0x0000000000012a96       0x20 E:\Project\tp78_v2\mounriver_project\KBD_CH582M\LIB\libCH58xBLE.a(gap_peripheral.o)
 .text.gapSetPeriodicAdvParams
                0x0000000000012ab6       0x30 E:\Project\tp78_v2\mounriver_project\KBD_CH582M\LIB\libCH58xBLE.a(gap_peripheral.o)
 .text.gapSetAdvParams
                0x0000000000012ae6       0xfc E:\Project\tp78_v2\mounriver_project\KBD_CH582M\LIB\libCH58xBLE.a(gap_peripheral.o)
 .text.gapPeriProcessConnEvt
                0x0000000000012be2       0xd0 E:\Project\tp78_v2\mounriver_project\KBD_CH582M\LIB\libCH58xBLE.a(gap_peripheral.o)
 .text.gapWriteAdvDataStatus
                0x0000000000012cb2       0x88 E:\Project\tp78_v2\mounriver_project\KBD_CH582M\LIB\libCH58xBLE.a(gap_peripheral.o)
 .text.GAP_MakeDiscoverable
                0x0000000000012d3a      0x174 E:\Project\tp78_v2\mounriver_project\KBD_CH582M\LIB\libCH58xBLE.a(gap_peripheral.o)
                0x0000000000012d3a                GAP_MakeDiscoverable
 .text.GAP_EndDiscoverable
                0x0000000000012eae       0x66 E:\Project\tp78_v2\mounriver_project\KBD_CH582M\LIB\libCH58xBLE.a(gap_peripheral.o)
                0x0000000000012eae                GAP_EndDiscoverable
 .text.gapProcessAdvertisingEvt
                0x0000000000012f14      0x118 E:\Project\tp78_v2\mounriver_project\KBD_CH582M\LIB\libCH58xBLE.a(gap_peripheral.o)
 .text.GAP_MakePeriodic
                0x000000000001302c       0x26 E:\Project\tp78_v2\mounriver_project\KBD_CH582M\LIB\libCH58xBLE.a(gap_peripheral.o)
                0x000000000001302c                GAP_MakePeriodic
 .text.GAP_EndPeriodic
                0x0000000000013052        0xc E:\Project\tp78_v2\mounriver_project\KBD_CH582M\LIB\libCH58xBLE.a(gap_peripheral.o)
                0x0000000000013052                GAP_EndPeriodic
 .text.GAP_SetAdvertisingAdvData
                0x000000000001305e      0x102 E:\Project\tp78_v2\mounriver_project\KBD_CH582M\LIB\libCH58xBLE.a(gap_peripheral.o)
                0x000000000001305e                GAP_SetAdvertisingAdvData
 .text.GAP_SetAdvertisingRspData
                0x0000000000013160      0x102 E:\Project\tp78_v2\mounriver_project\KBD_CH582M\LIB\libCH58xBLE.a(gap_peripheral.o)
                0x0000000000013160                GAP_SetAdvertisingRspData
 .text.GAP_SetPeriodicAdvertisingData
                0x0000000000013262       0xc6 E:\Project\tp78_v2\mounriver_project\KBD_CH582M\LIB\libCH58xBLE.a(gap_peripheral.o)
                0x0000000000013262                GAP_SetPeriodicAdvertisingData
 .text.GAP_GetAdvertisingAdvData
                0x0000000000013328       0x26 E:\Project\tp78_v2\mounriver_project\KBD_CH582M\LIB\libCH58xBLE.a(gap_peripheral.o)
                0x0000000000013328                GAP_GetAdvertisingAdvData
 .text.GAP_GetAdvertisingRspData
                0x000000000001334e       0x34 E:\Project\tp78_v2\mounriver_project\KBD_CH582M\LIB\libCH58xBLE.a(gap_peripheral.o)
                0x000000000001334e                GAP_GetAdvertisingRspData
 .text.GAP_GetPeriodicAdvertisingData
                0x0000000000013382       0x34 E:\Project\tp78_v2\mounriver_project\KBD_CH582M\LIB\libCH58xBLE.a(gap_peripheral.o)
                0x0000000000013382                GAP_GetPeriodicAdvertisingData
 .text.GAP_ConfigDeviceAddr
                0x00000000000133b6      0x124 E:\Project\tp78_v2\mounriver_project\KBD_CH582M\LIB\libCH58xBLE.a(gap_peripheral.o)
                0x00000000000133b6                GAP_ConfigDeviceAddr
 .text.GAP_PeriConnRegister
                0x00000000000134da       0x2e E:\Project\tp78_v2\mounriver_project\KBD_CH582M\LIB\libCH58xBLE.a(gap_peripheral.o)
                0x00000000000134da                GAP_PeriConnRegister
 .text.GAP_PeripheralParamInit
                0x0000000000013508       0x5e E:\Project\tp78_v2\mounriver_project\KBD_CH582M\LIB\libCH58xBLE.a(gap_peripheral.o)
                0x0000000000013508                GAP_PeripheralParamInit
 .text.gapSendMakeDiscEvent
                0x0000000000013566       0x50 E:\Project\tp78_v2\mounriver_project\KBD_CH582M\LIB\libCH58xBLE.a(gap_peripheral.o)
                0x0000000000013566                gapSendMakeDiscEvent
 .text.gapWriteAdvEnableStatus
                0x00000000000135b6      0x110 E:\Project\tp78_v2\mounriver_project\KBD_CH582M\LIB\libCH58xBLE.a(gap_peripheral.o)
 .text.gapSendMakePeriodicEvent
                0x00000000000136c6       0x3a E:\Project\tp78_v2\mounriver_project\KBD_CH582M\LIB\libCH58xBLE.a(gap_peripheral.o)
                0x00000000000136c6                gapSendMakePeriodicEvent
 .text.gapPeriProcessHCICmdCompleteEvt
                0x0000000000013700      0x18e E:\Project\tp78_v2\mounriver_project\KBD_CH582M\LIB\libCH58xBLE.a(gap_peripheral.o)
 .text.GAP_PeriDevMgrInit
                0x000000000001388e       0x2e E:\Project\tp78_v2\mounriver_project\KBD_CH582M\LIB\libCH58xBLE.a(gap_peripheral.o)
                0x000000000001388e                GAP_PeriDevMgrInit
 .text.ggs_SetAttrWPermit
                0x00000000000138bc       0x68 E:\Project\tp78_v2\mounriver_project\KBD_CH582M\LIB\libCH58xBLE.a(gapgattserver.o)
 .text.ggs_ReadAttrCB
                0x0000000000013924      0x156 E:\Project\tp78_v2\mounriver_project\KBD_CH582M\LIB\libCH58xBLE.a(gapgattserver.o)
 .text.ggs_WriteAttrCB
                0x0000000000013a7a      0x15c E:\Project\tp78_v2\mounriver_project\KBD_CH582M\LIB\libCH58xBLE.a(gapgattserver.o)
 .text.GGS_ParamInit
                0x0000000000013bd6      0x23a E:\Project\tp78_v2\mounriver_project\KBD_CH582M\LIB\libCH58xBLE.a(gapgattserver.o)
                0x0000000000013bd6                GGS_ParamInit
 .text.GGS_SetParameter
                0x0000000000013e10       0xe2 E:\Project\tp78_v2\mounriver_project\KBD_CH582M\LIB\libCH58xBLE.a(gapgattserver.o)
                0x0000000000013e10                GGS_SetParameter
 .text.GGS_AddService
                0x0000000000013ef2       0x2c E:\Project\tp78_v2\mounriver_project\KBD_CH582M\LIB\libCH58xBLE.a(gapgattserver.o)
                0x0000000000013ef2                GGS_AddService
 .text.GAP_DeviceInit
                0x0000000000013f1e       0xd8 E:\Project\tp78_v2\mounriver_project\KBD_CH582M\LIB\libCH58xBLE.a(gapgattserver.o)
                0x0000000000013f1e                GAP_DeviceInit
 .text.gattGetPayload
                0x0000000000013ff6       0x7e E:\Project\tp78_v2\mounriver_project\KBD_CH582M\LIB\libCH58xBLE.a(gatt.o)
                0x0000000000013ff6                gattGetPayload
 .text.gattNotifyEvent
                0x0000000000014074       0x84 E:\Project\tp78_v2\mounriver_project\KBD_CH582M\LIB\libCH58xBLE.a(gatt.o)
                0x0000000000014074                gattNotifyEvent
 .text.gattSendFlowCtrlEvt
                0x00000000000140f8       0x52 E:\Project\tp78_v2\mounriver_project\KBD_CH582M\LIB\libCH58xBLE.a(gatt.o)
                0x00000000000140f8                gattSendFlowCtrlEvt
 .text.gattStartTimer
                0x000000000001414a        0xc E:\Project\tp78_v2\mounriver_project\KBD_CH582M\LIB\libCH58xBLE.a(gatt.o)
                0x000000000001414a                gattStartTimer
 .text.gattStopTimer
                0x0000000000014156       0x32 E:\Project\tp78_v2\mounriver_project\KBD_CH582M\LIB\libCH58xBLE.a(gatt.o)
                0x0000000000014156                gattStopTimer
 .text.GATT_AppCompletedMsg
                0x0000000000014188       0x30 E:\Project\tp78_v2\mounriver_project\KBD_CH582M\LIB\libCH58xBLE.a(gatt.o)
                0x0000000000014188                GATT_AppCompletedMsg
 .text.GATT_NotifyEvent
                0x00000000000141b8       0x56 E:\Project\tp78_v2\mounriver_project\KBD_CH582M\LIB\libCH58xBLE.a(gatt.o)
                0x00000000000141b8                GATT_NotifyEvent
 .text.gattRegisterServer
                0x000000000001420e        0x6 E:\Project\tp78_v2\mounriver_project\KBD_CH582M\LIB\libCH58xBLE.a(gatt.o)
                0x000000000001420e                gattRegisterServer
 .text.GATT_UpdateMTU
                0x0000000000014214       0x5a E:\Project\tp78_v2\mounriver_project\KBD_CH582M\LIB\libCH58xBLE.a(gatt.o)
                0x0000000000014214                GATT_UpdateMTU
 .text.GATT_bm_alloc
                0x000000000001426e       0xe8 E:\Project\tp78_v2\mounriver_project\KBD_CH582M\LIB\libCH58xBLE.a(gatt.o)
                0x000000000001426e                GATT_bm_alloc
 .text.GATT_ServiceChangedInd
                0x0000000000014356       0x94 E:\Project\tp78_v2\mounriver_project\KBD_CH582M\LIB\libCH58xBLE.a(gatt.o)
                0x0000000000014356                GATT_ServiceChangedInd
 .text.GATT_bm_free
                0x00000000000143ea       0x1c E:\Project\tp78_v2\mounriver_project\KBD_CH582M\LIB\libCH58xBLE.a(gatt.o)
                0x00000000000143ea                GATT_bm_free
 .text.GATT_Init
                0x0000000000014406       0x2a E:\Project\tp78_v2\mounriver_project\KBD_CH582M\LIB\libCH58xBLE.a(gatt.o)
                0x0000000000014406                GATT_Init
 .text.GATT_ProcessEvent
                0x0000000000014430      0x13a E:\Project\tp78_v2\mounriver_project\KBD_CH582M\LIB\libCH58xBLE.a(gatt.o)
                0x0000000000014430                GATT_ProcessEvent
 .text.gattProcessExchangeMTUReq
                0x000000000001456a        0x4 E:\Project\tp78_v2\mounriver_project\KBD_CH582M\LIB\libCH58xBLE.a(gattservapp.o)
 .text.gattServApp_FindCharCfgItem
                0x000000000001456e       0x24 E:\Project\tp78_v2\mounriver_project\KBD_CH582M\LIB\libCH58xBLE.a(gattservapp.o)
 .text.gattServerHandleTimerCB
                0x0000000000014592       0x3c E:\Project\tp78_v2\mounriver_project\KBD_CH582M\LIB\libCH58xBLE.a(gattservapp.o)
 .text.GATTServApp_InitCharCfg.part.12
                0x00000000000145ce       0x20 E:\Project\tp78_v2\mounriver_project\KBD_CH582M\LIB\libCH58xBLE.a(gattservapp.o)
 .text.gattProcessExecuteWriteReq
                0x00000000000145ee        0x4 E:\Project\tp78_v2\mounriver_project\KBD_CH582M\LIB\libCH58xBLE.a(gattservapp.o)
 .text.GATTServApp_ParamInit
                0x00000000000145f2       0xd6 E:\Project\tp78_v2\mounriver_project\KBD_CH582M\LIB\libCH58xBLE.a(gattservapp.o)
                0x00000000000145f2                GATTServApp_ParamInit
 .text.GATTServApp_ReadCharCfg
                0x00000000000146c8       0x18 E:\Project\tp78_v2\mounriver_project\KBD_CH582M\LIB\libCH58xBLE.a(gattservapp.o)
                0x00000000000146c8                GATTServApp_ReadCharCfg
 .text.GATTServApp_WriteCharCfg
                0x00000000000146e0       0x3c E:\Project\tp78_v2\mounriver_project\KBD_CH582M\LIB\libCH58xBLE.a(gattservapp.o)
                0x00000000000146e0                GATTServApp_WriteCharCfg
 .text.GATTServApp_ProcessCCCWriteReq
                0x000000000001471c       0x60 E:\Project\tp78_v2\mounriver_project\KBD_CH582M\LIB\libCH58xBLE.a(gattservapp.o)
                0x000000000001471c                GATTServApp_ProcessCCCWriteReq
 .text.gattServApp_WriteAttrCB
                0x000000000001477c       0x34 E:\Project\tp78_v2\mounriver_project\KBD_CH582M\LIB\libCH58xBLE.a(gattservapp.o)
                0x000000000001477c                gattServApp_WriteAttrCB
 .text.GATTServApp_SendCCCUpdatedEvent
                0x00000000000147b0       0x5e E:\Project\tp78_v2\mounriver_project\KBD_CH582M\LIB\libCH58xBLE.a(gattservapp.o)
                0x00000000000147b0                GATTServApp_SendCCCUpdatedEvent
 .text.GATTServApp_SendServiceChangedInd
                0x000000000001480e       0x36 E:\Project\tp78_v2\mounriver_project\KBD_CH582M\LIB\libCH58xBLE.a(gattservapp.o)
                0x000000000001480e                GATTServApp_SendServiceChangedInd
 .text.gattServApp_ClearPrepareWriteQ
                0x0000000000014844       0x50 E:\Project\tp78_v2\mounriver_project\KBD_CH582M\LIB\libCH58xBLE.a(gattservapp.o)
                0x0000000000014844                gattServApp_ClearPrepareWriteQ
 .text.gattServApp_FindPrepareWriteQ
                0x0000000000014894       0x30 E:\Project\tp78_v2\mounriver_project\KBD_CH582M\LIB\libCH58xBLE.a(gattservapp.o)
                0x0000000000014894                gattServApp_FindPrepareWriteQ
 .text.gattServApp_FindServiceCBs
                0x00000000000148c4       0x18 E:\Project\tp78_v2\mounriver_project\KBD_CH582M\LIB\libCH58xBLE.a(gattservapp.o)
                0x00000000000148c4                gattServApp_FindServiceCBs
 .text.gattServApp_FindAuthorizeAttrCB
                0x00000000000148dc       0x16 E:\Project\tp78_v2\mounriver_project\KBD_CH582M\LIB\libCH58xBLE.a(gattservapp.o)
                0x00000000000148dc                gattServApp_FindAuthorizeAttrCB
 .text.gattServApp_IsWriteLong
                0x00000000000148f2       0xea E:\Project\tp78_v2\mounriver_project\KBD_CH582M\LIB\libCH58xBLE.a(gattservapp.o)
                0x00000000000148f2                gattServApp_IsWriteLong
 .text.gattFindService
                0x00000000000149dc       0x1c E:\Project\tp78_v2\mounriver_project\KBD_CH582M\LIB\libCH58xBLE.a(gattservapp.o)
                0x00000000000149dc                gattFindService
 .text.GATT_ServiceNumAttrs
                0x00000000000149f8       0x18 E:\Project\tp78_v2\mounriver_project\KBD_CH582M\LIB\libCH58xBLE.a(gattservapp.o)
                0x00000000000149f8                GATT_ServiceNumAttrs
 .text.GATT_ServiceEncKeySize
                0x0000000000014a10       0x18 E:\Project\tp78_v2\mounriver_project\KBD_CH582M\LIB\libCH58xBLE.a(gattservapp.o)
                0x0000000000014a10                GATT_ServiceEncKeySize
 .text.GATT_VerifyWritePermissions.part.7
                0x0000000000014a28       0x2e E:\Project\tp78_v2\mounriver_project\KBD_CH582M\LIB\libCH58xBLE.a(gattservapp.o)
 .text.gattResetServerInfo
                0x0000000000014a56       0x1c E:\Project\tp78_v2\mounriver_project\KBD_CH582M\LIB\libCH58xBLE.a(gattservapp.o)
                0x0000000000014a56                gattResetServerInfo
 .text.gattFindServerInfo
                0x0000000000014a72       0x2c E:\Project\tp78_v2\mounriver_project\KBD_CH582M\LIB\libCH58xBLE.a(gattservapp.o)
                0x0000000000014a72                gattFindServerInfo
 .text.gattServerHandleConnStatusCB
                0x0000000000014a9e       0x98 E:\Project\tp78_v2\mounriver_project\KBD_CH582M\LIB\libCH58xBLE.a(gattservapp.o)
                0x0000000000014a9e                gattServerHandleConnStatusCB
 .text.gattServerProcessMsgCB
                0x0000000000014b36      0x1c0 E:\Project\tp78_v2\mounriver_project\KBD_CH582M\LIB\libCH58xBLE.a(gattservapp.o)
                0x0000000000014b36                gattServerProcessMsgCB
 .text.gattServerNotifyTxCB
                0x0000000000014cf6       0x28 E:\Project\tp78_v2\mounriver_project\KBD_CH582M\LIB\libCH58xBLE.a(gattservapp.o)
 .text.GATT_FindHandle
                0x0000000000014d1e       0x4a E:\Project\tp78_v2\mounriver_project\KBD_CH582M\LIB\libCH58xBLE.a(gattservapp.o)
                0x0000000000014d1e                GATT_FindHandle
 .text.GATTServApp_WriteAttr
                0x0000000000014d68       0xa8 E:\Project\tp78_v2\mounriver_project\KBD_CH582M\LIB\libCH58xBLE.a(gattservapp.o)
                0x0000000000014d68                GATTServApp_WriteAttr
 .text.gattServApp_ProcessExecuteWriteReq
                0x0000000000014e10      0x100 E:\Project\tp78_v2\mounriver_project\KBD_CH582M\LIB\libCH58xBLE.a(gattservapp.o)
                0x0000000000014e10                gattServApp_ProcessExecuteWriteReq
 .text.GATTServApp_UpdateCharCfg
                0x0000000000014f10       0x1e E:\Project\tp78_v2\mounriver_project\KBD_CH582M\LIB\libCH58xBLE.a(gattservapp.o)
                0x0000000000014f10                GATTServApp_UpdateCharCfg
 .text.gattServApp_ProcessPrepareWriteReq
                0x0000000000014f2e      0x10e E:\Project\tp78_v2\mounriver_project\KBD_CH582M\LIB\libCH58xBLE.a(gattservapp.o)
                0x0000000000014f2e                gattServApp_ProcessPrepareWriteReq
 .text.gattServApp_ProcessWriteReq
                0x000000000001503c       0xb0 E:\Project\tp78_v2\mounriver_project\KBD_CH582M\LIB\libCH58xBLE.a(gattservapp.o)
                0x000000000001503c                gattServApp_ProcessWriteReq
 .text.GATT_Indication
                0x00000000000150ec       0xa4 E:\Project\tp78_v2\mounriver_project\KBD_CH582M\LIB\libCH58xBLE.a(gattservapp.o)
                0x00000000000150ec                GATT_Indication
 .text.GATT_FindHandleUUID