Archive member included to satisfy reference by file (symbol)

E:\Project\tp78_v2\mounriver_project\KEYBOARD_CH582M\StdPeriphDriver\libISP583.a(ISP583.o)
                              ./StdPeriphDriver/CH58x_flash.o (FLASH_EEPROM_CMD)
E:\Project\tp78_v2\mounriver_project\KEYBOARD_CH582M\LIB\libTP78_TPM.a(PS2.o)
                              ./HAL/MCU.o (PS2_En_Data_Report)
E:\Project\tp78_v2\mounriver_project\KEYBOARD_CH582M\LIB\libTP78_TPM.a(TPM_LIB.o)
                              ./HAL/MCU.o (TPM_init)
E:\Project\tp78_v2\mounriver_project\KEYBOARD_CH582M\LIB\libTP78_MPR121.a(TP78_MPR121_LIB.o)
                              ./HAL/MPR121.o (MPR121_lib_init)
E:\Project\tp78_v2\mounriver_project\KEYBOARD_CH582M\LIB\libCH58xBLE.a(message.o)
                              ./Profile/hiddev.o (tmos_msg_deallocate)
E:\Project\tp78_v2\mounriver_project\KEYBOARD_CH582M\LIB\libCH58xBLE.a(tmos.o)
                              E:\Project\tp78_v2\mounriver_project\KEYBOARD_CH582M\LIB\libCH58xBLE.a(message.o) (gTmosPara)
E:\Project\tp78_v2\mounriver_project\KEYBOARD_CH582M\LIB\libCH58xBLE.a(tmos_hw.o)
                              E:\Project\tp78_v2\mounriver_project\KEYBOARD_CH582M\LIB\libCH58xBLE.a(tmos.o) (fnGetClockCBs)
E:\Project\tp78_v2\mounriver_project\KEYBOARD_CH582M\LIB\libCH58xBLE.a(tmos_snv.o)
                              E:\Project\tp78_v2\mounriver_project\KEYBOARD_CH582M\LIB\libCH58xBLE.a(tmos.o) (tmos_snv_init)
E:\Project\tp78_v2\mounriver_project\KEYBOARD_CH582M\LIB\libCH58xBLE.a(gap.o)
                              ./Profile/hiddev.o (GAP_SetParamValue)
E:\Project\tp78_v2\mounriver_project\KEYBOARD_CH582M\LIB\libCH58xBLE.a(gap_central.o)
                              E:\Project\tp78_v2\mounriver_project\KEYBOARD_CH582M\LIB\libCH58xBLE.a(gap.o) (gapProcessPeriodicAdvertisingSyncEstablishedEvt)
E:\Project\tp78_v2\mounriver_project\KEYBOARD_CH582M\LIB\libCH58xBLE.a(gap_peripheral.o)
                              E:\Project\tp78_v2\mounriver_project\KEYBOARD_CH582M\LIB\libCH58xBLE.a(gap.o) (GAP_PeripheralParamInit)
E:\Project\tp78_v2\mounriver_project\KEYBOARD_CH582M\LIB\libCH58xBLE.a(gapgattserver.o)
                              ./HAL/BLE.o (GGS_SetParameter)
E:\Project\tp78_v2\mounriver_project\KEYBOARD_CH582M\LIB\libCH58xBLE.a(gatt.o)
                              ./Profile/battservice.o (GATT_bm_alloc)
E:\Project\tp78_v2\mounriver_project\KEYBOARD_CH582M\LIB\libCH58xBLE.a(gatt_uuid.o)
                              ./Profile/battservice.o (reportRefUUID)
E:\Project\tp78_v2\mounriver_project\KEYBOARD_CH582M\LIB\libCH58xBLE.a(gattclientapp.o)
                              E:\Project\tp78_v2\mounriver_project\KEYBOARD_CH582M\LIB\libCH58xBLE.a(gatt.o) (gattGetClientStatus)
E:\Project\tp78_v2\mounriver_project\KEYBOARD_CH582M\LIB\libCH58xBLE.a(gattservapp.o)
                              ./Profile/battservice.o (GATTServApp_ReadCharCfg)
E:\Project\tp78_v2\mounriver_project\KEYBOARD_CH582M\LIB\libCH58xBLE.a(l2cap.o)
                              E:\Project\tp78_v2\mounriver_project\KEYBOARD_CH582M\LIB\libCH58xBLE.a(gatt.o) (L2CAP_GetMTU)
E:\Project\tp78_v2\mounriver_project\KEYBOARD_CH582M\LIB\libCH58xBLE.a(l2cap_input.o)
                              E:\Project\tp78_v2\mounriver_project\KEYBOARD_CH582M\LIB\libCH58xBLE.a(l2cap.o) (l2capProcessRxData)
E:\Project\tp78_v2\mounriver_project\KEYBOARD_CH582M\LIB\libCH58xBLE.a(l2cap_output.o)
                              E:\Project\tp78_v2\mounriver_project\KEYBOARD_CH582M\LIB\libCH58xBLE.a(l2cap_input.o) (l2capNotifyData)
E:\Project\tp78_v2\mounriver_project\KEYBOARD_CH582M\LIB\libCH58xBLE.a(l2cap_sdu.o)
                              E:\Project\tp78_v2\mounriver_project\KEYBOARD_CH582M\LIB\libCH58xBLE.a(l2cap_input.o) (l2capBuildDisconnectRsp)
E:\Project\tp78_v2\mounriver_project\KEYBOARD_CH582M\LIB\libCH58xBLE.a(linkdb.o)
                              E:\Project\tp78_v2\mounriver_project\KEYBOARD_CH582M\LIB\libCH58xBLE.a(l2cap.o) (linkDB_Init)
E:\Project\tp78_v2\mounriver_project\KEYBOARD_CH582M\LIB\libCH58xBLE.a(sm.o)
                              E:\Project\tp78_v2\mounriver_project\KEYBOARD_CH582M\LIB\libCH58xBLE.a(gap.o) (smFreePairingParams)
E:\Project\tp78_v2\mounriver_project\KEYBOARD_CH582M\LIB\libCH58xBLE.a(sm_initiator.o)
                              E:\Project\tp78_v2\mounriver_project\KEYBOARD_CH582M\LIB\libCH58xBLE.a(sm.o) (smInitiatorSendNextKeyInfo)
E:\Project\tp78_v2\mounriver_project\KEYBOARD_CH582M\LIB\libCH58xBLE.a(sm_pdu.o)
                              E:\Project\tp78_v2\mounriver_project\KEYBOARD_CH582M\LIB\libCH58xBLE.a(sm.o) (smpBuildPairingReq)
E:\Project\tp78_v2\mounriver_project\KEYBOARD_CH582M\LIB\libCH58xBLE.a(sm_responding.o)
                              E:\Project\tp78_v2\mounriver_project\KEYBOARD_CH582M\LIB\libCH58xBLE.a(sm.o) (smResponderSendNextKeyInfo)
E:\Project\tp78_v2\mounriver_project\KEYBOARD_CH582M\LIB\libCH58xBLE.a(sm_toolbox.o)
[...]
Memory Configuration

Name             Origin             Length             Attributes
FLASH            0x0000000000010000 0x0000000000060000 xr
RAM              0x0000000020000000 0x0000000000007ffc xrw
*default*        0x0000000000000000 0xffffffffffffffff

Linker script and memory map

LOAD ./StdPeriphDriver/CH58x_adc.o
LOAD ./StdPeriphDriver/CH58x_clk.o
LOAD ./StdPeriphDriver/CH58x_flash.o
LOAD ./StdPeriphDriver/CH58x_gpio.o
LOAD ./StdPeriphDriver/CH58x_i2c.o
LOAD ./StdPeriphDriver/CH58x_pwm.o
LOAD ./StdPeriphDriver/CH58x_pwr.o
LOAD ./StdPeriphDriver/CH58x_sys.o
LOAD ./StdPeriphDriver/CH58x_timer0.o
LOAD ./StdPeriphDriver/CH58x_timer1.o
LOAD ./StdPeriphDriver/CH58x_timer2.o
LOAD ./StdPeriphDriver/CH58x_uart0.o
LOAD ./StdPeriphDriver/CH58x_uart1.o
LOAD ./StdPeriphDriver/CH58x_uart2.o
LOAD ./StdPeriphDriver/CH58x_uart3.o
LOAD ./StdPeriphDriver/CH58x_usbdev.o
LOAD ./Startup/startup_CH583.o
LOAD ./RVMSIS/core_riscv.o
LOAD ./Profile/battservice.o
LOAD ./Profile/devinfoservice.o
LOAD ./Profile/hiddev.o
LOAD ./Profile/hidkbmservice.o
LOAD ./Profile/scanparamservice.o
LOAD ./Packages/FatFs/port/fatfs_usbd.o
LOAD ./Packages/FatFs/diskio.o
LOAD ./Packages/FatFs/ff.o
LOAD ./Packages/FatFs/fftools.o
LOAD ./Packages/FatFs/ffunicode.o
LOAD ./Packages/CherryUSB/core/usbd_core.o
LOAD ./Packages/CherryUSB/class/msc/usbd_msc.o
LOAD ./Packages/CherryUSB/class/hid/usbd_hid.o
LOAD ./Packages/CherryUSB/usb_ch58x_dc_usbfs.o
LOAD ./HAL/BATTERY.o
LOAD ./HAL/BLE.o
LOAD ./HAL/CORE.o
LOAD ./HAL/FATFS.o
LOAD ./HAL/HW_I2C.o
LOAD ./HAL/I2C_TP.o
LOAD ./HAL/KEYBOARD.o
LOAD ./HAL/MCU.o
LOAD ./HAL/MPR121.o
LOAD ./HAL/OLED.o
LOAD ./HAL/OLEDFONT.o
LOAD ./HAL/OLED_UI.o
LOAD ./HAL/OLED_UI_CFG.o
LOAD ./HAL/RF_PHY.o
LOAD ./HAL/RTC.o
LOAD ./HAL/SLEEP.o
LOAD ./HAL/USB.o
LOAD ./HAL/WS2812.o
LOAD ./APP/main.o
LOAD ./APP/snake.o
LOAD ./APP/tp78_via.o
LOAD E:\Project\tp78_v2\mounriver_project\KEYBOARD_CH582M\StdPeriphDriver\libISP583.a
LOAD E:\Project\tp78_v2\mounriver_project\KEYBOARD_CH582M\LIB\libTP78_TPM.a
LOAD E:\Project\tp78_v2\mounriver_project\KEYBOARD_CH582M\LIB\libTP78_MPR121.a
LOAD E:\Project\tp78_v2\mounriver_project\KEYBOARD_CH582M\LIB\libCH58xBLE.a
LOAD d:/mounriver/mounriver_studio/toolchain/risc-v embedded gcc12/bin/../lib/gcc/riscv-none-elf/12.2.0\libgcc.a
LOAD d:/mounriver/mounriver_studio/toolchain/risc-v embedded gcc12/bin/../lib/gcc/riscv-none-elf/12.2.0/../../../../riscv-none-elf/lib\libg_nano.a
LOAD d:/mounriver/mounriver_studio/toolchain/risc-v embedded gcc12/bin/../lib/gcc/riscv-none-elf/12.2.0/../../../../riscv-none-elf/lib\libc_nano.a
LOAD d:/mounriver/mounriver_studio/toolchain/risc-v embedded gcc12/bin/../lib/gcc/riscv-none-elf/12.2.0\libgcc.a
START GROUP
LOAD d:/mounriver/mounriver_studio/toolchain/risc-v embedded gcc12/bin/../lib/gcc/riscv-none-elf/12.2.0\libgcc.a
LOAD d:/mounriver/mounriver_studio/toolchain/risc-v embedded gcc12/bin/../lib/gcc/riscv-none-elf/12.2.0/../../../../riscv-none-elf/lib\libc_nano.a
LOAD d:/mounriver/mounriver_studio/toolchain/risc-v embedded gcc12/bin/../lib/gcc/riscv-none-elf/12.2.0/../../../../riscv-none-elf/lib\libnosys.a
END GROUP
START GROUP
LOAD d:/mounriver/mounriver_studio/toolchain/risc-v embedded gcc12/bin/../lib/gcc/riscv-none-elf/12.2.0\libgcc.a
LOAD d:/mounriver/mounriver_studio/toolchain/risc-v embedded gcc12/bin/../lib/gcc/riscv-none-elf/12.2.0/../../../../riscv-none-elf/lib\libc_nano.a
LOAD d:/mounriver/mounriver_studio/toolchain/risc-v embedded gcc12/bin/../lib/gcc/riscv-none-elf/12.2.0/../../../../riscv-none-elf/lib\libnosys.a
END GROUP
                0x0000000000000200                __stack_size = 0x200
                [!provide]                        PROVIDE (_stack_size = __stack_size)

.init           0x0000000000010000        0x4
                0x0000000000010000                _sinit = .
                0x0000000000010000                . = ALIGN (0x4)
 *(SORT_NONE(.init))
 .init          0x0000000000010000        0x4 ./Startup/startup_CH583.o
                0x0000000000010000                _start
                0x0000000000010004                . = ALIGN (0x4)
                0x0000000000010004                _einit = .

.highcodelalign
                0x0000000000010004        0x0
                0x0000000000010004                . = ALIGN (0x4)
                0x0000000000010004                PROVIDE (_highcode_lma = .)

.highcode       0x0000000020000000     0x27c8 load address 0x0000000000010004
                0x0000000020000000                . = ALIGN (0x4)
                0x0000000020000000                PROVIDE (_highcode_vma_start = .)
 *(.vector)
 .vector        0x0000000020000000       0x90 ./Startup/startup_CH583.o
 *(SORT_NONE(.vector_handler))
 .vector_handler
                0x0000000020000090        0x2 ./Startup/startup_CH583.o
                0x0000000020000090                SysTick_Handler
                0x0000000020000090                NMI_Handler
                0x0000000020000090                UART1_IRQHandler
                0x0000000020000090                UART0_IRQHandler
                0x0000000020000090                BB_IRQHandler
                0x0000000020000090                Break_Point_Handler
                0x0000000020000090                TMR0_IRQHandler
                0x0000000020000090                Ecall_M_Mode_Handler
                0x0000000020000090                UART2_IRQHandler
                0x0000000020000090                PWMX_IRQHandler
                0x0000000020000090                ADC_IRQHandler
                0x0000000020000090                TMR2_IRQHandler
                0x0000000020000090                I2C_IRQHandler
                0x0000000020000090                USB2_IRQHandler
                0x0000000020000090                LLE_IRQHandler
                0x0000000020000090                WDOG_BAT_IRQHandler
                0x0000000020000090                Ecall_U_Mode_Handler
                0x0000000020000090                TMR3_IRQHandler
                0x0000000020000090                SW_Handler
                0x0000000020000090                SPI0_IRQHandler
                0x0000000020000090                UART3_IRQHandler
                0x0000000020000090                TMR1_IRQHandler
 *(.highcode)
 .highcode      0x0000000020000092      0x1f6 ./StdPeriphDriver/CH58x_pwr.o
                0x0000000020000092                LowPower_Idle
                0x00000000200000ce                LowPower_Halt
 .highcode      0x0000000020000288      0x4d2 ./StdPeriphDriver/CH58x_sys.o
                0x0000000020000288                SetSysClock
                0x00000000200005fa                SYS_ResetExecute
                0x000000002000066a                HardFault_Handler
                0x0000000020000724                mDelayuS
                0x0000000020000732                mDelaymS
 .highcode      0x000000002000075a      0x36a ./Packages/CherryUSB/usb_ch58x_dc_usbfs.o
                0x000000002000075a                USB_IRQHandler
 .highcode      0x0000000020000ac4       0x16 ./HAL/RTC.o
                0x0000000020000ac4                RTC_IRQHandler
 .highcode      0x0000000020000ada       0x2a ./APP/main.o
                0x0000000020000ada                Main_Circulation
                0x0000000020000ae2                GPIOA_IRQHandler
                0x0000000020000b00                GPIOB_IRQHandler
 .highcode      0x0000000020000b04      0x426 E:\Project\tp78_v2\mounriver_project\KEYBOARD_CH582M\StdPeriphDriver\libISP583.a(ISP583.o)
                0x0000000020000b04                FLASH_ROM_BEG
                0x0000000020000b16                FLASH_ROM_END
                0x0000000020000b24                FLASH_ROM_IN
                0x0000000020000b32                FLASH_ROM_OUT
                0x0000000020000b40                FLASH_ROM_ADDR
                0x0000000020000b88                FLASH_ROM_WAIT
                0x0000000020000bc0                FLASH_EEPROM_CMD
 .highcode      0x0000000020000f2a      0x44c E:\Project\tp78_v2\mounriver_project\KEYBOARD_CH582M\LIB\libCH58xBLE.a(tmos.o)
                0x0000000020000f2a                tmos_memcpy
                0x0000000020000f4a                tmos_memcpy_word
                0x0000000020000f62                tmos_memset
                0x0000000020000f74                tmos_strlen
                0x0000000020000f88                tmos_memdup
                0x0000000020000fba                tmos_memcmp
                0x0000000020000fe8                tmos_revmemcpy
                0x0000000020001004                tmos_isbufset
                0x0000000020001026                tmos_proces_system_time
                0x0000000020001170                TMOS_SystemProcess
 .highcode      0x0000000020001376       0x4c E:\Project\tp78_v2\mounriver_project\KEYBOARD_CH582M\LIB\libCH58xBLE.a(tmos_hw.o)
                0x00000000200013c0                TMOS_TimerIRQHandler
 .highcode      0x00000000200013c2      0x2d2 E:\Project\tp78_v2\mounriver_project\KEYBOARD_CH582M\LIB\libCH58xBLE.a(ll_connect.o)
                0x00000000200013c2                ll_connect_send_data
                0x00000000200014ea                ll_connect_recv_data
                0x00000000200015ca                ll_connect_event_continue
 .highcode      0x0000000020001694      0x310 E:\Project\tp78_v2\mounriver_project\KEYBOARD_CH582M\LIB\libCH58xBLE.a(ll_hop.o)
                0x0000000020001694                LL_HopGetChannel
                0x000000002000173a                LL_HopGetChannel2
 .highcode      0x00000000200019a4       0x50 E:\Project\tp78_v2\mounriver_project\KEYBOARD_CH582M\LIB\libCH58xBLE.a(ll_whitelist.o)
                0x00000000200019a4                LL_WhitelistLookup
 .highcode      0x00000000200019f4      0x1e0 E:\Project\tp78_v2\mounriver_project\KEYBOARD_CH582M\LIB\libCH58xBLE.a(aes.o)
                0x00000000200019f4                AES_DevAESEnc
 .highcode      0x0000000020001bd4      0x15a E:\Project\tp78_v2\mounriver_project\KEYBOARD_CH582M\LIB\libCH58xBLE.a(bb.o)
                0x0000000020001bd4                BB_IRQLibHandler
                0x0000000020001ce4                BB_IRQLibFunction
 .highcode      0x0000000020001d2e      0x3dc E:\Project\tp78_v2\mounriver_project\KEYBOARD_CH582M\LIB\libCH58xBLE.a(ip.o)
                0x0000000020001d2e                ll_rx_wait_finish
                0x0000000020001d6c                ble_ll_chkcrc
                0x0000000020001e0e                ll_tx_wait_finish
                0x0000000020001f32                BLE_CheckHoppingMap
 .highcode      0x000000002000210a      0x23c E:\Project\tp78_v2\mounriver_project\KEYBOARD_CH582M\LIB\libCH58xBLE.a(lle.o)
                0x000000002000210a                LLE_IRQLibHandler
                0x00000000200022fc                LLE_IRQLibFunction
 .highcode      0x0000000020002346      0x1be E:\Project\tp78_v2\mounriver_project\KEYBOARD_CH582M\LIB\libCH58xBLE.a(rf_fh.o)
                0x0000000020002346                RF_HopGetChannel
                0x00000000200023b4                RF_FrequencyHoppingGet
                0x000000002000246a                RF_FrequencyHoppingChange
 .highcode      0x0000000020002504       0x30 E:\Project\tp78_v2\mounriver_project\KEYBOARD_CH582M\LIB\libCH58xBLE.a(rfend.o)
                0x0000000020002504                RFEND_WaitTune
 .highcode      0x0000000020002534      0x1ba E:\Project\tp78_v2\mounriver_project\KEYBOARD_CH582M\LIB\libCH58xBLE.a(memory.o)
                0x0000000020002534                tmos_memory_allocate
                0x0000000020002606                tmos_memory_free
 .highcode      0x00000000200026ee       0xd8 E:\Project\tp78_v2\mounriver_project\KEYBOARD_CH582M\LIB\libCH58xBLE.a(ll_resolvinglist.o)
                0x00000000200026ee                LL_ResolvinglistPeerIdentifyAddressGetIrk
                0x0000000020002742                LL_ResolvinglistPeerRpaAddressGetIrk
                0x0000000020002784                LL_ResolvinglistLocalRpaAddressGetIrk
 *(.highcode.*)
                0x00000000200027c8                . = ALIGN (0x4)
 *fill*         0x00000000200027c6        0x2 
                0x00000000200027c8                PROVIDE (_highcode_vma_end = .)

.text           0x00000000000127cc    0x34bf8
                0x00000000000127cc                . = ALIGN (0x4)
 *(SORT_NONE(.handle_reset))
 .handle_reset  0x00000000000127cc       0xb2 ./Startup/startup_CH583.o
                0x00000000000127cc                handle_reset
 *(.text)
 .text          0x000000000001287e     0x1090 E:\Project\tp78_v2\mounriver_project\KEYBOARD_CH582M\LIB\libTP78_MPR121.a(TP78_MPR121_LIB.o)
                0x0000000000013100                MPR121_lib_init
                0x000000000001318a                MPR121_get_result
                0x00000000000131b8                MPR121_set_result
                0x000000000001323a                MPR121_update_data
                0x0000000000013284                MPR121_alg_judge_touchbar
 .text          0x000000000001390e       0x16 d:/mounriver/mounriver_studio/toolchain/risc-v embedded gcc12/bin/../lib/gcc/riscv-none-elf/12.2.0/../../../../riscv-none-elf/lib\libg_nano.a(lib_a-memcpy-asm.o)
                0x000000000001390e                memcpy
 .text          0x0000000000013924       0x26 d:/mounriver/mounriver_studio/toolchain/risc-v embedded gcc12/bin/../lib/gcc/riscv-none-elf/12.2.0/../../../../riscv-none-elf/lib\libg_nano.a(lib_a-memmove.o)
                0x0000000000013924                memmove
 .text          0x000000000001394a       0x10 d:/mounriver/mounriver_studio/toolchain/risc-v embedded gcc12/bin/../lib/gcc/riscv-none-elf/12.2.0/../../../../riscv-none-elf/lib\libg_nano.a(lib_a-memset.o)
                0x000000000001394a                memset
 .text          0x000000000001395a       0x18 d:/mounriver/mounriver_studio/toolchain/risc-v embedded gcc12/bin/../lib/gcc/riscv-none-elf/12.2.0/../../../../riscv-none-elf/lib\libg_nano.a(lib_a-strcmp.o)
                0x000000000001395a                strcmp
 *(.text.*)
 .text.ADC_ExtSingleChSampInit
                0x0000000000013972       0x24 ./StdPeriphDriver/CH58x_adc.o
                0x0000000000013972                ADC_ExtSingleChSampInit
 .text.ADC_InterTSSampInit
                0x0000000000013996       0x28 ./StdPeriphDriver/CH58x_adc.o
                0x0000000000013996                ADC_InterTSSampInit
 .text.HSECFG_Current
                0x00000000000139be       0x66 ./StdPeriphDriver/CH58x_clk.o
                0x00000000000139be                HSECFG_Current
 .text.RTC_GetCycle32k
                0x0000000000013a24       0x18 ./StdPeriphDriver/CH58x_clk.o
                0x0000000000013a24                RTC_GetCycle32k
 .text.Calibration_LSI
                0x0000000000013a3c      0x8f0 ./StdPeriphDriver/CH58x_clk.o
                0x0000000000013a3c                Calibration_LSI
 .text.GPIOA_ModeCfg
                0x000000000001432c       0x9e ./StdPeriphDriver/CH58x_gpio.o
                0x000000000001432c                GPIOA_ModeCfg
 .text.GPIOB_ModeCfg
                0x00000000000143ca       0x9e ./StdPeriphDriver/CH58x_gpio.o
                0x00000000000143ca                GPIOB_ModeCfg
 .text.GPIOA_ITModeCfg
                0x0000000000014468       0x76 ./StdPeriphDriver/CH58x_gpio.o
                0x0000000000014468                GPIOA_ITModeCfg
 .text.I2C_Cmd  0x00000000000144de       0x20 ./StdPeriphDriver/CH58x_i2c.o
                0x00000000000144de                I2C_Cmd
 .text.I2C_GenerateSTART
                0x00000000000144fe       0x22 ./StdPeriphDriver/CH58x_i2c.o
                0x00000000000144fe                I2C_GenerateSTART
 .text.I2C_GenerateSTOP
                0x0000000000014520       0x22 ./StdPeriphDriver/CH58x_i2c.o
                0x0000000000014520                I2C_GenerateSTOP
 .text.I2C_AcknowledgeConfig
                0x0000000000014542       0x22 ./StdPeriphDriver/CH58x_i2c.o
                0x0000000000014542                I2C_AcknowledgeConfig
 .text.I2C_SendData
                0x0000000000014564        0xa ./StdPeriphDriver/CH58x_i2c.o
                0x0000000000014564                I2C_SendData
 .text.I2C_ReceiveData
                0x000000000001456e        0xe ./StdPeriphDriver/CH58x_i2c.o
                0x000000000001456e                I2C_ReceiveData
 .text.I2C_Send7bitAddress
                0x000000000001457c       0x14 ./StdPeriphDriver/CH58x_i2c.o
                0x000000000001457c                I2C_Send7bitAddress
 .text.I2C_SoftwareResetCmd
                0x0000000000014590       0x1a ./StdPeriphDriver/CH58x_i2c.o
                0x0000000000014590                I2C_SoftwareResetCmd
 .text.I2C_Init
                0x00000000000145aa      0x16c ./StdPeriphDriver/CH58x_i2c.o
                0x00000000000145aa                I2C_Init
 .text.I2C_CheckEvent
                0x0000000000014716       0x20 ./StdPeriphDriver/CH58x_i2c.o
                0x0000000000014716                I2C_CheckEvent
 .text.I2C_GetFlagStatus
                0x0000000000014736       0x3c ./StdPeriphDriver/CH58x_i2c.o
                0x0000000000014736                I2C_GetFlagStatus
 .text.GetSysClock
                0x0000000000014772       0x40 ./StdPeriphDriver/CH58x_sys.o
                0x0000000000014772                GetSysClock
 .text.SYS_DisableAllIrq
                0x00000000000147b2       0x1c ./StdPeriphDriver/CH58x_sys.o
                0x00000000000147b2                SYS_DisableAllIrq
 .text.SYS_RecoverIrq
                0x00000000000147ce       0x14 ./StdPeriphDriver/CH58x_sys.o
                0x00000000000147ce                SYS_RecoverIrq
 .text.SYS_GetSysTickCnt
                0x00000000000147e2        0xa ./StdPeriphDriver/CH58x_sys.o
                0x00000000000147e2                SYS_GetSysTickCnt
 .text._sbrk    0x00000000000147ec       0x2e ./StdPeriphDriver/CH58x_sys.o
                0x00000000000147ec                _sbrk
 .text.TMR1_DMACfg
                0x000000000001481a       0x20 ./StdPeriphDriver/CH58x_timer1.o
                0x000000000001481a                TMR1_DMACfg
 .text.battMeasure
                0x000000000001483a       0x7a ./Profile/battservice.o
 .text.battReadAttrCB
                0x00000000000148b4       0x76 ./Profile/battservice.o
 .text.battWriteAttrCB
                0x000000000001492a       0x58 ./Profile/battservice.o
 .text.battNotifyCB
                0x0000000000014982       0x6e ./Profile/battservice.o
 .text.Batt_AddService
                0x00000000000149f0       0x2c ./Profile/battservice.o
                0x00000000000149f0                Batt_AddService
 .text.Batt_Register
                0x0000000000014a1c        0x6 ./Profile/battservice.o
                0x0000000000014a1c                Batt_Register
 .text.Batt_SetParameter
                0x0000000000014a22       0x36 ./Profile/battservice.o
                0x0000000000014a22                Batt_SetParameter
 .text.Batt_GetParameter
                0x0000000000014a58       0x62 ./Profile/battservice.o
                0x0000000000014a58                Batt_GetParameter
 .text.Batt_MeasLevel
                0x0000000000014aba       0x2a ./Profile/battservice.o
                0x0000000000014aba                Batt_MeasLevel
 .text.Batt_HandleConnStatusCB
                0x0000000000014ae4       0x3e ./Profile/battservice.o
                0x0000000000014ae4                Batt_HandleConnStatusCB
 .text.devInfo_ReadAttrCB
                0x0000000000014b22      0x18e ./Profile/devinfoservice.o
 .text.DevInfo_AddService
                0x0000000000014cb0       0x18 ./Profile/devinfoservice.o
                0x0000000000014cb0                DevInfo_AddService
 .text.hidDevParamUpdateCB
                0x0000000000014cc8        0x2 ./Profile/hiddev.o
 .text.hidDevScanParamCB
                0x0000000000014cca        0x2 ./Profile/hiddev.o
 .text.hidDevRptByHandle
                0x0000000000014ccc       0x2e ./Profile/hiddev.o
 .text.hidDevInitialAdvertising
                0x0000000000014cfa       0x3c ./Profile/hiddev.o
 .text.hidDevBattCB
                0x0000000000014d36       0x28 ./Profile/hiddev.o
 .text.hidDevPairStateCB
                0x0000000000014d5e       0x6a ./Profile/hiddev.o
 .text.hidDevPasscodeCB
                0x0000000000014dc8       0x36 ./Profile/hiddev.o
 .text.HidDev_ProcessEvent
                0x0000000000014dfe       0x6e ./Profile/hiddev.o
                0x0000000000014dfe                HidDev_ProcessEvent
 .text.hidDevGapStateCB
                0x0000000000014e6c      0x126 ./Profile/hiddev.o
 .text.HidDev_Init
                0x0000000000014f92       0x64 ./Profile/hiddev.o
                0x0000000000014f92                HidDev_Init
 .text.HidDev_Register
                0x0000000000014ff6        0xa ./Profile/hiddev.o
                0x0000000000014ff6                HidDev_Register
 .text.HidDev_RegisterReports
                0x0000000000015000        0xa ./Profile/hiddev.o
                0x0000000000015000                HidDev_RegisterReports
 .text.HidDev_Report
                0x000000000001500a      0x112 ./Profile/hiddev.o
                0x000000000001500a                HidDev_Report
 .text.HidDev_ReadAttrCB
                0x000000000001511c      0x10c ./Profile/hiddev.o
                0x000000000001511c                HidDev_ReadAttrCB
 .text.HidDev_WriteAttrCB
                0x0000000000015228      0x138 ./Profile/hiddev.o
                0x0000000000015228                HidDev_WriteAttrCB
 .text.Hid_AddService
                0x0000000000015360      0x184 ./Profile/hidkbmservice.o
                0x0000000000015360                Hid_AddService
 .text.Hid_SetParameter
                0x00000000000154e4       0x58 ./Profile/hidkbmservice.o
                0x00000000000154e4                Hid_SetParameter
 .text.Hid_GetParameter
                0x000000000001553c       0x3e ./Profile/hidkbmservice.o
                0x000000000001553c                Hid_GetParameter
 .text.scanParamReadAttrCB
                0x000000000001557a        0x4 ./Profile/scanparamservice.o
 .text.scanParamWriteAttrCB
                0x000000000001557e       0x64 ./Profile/scanparamservice.o
 .text.ScanParam_AddService
                0x00000000000155e2       0x2c ./Profile/scanparamservice.o
                0x00000000000155e2                ScanParam_AddService
 .text.ScanParam_Register
                0x000000000001560e        0x6 ./Profile/scanparamservice.o
                0x000000000001560e                ScanParam_Register
 .text.ScanParam_RefreshNotify
                0x0000000000015614       0x58 ./Profile/scanparamservice.o
                0x0000000000015614                ScanParam_RefreshNotify
 .text.ScanParam_HandleConnStatusCB
                0x000000000001566c       0x3e ./Profile/scanparamservice.o
                0x000000000001566c                ScanParam_HandleConnStatusCB
 .text.USB_disk_status
                0x00000000000156aa        0x4 ./Packages/FatFs/port/fatfs_usbd.o
                0x00000000000156aa                USB_disk_status
 .text.USB_disk_initialize
                0x00000000000156ae        0x4 ./Packages/FatFs/port/fatfs_usbd.o
                0x00000000000156ae                USB_disk_initialize
 .text.USB_disk_read
                0x00000000000156b2       0x1c ./Packages/FatFs/port/fatfs_usbd.o
                0x00000000000156b2                USB_disk_read
 .text.USB_disk_write
                0x00000000000156ce       0x42 ./Packages/FatFs/port/fatfs_usbd.o
                0x00000000000156ce                USB_disk_write
 .text.USB_disk_ioctl
                0x0000000000015710       0x2e ./Packages/FatFs/port/fatfs_usbd.o
                0x0000000000015710                USB_disk_ioctl
 .text.disk_status
                0x000000000001573e       0x16 ./Packages/FatFs/diskio.o
                0x000000000001573e                disk_status
 .text.disk_initialize
                0x0000000000015754       0x16 ./Packages/FatFs/diskio.o
                0x0000000000015754                disk_initialize
 .text.disk_read
                0x000000000001576a       0x12 ./Packages/FatFs/diskio.o
                0x000000000001576a                disk_read
 .text.disk_write
                0x000000000001577c       0x12 ./Packages/FatFs/diskio.o
                0x000000000001577c                disk_write
 .text.disk_ioctl
                0x000000000001578e        0xe ./Packages/FatFs/diskio.o
                0x000000000001578e                disk_ioctl
 .text.get_fattime
                0x000000000001579c        0x4 ./Packages/FatFs/diskio.o
                0x000000000001579c                get_fattime
 .text.ld_dword
                0x00000000000157a0       0x1e ./Packages/FatFs/ff.o
 .text.st_dword
                0x00000000000157be       0x1c ./Packages/FatFs/ff.o
 .text.mem_set  0x00000000000157da        0xe ./Packages/FatFs/ff.o
 .text.clst2sect
                0x00000000000157e8       0x1e ./Packages/FatFs/ff.o
 .text.sum_sfn  0x0000000000015806       0x22 ./Packages/FatFs/ff.o
 .text.get_ldnumber
                0x0000000000015828       0x3e ./Packages/FatFs/ff.o
 .text.validate
                0x0000000000015866       0x42 ./Packages/FatFs/ff.o
 .text.sync_window
                0x00000000000158a8       0x5c ./Packages/FatFs/ff.o
 .text.mem_cpy.part.0
                0x0000000000015904       0x1a ./Packages/FatFs/ff.o
 .text.st_clust
                0x000000000001591e       0x28 ./Packages/FatFs/ff.o
 .text.move_window
                0x0000000000015946       0x3a ./Packages/FatFs/ff.o
 .text.check_fs
                0x0000000000015980      0x10c ./Packages/FatFs/ff.o
 .text.put_fat  0x0000000000015a8c      0x130 ./Packages/FatFs/ff.o
 .text.dir_clear
                0x0000000000015bbc       0x66 ./Packages/FatFs/ff.o
 .text.sync_fs  0x0000000000015c22       0xac ./Packages/FatFs/ff.o
 .text.mount_volume
                0x0000000000015cce      0x2dc ./Packages/FatFs/ff.o
 .text.ld_clust.isra.0
                0x0000000000015faa       0x28 ./Packages/FatFs/ff.o
 .text.get_fat.isra.0
                0x0000000000015fd2       0xdc ./Packages/FatFs/ff.o
 .text.remove_chain
                0x00000000000160ae       0x92 ./Packages/FatFs/ff.o
 .text.create_chain
                0x0000000000016140      0x10e ./Packages/FatFs/ff.o
 .text.dir_next
                0x000000000001624e       0xd0 ./Packages/FatFs/ff.o
 .text.dir_sdi  0x000000000001631e       0xc4 ./Packages/FatFs/ff.o
 .text.dir_find
                0x00000000000163e2      0x1da ./Packages/FatFs/ff.o
 .text.dir_register
                0x00000000000165bc      0x2f2 ./Packages/FatFs/ff.o
 .text.follow_path
                0x00000000000168ae      0x3ba ./Packages/FatFs/ff.o
 .text.f_mount  0x0000000000016c68       0x50 ./Packages/FatFs/ff.o
                0x0000000000016c68                f_mount
 .text.f_open   0x0000000000016cb8      0x238 ./Packages/FatFs/ff.o
                0x0000000000016cb8                f_open
 .text.f_read   0x0000000000016ef0      0x196 ./Packages/FatFs/ff.o
                0x0000000000016ef0                f_read
 .text.f_write  0x0000000000017086      0x1de ./Packages/FatFs/ff.o
                0x0000000000017086                f_write
 .text.f_sync   0x0000000000017264       0xb6 ./Packages/FatFs/ff.o
                0x0000000000017264                f_sync
 .text.f_close  0x000000000001731a       0x22 ./Packages/FatFs/ff.o
                0x000000000001731a                f_close
 .text.f_lseek  0x000000000001733c      0x182 ./Packages/FatFs/ff.o
                0x000000000001733c                f_lseek
 .text.f_mkfs   0x00000000000174be      0x794 ./Packages/FatFs/ff.o
                0x00000000000174be                f_mkfs
 .text.ff_uni2oem
                0x0000000000017c52       0x6c ./Packages/FatFs/ffunicode.o
                0x0000000000017c52                ff_uni2oem
 .text.ff_oem2uni
                0x0000000000017cbe       0x58 ./Packages/FatFs/ffunicode.o
                0x0000000000017cbe                ff_oem2uni
 .text.ff_wtoupper
                0x0000000000017d16       0xa4 ./Packages/FatFs/ffunicode.o
                0x0000000000017d16                ff_wtoupper
 .text.usbd_class_event_notify_handler
                0x0000000000017dba       0x2e ./Packages/CherryUSB/core/usbd_core.o
 .text.usbd_set_endpoint
                0x0000000000017de8       0x6a ./Packages/CherryUSB/core/usbd_core.o
 .text.usbd_event_ep0_in_complete_handler
                0x0000000000017e52       0x46 ./Packages/CherryUSB/core/usbd_core.o
                0x0000000000017e52                usbd_event_ep0_in_complete_handler
 .text.usbd_print_setup.constprop.0
                0x0000000000017e98       0x44 ./Packages/CherryUSB/core/usbd_core.o
 .text.usbd_setup_request_handler.constprop.0
                0x0000000000017edc      0x5e2 ./Packages/CherryUSB/core/usbd_core.o
 .text.usbd_event_ep0_out_complete_handler
                0x00000000000184be       0x4a ./Packages/CherryUSB/core/usbd_core.o
                0x00000000000184be                usbd_event_ep0_out_complete_handler
 .text.usbd_event_reset_handler
                0x0000000000018508       0x36 ./Packages/CherryUSB/core/usbd_core.o
                0x0000000000018508                usbd_event_reset_handler
 .text.usbd_event_ep0_setup_complete_handler
                0x000000000001853e       0xfa ./Packages/CherryUSB/core/usbd_core.o
                0x000000000001853e                usbd_event_ep0_setup_complete_handler
 .text.usbd_event_ep_in_complete_handler
                0x0000000000018638       0x18 ./Packages/CherryUSB/core/usbd_core.o
                0x0000000000018638                usbd_event_ep_in_complete_handler
 .text.usbd_event_ep_out_complete_handler
                0x0000000000018650       0x18 ./Packages/CherryUSB/core/usbd_core.o
                0x0000000000018650                usbd_event_ep_out_complete_handler
 .text.usbd_desc_register
                0x0000000000018668       0x34 ./Packages/CherryUSB/core/usbd_core.o
                0x0000000000018668                usbd_desc_register
 .text.usbd_add_interface
                0x000000000001869c       0x24 ./Packages/CherryUSB/core/usbd_core.o
                0x000000000001869c                usbd_add_interface
 .text.usbd_add_endpoint
                0x00000000000186c0       0x34 ./Packages/CherryUSB/core/usbd_core.o
                0x00000000000186c0                usbd_add_endpoint
 .text.usb_device_is_configured
                0x00000000000186f4        0x6 ./Packages/CherryUSB/core/usbd_core.o
                0x00000000000186f4                usb_device_is_configured
 .text.usbd_initialize
                0x00000000000186fa        0x4 ./Packages/CherryUSB/core/usbd_core.o
                0x00000000000186fa                usbd_initialize
 .text.SCSI_SetSenseData
                0x00000000000186fe       0x18 ./Packages/CherryUSB/class/msc/usbd_msc.o
 .text.SCSI_processRead
                0x0000000000018716       0x7a ./Packages/CherryUSB/class/msc/usbd_msc.o
 .text.usbd_msc_send_csw
                0x0000000000018790       0x24 ./Packages/CherryUSB/class/msc/usbd_msc.o
 .text.msc_storage_class_interface_request_handler
                0x00000000000187b4       0x6a ./Packages/CherryUSB/class/msc/usbd_msc.o
 .text.mass_storage_bulk_in
                0x000000000001881e       0x56 ./Packages/CherryUSB/class/msc/usbd_msc.o
                0x000000000001881e                mass_storage_bulk_in
 .text.msc_storage_notify_handler
                0x0000000000018874       0x26 ./Packages/CherryUSB/class/msc/usbd_msc.o
                0x0000000000018874                msc_storage_notify_handler
 .text.mass_storage_bulk_out
                0x000000000001889a      0x54c ./Packages/CherryUSB/class/msc/usbd_msc.o
                0x000000000001889a                mass_storage_bulk_out
 .text.usbd_msc_init_intf
                0x0000000000018de6       0xae ./Packages/CherryUSB/class/msc/usbd_msc.o
                0x0000000000018de6                usbd_msc_init_intf
 .text.usbd_hid_init_intf
                0x0000000000018e94       0x1c ./Packages/CherryUSB/class/hid/usbd_hid.o
                0x0000000000018e94                usbd_hid_init_intf
 .text.usbh_hid_get_idle
                0x0000000000018eb0        0x4 ./Packages/CherryUSB/class/hid/usbd_hid.o
                0x0000000000018eb0                usbh_hid_get_idle
 .text.usbh_hid_get_protocol
                0x0000000000018eb4        0x4 ./Packages/CherryUSB/class/hid/usbd_hid.o
                0x0000000000018eb4                usbh_hid_get_protocol
 .text.hid_class_interface_request_handler
                0x0000000000018eb8       0xcc ./Packages/CherryUSB/class/hid/usbd_hid.o
 .text.usbd_set_address
                0x0000000000018f84       0x1a ./Packages/CherryUSB/usb_ch58x_dc_usbfs.o
                0x0000000000018f84                usbd_set_address
 .text.usbd_ep_open
                0x0000000000018f9e       0x90 ./Packages/CherryUSB/usb_ch58x_dc_usbfs.o
                0x0000000000018f9e                usbd_ep_open
 .text.usbd_ep_close
                0x000000000001902e       0x26 ./Packages/CherryUSB/usb_ch58x_dc_usbfs.o
                0x000000000001902e                usbd_ep_close
 .text.usbd_ep_start_write
                0x0000000000019054      0x130 ./Packages/CherryUSB/usb_ch58x_dc_usbfs.o
                0x0000000000019054                usbd_ep_start_write
 .text.usbd_ep_start_read
                0x0000000000019184       0x9a ./Packages/CherryUSB/usb_ch58x_dc_usbfs.o
                0x0000000000019184                usbd_ep_start_read
 .text.usbd_ep_set_stall
                0x000000000001921e       0x3e ./Packages/CherryUSB/usb_ch58x_dc_usbfs.o
                0x000000000001921e                usbd_ep_set_stall
 .text.usbd_ep_clear_stall
                0x000000000001925c       0x42 ./Packages/CherryUSB/usb_ch58x_dc_usbfs.o
                0x000000000001925c                usbd_ep_clear_stall
 .text.usb_dc_init
                0x000000000001929e       0xce ./Packages/CherryUSB/usb_ch58x_dc_usbfs.o
                0x000000000001929e                usb_dc_init
 .text.BATTERY_DMA_ENABLE
                0x000000000001936c       0x1e ./HAL/BATTERY.o
                0x000000000001936c                BATTERY_DMA_ENABLE
 .text.BATTERY_Init
                0x000000000001938a       0x70 ./HAL/BATTERY.o
                0x000000000001938a                BATTERY_Init
 .text.BATTERY_ADC_Calculation
                0x00000000000193fa       0x40 ./HAL/BATTERY.o
                0x00000000000193fa                BATTERY_ADC_Calculation
 .text.BATTERY_DrawBMP
                0x000000000001943a       0x94 ./HAL/BATTERY.o
                0x000000000001943a                BATTERY_DrawBMP
 .text.hidEmuEvtCB
                0x00000000000194ce        0x2 ./HAL/BLE.o
 .text.hidEmuStateCB
                0x00000000000194d0       0x68 ./HAL/BLE.o
 .text.HidEmu_ProcessEvent
                0x0000000000019538      0x1ec ./HAL/BLE.o
                0x0000000000019538                HidEmu_ProcessEvent
 .text.hidEmuRptCB
                0x0000000000019724       0x82 ./HAL/BLE.o
 .text.DATAFLASH_Read_DeviceID
                0x00000000000197a6       0x2c ./HAL/BLE.o
                0x00000000000197a6                DATAFLASH_Read_DeviceID
 .text.DATAFLASH_Write_DeviceID
                0x00000000000197d2       0x18 ./HAL/BLE.o
                0x00000000000197d2                DATAFLASH_Write_DeviceID
 .text.HidEmu_Init
                0x00000000000197ea       0xea ./HAL/BLE.o
                0x00000000000197ea                HidEmu_Init
 .text.TP78Reinit.part.0
                0x00000000000198d4      0x156 ./HAL/CORE.o
 .text.APPJumpKBoot
                0x0000000000019a2a       0x18 ./HAL/CORE.o
                0x0000000000019a2a                APPJumpKBoot
 .text.SoftReset
                0x0000000000019a42        0x8 ./HAL/CORE.o
                0x0000000000019a42                SoftReset
 .text.TP78_TMOS_Start
                0x0000000000019a4a       0x78 ./HAL/CORE.o
                0x0000000000019a4a                TP78_TMOS_Start
 .text.TP78Reinit
                0x0000000000019ac2        0x8 ./HAL/CORE.o
                0x0000000000019ac2                TP78Reinit
 .text.GotoLowpower
                0x0000000000019aca       0x5c ./HAL/CORE.o
                0x0000000000019aca                GotoLowpower
 .text.HAL_Fs_Init
                0x0000000000019b26       0x80 ./HAL/FATFS.o
                0x0000000000019b26                HAL_Fs_Init
 .text.unsigned_dec_to_string
                0x0000000000019ba6       0x80 ./HAL/FATFS.o
                0x0000000000019ba6                unsigned_dec_to_string
 .text.string_dec_to_u8
                0x0000000000019c26       0x46 ./HAL/FATFS.o
                0x0000000000019c26                string_dec_to_u8
 .text.string_dec_to_u16
                0x0000000000019c6c       0x46 ./HAL/FATFS.o
                0x0000000000019c6c                string_dec_to_u16
 .text.HAL_Fs_Create_readme
                0x0000000000019cb2       0xa8 ./HAL/FATFS.o
                0x0000000000019cb2                HAL_Fs_Create_readme
 .text.HAL_Fs_Create_keyboard_cfg
                0x0000000000019d5a       0xa4 ./HAL/FATFS.o
                0x0000000000019d5a                HAL_Fs_Create_keyboard_cfg
 .text.HAL_Fs_Write_keyboard_cfg
                0x0000000000019dfe       0xee ./HAL/FATFS.o
                0x0000000000019dfe                HAL_Fs_Write_keyboard_cfg
 .text.HAL_Fs_Read_keyboard_cfg
                0x0000000000019eec       0xca ./HAL/FATFS.o
                0x0000000000019eec                HAL_Fs_Read_keyboard_cfg
 .text.HAL_Fs_Write_keyboard_spkey
                0x0000000000019fb6       0xdc ./HAL/FATFS.o
                0x0000000000019fb6                HAL_Fs_Write_keyboard_spkey
 .text.HAL_Fs_Read_keyboard_spkey
                0x000000000001a092       0xd6 ./HAL/FATFS.o
                0x000000000001a092                HAL_Fs_Read_keyboard_spkey
 .text.HAL_Fs_Write_keyboard_mat
                0x000000000001a168       0xd8 ./HAL/FATFS.o
                0x000000000001a168                HAL_Fs_Write_keyboard_mat
 .text.HAL_Fs_Read_keyboard_mat
                0x000000000001a240       0xd2 ./HAL/FATFS.o
                0x000000000001a240                HAL_Fs_Read_keyboard_mat
 .text.HW_I2C_Init
                0x000000000001a312       0x30 ./HAL/HW_I2C.o
                0x000000000001a312                HW_I2C_Init
 .text.HW_I2C_Reset
                0x000000000001a342       0x7c ./HAL/HW_I2C.o
                0x000000000001a342                HW_I2C_Reset
 .text.HW_I2C_WaitUntilTimeout
                0x000000000001a3be       0x5e ./HAL/HW_I2C.o
                0x000000000001a3be                HW_I2C_WaitUntilTimeout
 .text.HW_I2C_WR_Reg
                0x000000000001a41c       0xd0 ./HAL/HW_I2C.o
                0x000000000001a41c                HW_I2C_WR_Reg
 .text.HW_I2C_TPM_WR_Reg
                0x000000000001a4ec      0x10a ./HAL/HW_I2C.o
                0x000000000001a4ec                HW_I2C_TPM_WR_Reg
 .text.HW_I2C_RD_Reg
                0x000000000001a5f6      0x138 ./HAL/HW_I2C.o
                0x000000000001a5f6                HW_I2C_RD_Reg
 .text.HW_I2C_Muti_RD_Reg
                0x000000000001a72e      0x160 ./HAL/HW_I2C.o
                0x000000000001a72e                HW_I2C_Muti_RD_Reg
 .text.HW_I2C_TPM_RD_Reg
                0x000000000001a88e      0x188 ./HAL/HW_I2C.o
                0x000000000001a88e                HW_I2C_TPM_RD_Reg
 .text.I2C_TP_SendCommand_Sleep
                0x000000000001aa16      0x10a ./HAL/I2C_TP.o
                0x000000000001aa16                I2C_TP_SendCommand_Sleep
 .text.I2C_TP_SendCommand_Wakeup
                0x000000000001ab20      0x10a ./HAL/I2C_TP.o
                0x000000000001ab20                I2C_TP_SendCommand_Wakeup
 .text.I2C_TP_SendCommand_Reset
                0x000000000001ac2a      0x19a ./HAL/I2C_TP.o
                0x000000000001ac2a                I2C_TP_SendCommand_Reset
 .text.I2C_TP_Init
                0x000000000001adc4       0x32 ./HAL/I2C_TP.o
                0x000000000001adc4                I2C_TP_Init
 .text.I2C_TP_ReadPacket
                0x000000000001adf6      0x1e2 ./HAL/I2C_TP.o
                0x000000000001adf6                I2C_TP_ReadPacket
 .text.DATAFLASH_Read_KeyArray
                0x000000000001afd8       0x28 ./HAL/KEYBOARD.o
                0x000000000001afd8                DATAFLASH_Read_KeyArray
 .text.DATAFLASH_Write_KeyArray
                0x000000000001b000       0x28 ./HAL/KEYBOARD.o
                0x000000000001b000                DATAFLASH_Write_KeyArray
 .text.KEYBOARD_Reset
                0x000000000001b028       0x74 ./HAL/KEYBOARD.o
                0x000000000001b028                KEYBOARD_Reset
 .text.KEYBOARD_ChangeKey
                0x000000000001b09c       0x28 ./HAL/KEYBOARD.o
                0x000000000001b09c                KEYBOARD_ChangeKey
 .text.KEYBOARD_Custom_Function
                0x000000000001b0c4      0x93c ./HAL/KEYBOARD.o
                0x000000000001b0c4                KEYBOARD_Custom_Function
 .text.KEYBOARD_Init
                0x000000000001ba00       0x94 ./HAL/KEYBOARD.o
                0x000000000001ba00                KEYBOARD_Init
 .text.KEYBOARD_Detection
                0x000000000001ba94      0x49c ./HAL/KEYBOARD.o
                0x000000000001ba94                KEYBOARD_Detection
 .text.KEYBOARD_EnterNumber
                0x000000000001bf30      0x13c ./HAL/KEYBOARD.o
                0x000000000001bf30                KEYBOARD_EnterNumber
 .text.TP78_Idle_Clr
                0x000000000001c06c       0x2c ./HAL/MCU.o
 .text.Lib_Calibration_LSI
                0x000000000001c098       0x1c ./HAL/MCU.o
                0x000000000001c098                Lib_Calibration_LSI
 .text.Lib_Read_Flash
                0x000000000001c0b4       0x1c ./HAL/MCU.o
                0x000000000001c0b4                Lib_Read_Flash
 .text.Lib_Write_Flash
                0x000000000001c0d0       0x3c ./HAL/MCU.o
                0x000000000001c0d0                Lib_Write_Flash
 .text.HAL_GetInterTempValue
                0x000000000001c10c       0x72 ./HAL/MCU.o
                0x000000000001c10c                HAL_GetInterTempValue
 .text.OnBoard_SendMsg
                0x000000000001c17e       0x4a ./HAL/MCU.o
                0x000000000001c17e                OnBoard_SendMsg
 .text.HID_KEYBOARD_Process
                0x000000000001c1c8      0x1cc ./HAL/MCU.o
                0x000000000001c1c8                HID_KEYBOARD_Process
 .text.HID_I2CTP_Process
                0x000000000001c394      0x11a ./HAL/MCU.o
                0x000000000001c394                HID_I2CTP_Process
 .text.HID_VOL_Process
                0x000000000001c4ae       0x72 ./HAL/MCU.o
                0x000000000001c4ae                HID_VOL_Process
 .text.SW_PaintedEgg_Process
                0x000000000001c520       0xd4 ./HAL/MCU.o
                0x000000000001c520                SW_PaintedEgg_Process
 .text.SW_OLED_LEDStatus_Process
                0x000000000001c5f4      0x182 ./HAL/MCU.o
                0x000000000001c5f4                SW_OLED_LEDStatus_Process
 .text.SW_OLED_ConnectionStatus_Process
                0x000000000001c776      0x1c2 ./HAL/MCU.o
                0x000000000001c776                SW_OLED_ConnectionStatus_Process
 .text.HW_Battery_Process
                0x000000000001c938       0x38 ./HAL/MCU.o
                0x000000000001c938                HW_Battery_Process
 .text.HW_WS2812_Process
                0x000000000001c970        0x4 ./HAL/MCU.o
                0x000000000001c970                HW_WS2812_Process
 .text.HW_TouchBar_Process
                0x000000000001c974       0x84 ./HAL/MCU.o
                0x000000000001c974                HW_TouchBar_Process
 .text.HAL_ProcessEvent
                0x000000000001c9f8      0x2b4 ./HAL/MCU.o
                0x000000000001c9f8                HAL_ProcessEvent
 .text.CH58X_BLEInit
                0x000000000001ccac      0x154 ./HAL/MCU.o
                0x000000000001ccac                CH58X_BLEInit
 .text.FLASH_Init
                0x000000000001ce00      0x18a ./HAL/MCU.o
                0x000000000001ce00                FLASH_Init
 .text.HAL_Init
                0x000000000001cf8a       0xde ./HAL/MCU.o
                0x000000000001cf8a                HAL_Init
 .text.DATAFLASH_Read_MPR121_ALG_Parameter
                0x000000000001d068       0x50 ./HAL/MPR121.o
                0x000000000001d068                DATAFLASH_Read_MPR121_ALG_Parameter
 .text.DATAFLASH_Read_MPR121_FUN_Parameter
                0x000000000001d0b8       0x2c ./HAL/MPR121.o
                0x000000000001d0b8                DATAFLASH_Read_MPR121_FUN_Parameter
 .text.MPR121_GPIO_Init
                0x000000000001d0e4       0x1c ./HAL/MPR121.o
                0x000000000001d0e4                MPR121_GPIO_Init
 .text.MPR121_Init
                0x000000000001d100       0x4a ./HAL/MPR121.o
                0x000000000001d100                MPR121_Init
 .text.MPR121_Post_Operation
                0x000000000001d14a      0x116 ./HAL/MPR121.o
                0x000000000001d14a                MPR121_Post_Operation
 .text.OLED_Set_Pos
                0x000000000001d260       0x4a ./HAL/OLED.o
                0x000000000001d260                OLED_Set_Pos
 .text.OLED_Clear
                0x000000000001d2aa       0x66 ./HAL/OLED.o
                0x000000000001d2aa                OLED_Clear
 .text.OLED_ShowChar
                0x000000000001d310       0x66 ./HAL/OLED.o
                0x000000000001d310                OLED_ShowChar
 .text.OLED_ShowString
                0x000000000001d376       0x56 ./HAL/OLED.o
                0x000000000001d376                OLED_ShowString
 .text.OLED_ShowString_f
                0x000000000001d3cc       0xb4 ./HAL/OLED.o
                0x000000000001d3cc                OLED_ShowString_f
 .text.OLED_DrawBMP
                0x000000000001d480       0x84 ./HAL/OLED.o
                0x000000000001d480                OLED_DrawBMP
 .text.OLED_Clr
                0x000000000001d504       0x56 ./HAL/OLED.o
                0x000000000001d504                OLED_Clr
 .text.OLED_Midx
                0x000000000001d55a       0x1c ./HAL/OLED.o
                0x000000000001d55a                OLED_Midx
 .text.OLED_Set_Scroll_ENA
                0x000000000001d576       0x14 ./HAL/OLED.o
                0x000000000001d576                OLED_Set_Scroll_ENA
 .text.HAL_OLED_Init
                0x000000000001d58a      0x168 ./HAL/OLED.o
                0x000000000001d58a                HAL_OLED_Init
 .text.OLED_UI_printf
                0x000000000001d6f2       0x7a ./HAL/OLED_UI.o
                0x000000000001d6f2                OLED_UI_printf
 .text.OLED_UI_add_task
                0x000000000001d76c       0x5c ./HAL/OLED_UI.o
                0x000000000001d76c                OLED_UI_add_task
 .text.OLED_UI_add_CLEARPAGE_task
                0x000000000001d7c8       0x44 ./HAL/OLED_UI.o
                0x000000000001d7c8                OLED_UI_add_CLEARPAGE_task
 .text.OLED_UI_add_SHOWINFO_task
                0x000000000001d80c       0x82 ./HAL/OLED_UI.o
                0x000000000001d80c                OLED_UI_add_SHOWINFO_task
 .text.OLED_UI_add_SHOW_ICONINFO_task
                0x000000000001d88e       0x98 ./HAL/OLED_UI.o
                0x000000000001d88e                OLED_UI_add_SHOW_ICONINFO_task
 .text.OLED_UI_add_default_task
                0x000000000001d926        0xe ./HAL/OLED_UI.o
                0x000000000001d926                OLED_UI_add_default_task
 .text.OLED_UI_add_delay_task
                0x000000000001d934       0x66 ./HAL/OLED_UI.o
                0x000000000001d934                OLED_UI_add_delay_task
 .text.OLED_UI_add_default_delay_task
                0x000000000001d99a       0x10 ./HAL/OLED_UI.o
                0x000000000001d99a                OLED_UI_add_default_delay_task
 .text.OLED_UI_add_CANCELINFO_delay_task
                0x000000000001d9aa       0x32 ./HAL/OLED_UI.o
                0x000000000001d9aa                OLED_UI_add_CANCELINFO_delay_task
 .text.OLED_UI_slot_add
                0x000000000001d9dc       0x2a ./HAL/OLED_UI.o
                0x000000000001d9dc                OLED_UI_slot_add
 .text.OLED_UI_slot_delete
                0x000000000001da06       0x70 ./HAL/OLED_UI.o
                0x000000000001da06                OLED_UI_slot_delete
 .text.OLED_UI_slot_active
                0x000000000001da76       0x36 ./HAL/OLED_UI.o
                0x000000000001da76                OLED_UI_slot_active
 .text.OLED_UI_slot_draw
                0x000000000001daac       0x42 ./HAL/OLED_UI.o
                0x000000000001daac                OLED_UI_slot_draw
 .text.OLED_UI_show_version
                0x000000000001daee       0x7e ./HAL/OLED_UI.o
                0x000000000001daee                OLED_UI_show_version
 .text.OLED_UI_draw_empty_battery
                0x000000000001db6c       0x14 ./HAL/OLED_UI.o
                0x000000000001db6c                OLED_UI_draw_empty_battery
 .text.OLED_UI_smooth_select_cfg
                0x000000000001db80       0x68 ./HAL/OLED_UI.o
                0x000000000001db80                OLED_UI_smooth_select_cfg
 .text.OLED_UI_draw_menu
                0x000000000001dbe8      0x2ce ./HAL/OLED_UI.o
                0x000000000001dbe8                OLED_UI_draw_menu
 .text.OLED_UI_smooth_select
                0x000000000001deb6      0x294 ./HAL/OLED_UI.o
                0x000000000001deb6                OLED_UI_smooth_select
 .text.OLED_UI_idle
                0x000000000001e14a       0x26 ./HAL/OLED_UI.o
                0x000000000001e14a                OLED_UI_idle
 .text.OLED_UI_draw_thread_callback
                0x000000000001e170      0x2da ./HAL/OLED_UI.o
                0x000000000001e170                OLED_UI_draw_thread_callback
 .text.RF_2G4StatusCallBack
                0x000000000001e44a       0xe2 ./HAL/RF_PHY.o
                0x000000000001e44a                RF_2G4StatusCallBack
 .text.RF_ProcessEvent
                0x000000000001e52c      0x208 ./HAL/RF_PHY.o
                0x000000000001e52c                RF_ProcessEvent
 .text.DATAFLASH_Read_RFfreqlevel
                0x000000000001e734       0x2c ./HAL/RF_PHY.o
                0x000000000001e734                DATAFLASH_Read_RFfreqlevel
 .text.DATAFLASH_Write_RFfreqlevel
                0x000000000001e760       0x1a ./HAL/RF_PHY.o
                0x000000000001e760                DATAFLASH_Write_RFfreqlevel
 .text.DATAFLASH_Read_CheckACKms
                0x000000000001e77a       0x2c ./HAL/RF_PHY.o
                0x000000000001e77a                DATAFLASH_Read_CheckACKms
 .text.RF_Init  0x000000000001e7a6       0x76 ./HAL/RF_PHY.o
                0x000000000001e7a6                RF_Init
 .text.RTC_SetTignTime
                0x000000000001e81c       0x20 ./HAL/RTC.o
                0x000000000001e81c                RTC_SetTignTime
 .text.HAL_TimeInit
                0x000000000001e83c       0x3e ./HAL/RTC.o
                0x000000000001e83c                HAL_TimeInit
 .text.CH58X_LowPower
                0x000000000001e87a       0x96 ./HAL/SLEEP.o
                0x000000000001e87a                CH58X_LowPower
 .text.HAL_SleepInit
                0x000000000001e910       0xec ./HAL/SLEEP.o
                0x000000000001e910                HAL_SleepInit
 .text.usbd_hid_kmvd_in_callback
                0x000000000001e9fc        0x6 ./HAL/USB.o
 .text.usbd_hid_raw_in_callback
                0x000000000001ea02        0x2 ./HAL/USB.o
 .text.usbd_hid_raw_out_callback
                0x000000000001ea04       0x32 ./HAL/USB.o
 .text.usbd_hid_lighting_in_callback
                0x000000000001ea36        0x2 ./HAL/USB.o
 .text.usb_device_init
                0x000000000001ea38       0xb0 ./HAL/USB.o
                0x000000000001ea38                usb_device_init
 .text.usb_suspend_wake_up_cb
                0x000000000001eae8       0x16 ./HAL/USB.o
                0x000000000001eae8                usb_suspend_wake_up_cb
 .text.usbd_configure_done_callback
                0x000000000001eafe       0x40 ./HAL/USB.o
                0x000000000001eafe                usbd_configure_done_callback
 .text.usbh_hid_set_idle
                0x000000000001eb3e        0x2 ./HAL/USB.o
                0x000000000001eb3e                usbh_hid_set_idle
 .text.usbh_hid_set_protocol
                0x000000000001eb40        0x2 ./HAL/USB.o
                0x000000000001eb40                usbh_hid_set_protocol
 .text.usbh_hid_set_report
                0x000000000001eb42       0x8a ./HAL/USB.o
                0x000000000001eb42                usbh_hid_set_report
 .text.usbh_hid_get_report
                0x000000000001ebcc       0x3e ./HAL/USB.o
                0x000000000001ebcc                usbh_hid_get_report
 .text.usbd_msc_get_cap
                0x000000000001ec0a       0x10 ./HAL/USB.o
                0x000000000001ec0a                usbd_msc_get_cap
 .text.usbd_msc_sector_read
                0x000000000001ec1a       0x16 ./HAL/USB.o
                0x000000000001ec1a                usbd_msc_sector_read
 .text.usbd_msc_sector_write
                0x000000000001ec30       0x16 ./HAL/USB.o
                0x000000000001ec30                usbd_msc_sector_write
 .text.USB_DevWakeup
                0x000000000001ec46       0x5c ./HAL/USB.o
                0x000000000001ec46                USB_DevWakeup
 .text.USB_ProcessEvent
                0x000000000001eca2      0x17c ./HAL/USB.o
                0x000000000001eca2                USB_ProcessEvent
 .text.HAL_USBInit
                0x000000000001ee1e       0x52 ./HAL/USB.o
                0x000000000001ee1e                HAL_USBInit
 .text.usb_dc_low_level_init
                0x000000000001ee70       0x22 ./HAL/USB.o
                0x000000000001ee70                usb_dc_low_level_init
 .text.WS2812_Style_Off
                0x000000000001ee92       0x1c ./HAL/WS2812.o
                0x000000000001ee92                WS2812_Style_Off
 .text.WS2812_Style_Normal
                0x000000000001eeae       0xc4 ./HAL/WS2812.o
                0x000000000001eeae                WS2812_Style_Normal
 .text.WS2812_Style_Touch
                0x000000000001ef72       0xd6 ./HAL/WS2812.o
                0x000000000001ef72                WS2812_Style_Touch
 .text.WS2812_Style_Custom
                0x000000000001f048       0xc0 ./HAL/WS2812.o
                0x000000000001f048                WS2812_Style_Custom
 .text.WS2812_Style_Breath
                0x000000000001f108      0x122 ./HAL/WS2812.o
                0x000000000001f108                WS2812_Style_Breath
 .text.WS2812_Style_Waterful
                0x000000000001f22a       0xb0 ./HAL/WS2812.o
                0x000000000001f22a                WS2812_Style_Waterful
 .text.WS2812_Style_Rainbow
                0x000000000001f2da      0x340 ./HAL/WS2812.o
                0x000000000001f2da                WS2812_Style_Rainbow
 .text.DATAFLASH_Read_LEDStyle
                0x000000000001f61a       0x9c ./HAL/WS2812.o
                0x000000000001f61a                DATAFLASH_Read_LEDStyle
 .text.WS2812_PWM_Init
                0x000000000001f6b6       0x26 ./HAL/WS2812.o
                0x000000000001f6b6                WS2812_PWM_Init
 .text.WS2812_Send
                0x000000000001f6dc       0x7e ./HAL/WS2812.o
                0x000000000001f6dc                WS2812_Send
 .text.GetLampArrayAttributesReport
                0x000000000001f75a       0x2c ./HAL/WS2812.o
                0x000000000001f75a                GetLampArrayAttributesReport
 .text.GetLampAttributesReport
                0x000000000001f786       0x84 ./HAL/WS2812.o
                0x000000000001f786                GetLampAttributesReport
 .text.SetLampAttributesId
                0x000000000001f80a       0x12 ./HAL/WS2812.o
                0x000000000001f80a                SetLampAttributesId
 .text.SetMultipleLamps
                0x000000000001f81c       0x76 ./HAL/WS2812.o
                0x000000000001f81c                SetMultipleLamps
 .text.SetLampRange
                0x000000000001f892       0x50 ./HAL/WS2812.o
                0x000000000001f892                SetLampRange
 .text.SetAutonomousMode
                0x000000000001f8e2       0x40 ./HAL/WS2812.o
                0x000000000001f8e2                SetAutonomousMode
 .text.startup.main
                0x000000000001f922       0x6a ./APP/main.o
                0x000000000001f922                main
 .text.CheckOverlap
                0x000000000001f98c       0x64 ./APP/snake.o
 .text.ProduceFood
                0x000000000001f9f0       0x86 ./APP/snake.o
 .text.Snake_Init
                0x000000000001fa76       0x64 ./APP/snake.o
                0x000000000001fa76                Snake_Init
 .text.MoveSnake
                0x000000000001fada      0x206 ./APP/snake.o
                0x000000000001fada                MoveSnake
 .text.via_data_processing
                0x000000000001fce0      0xb16 ./APP/tp78_via.o
                0x000000000001fce0                via_data_processing
 .text.TPM_init
                0x00000000000207f6       0x16 E:\Project\tp78_v2\mounriver_project\KEYBOARD_CH582M\LIB\libTP78_TPM.a(TPM_LIB.o)
                0x00000000000207f6                TPM_init
 .text.TPM_scan
                0x000000000002080c      0x23c E:\Project\tp78_v2\mounriver_project\KEYBOARD_CH582M\LIB\libTP78_TPM.a(TPM_LIB.o)
                0x000000000002080c                TPM_scan
 .text.TPM_notify_key_data
                0x0000000000020a48       0x42 E:\Project\tp78_v2\mounriver_project\KEYBOARD_CH582M\LIB\libTP78_TPM.a(TPM_LIB.o)
                0x0000000000020a48                TPM_notify_key_data
 .text.TPM_notify_led_data
                0x0000000000020a8a       0x3e E:\Project\tp78_v2\mounriver_project\KEYBOARD_CH582M\LIB\libTP78_TPM.a(TPM_LIB.o)
                0x0000000000020a8a                TPM_notify_led_data
 .text.TPM_notify_backlight_ready
                0x0000000000020ac8       0x40 E:\Project\tp78_v2\mounriver_project\KEYBOARD_CH582M\LIB\libTP78_TPM.a(TPM_LIB.o)
                0x0000000000020ac8                TPM_notify_backlight_ready
 .text.TPM_notify_backlight_data
                0x0000000000020b08       0x3e E:\Project\tp78_v2\mounriver_project\KEYBOARD_CH582M\LIB\libTP78_TPM.a(TPM_LIB.o)
                0x0000000000020b08                TPM_notify_backlight_data
 .text.TPM_notify_sleep_data
                0x0000000000020b46       0x3e E:\Project\tp78_v2\mounriver_project\KEYBOARD_CH582M\LIB\libTP78_TPM.a(TPM_LIB.o)
                0x0000000000020b46                TPM_notify_sleep_data
 .text.TPM_process_data
                0x0000000000020b84      0x33a E:\Project\tp78_v2\mounriver_project\KEYBOARD_CH582M\LIB\libTP78_TPM.a(TPM_LIB.o)
                0x0000000000020b84                TPM_process_data
 .text.tmos_msg_enqueue
                0x0000000000020ebe       0x1e E:\Project\tp78_v2\mounriver_project\KEYBOARD_CH582M\LIB\libCH58xBLE.a(message.o)
                0x0000000000020ebe                tmos_msg_enqueue
 .text.tmos_msg_deallocate
                0x0000000000020edc       0x2c E:\Project\tp78_v2\mounriver_project\KEYBOARD_CH582M\LIB\libCH58xBLE.a(message.o)
                0x0000000000020edc                tmos_msg_deallocate
 .text.tmos_msg_allocate
                0x0000000000020f08       0x46 E:\Project\tp78_v2\mounriver_project\KEYBOARD_CH582M\LIB\libCH58xBLE.a(message.o)
                0x0000000000020f08                tmos_msg_allocate
 .text.tmos_msg_receive
                0x0000000000020f4e       0x72 E:\Project\tp78_v2\mounriver_project\KEYBOARD_CH582M\LIB\libCH58xBLE.a(message.o)
                0x0000000000020f4e                tmos_msg_receive
 .text.tmos_msg_send
                0x0000000000020fc0       0x66 E:\Project\tp78_v2\mounriver_project\KEYBOARD_CH582M\LIB\libCH58xBLE.a(message.o)
                0x0000000000020fc0                tmos_msg_send
 .text.tmos_msg_init
                0x0000000000021026        0xa E:\Project\tp78_v2\mounriver_project\KEYBOARD_CH582M\LIB\libCH58xBLE.a(message.o)
                0x0000000000021026                tmos_msg_init
 .text.tmosFindTask
                0x0000000000021030       0x24 E:\Project\tp78_v2\mounriver_project\KEYBOARD_CH582M\LIB\libCH58xBLE.a(tmos.o)
 .text.TMOS_CB_PeriodicProcessEvent
                0x0000000000021054       0x86 E:\Project\tp78_v2\mounriver_project\KEYBOARD_CH582M\LIB\libCH58xBLE.a(tmos.o)
                0x0000000000021054                TMOS_CB_PeriodicProcessEvent
 .text.TMOS_CB_ProcessEvent
                0x00000000000210da       0x84 E:\Project\tp78_v2\mounriver_project\KEYBOARD_CH582M\LIB\libCH58xBLE.a(tmos.o)
                0x00000000000210da                TMOS_CB_ProcessEvent
 .text.tmos_rand
                0x000000000002115e       0x52 E:\Project\tp78_v2\mounriver_project\KEYBOARD_CH582M\LIB\libCH58xBLE.a(tmos.o)
                0x000000000002115e                tmos_rand
 .text.tmos_proces_sleep
                0x00000000000211b0      0x132 E:\Project\tp78_v2\mounriver_project\KEYBOARD_CH582M\LIB\libCH58xBLE.a(tmos.o)
                0x00000000000211b0                tmos_proces_sleep
 .text.tmos_start_periodic_callback_task
                0x00000000000212e2       0xfc E:\Project\tp78_v2\mounriver_project\KEYBOARD_CH582M\LIB\libCH58xBLE.a(tmos.o)
                0x00000000000212e2                tmos_start_periodic_callback_task
 .text.tmos_set_event
                0x00000000000213de       0x2e E:\Project\tp78_v2\mounriver_project\KEYBOARD_CH582M\LIB\libCH58xBLE.a(tmos.o)
                0x00000000000213de                tmos_set_event
 .text.tmos_clear_event
                0x000000000002140c       0x32 E:\Project\tp78_v2\mounriver_project\KEYBOARD_CH582M\LIB\libCH58xBLE.a(tmos.o)
                0x000000000002140c                tmos_clear_event
 .text.tmos_update_callback_timer
                0x000000000002143e       0xc4 E:\Project\tp78_v2\mounriver_project\KEYBOARD_CH582M\LIB\libCH58xBLE.a(tmos.o)
                0x000000000002143e                tmos_update_callback_timer
 .text.tmos_start_task
                0x0000000000021502      0x120 E:\Project\tp78_v2\mounriver_project\KEYBOARD_CH582M\LIB\libCH58xBLE.a(tmos.o)
                0x0000000000021502                tmos_start_task
 .text.tmos_start_callback_task
                0x0000000000021622       0x9a E:\Project\tp78_v2\mounriver_project\KEYBOARD_CH582M\LIB\libCH58xBLE.a(tmos.o)
                0x0000000000021622                tmos_start_callback_task
 .text.tmos_start_reload_task
                0x00000000000216bc       0x58 E:\Project\tp78_v2\mounriver_project\KEYBOARD_CH582M\LIB\libCH58xBLE.a(tmos.o)
                0x00000000000216bc                tmos_start_reload_task
 .text.tmos_stop_task
                0x0000000000021714       0x52 E:\Project\tp78_v2\mounriver_project\KEYBOARD_CH582M\LIB\libCH58xBLE.a(tmos.o)
                0x0000000000021714                tmos_stop_task
 .text.tmos_stop_callback_task
                0x0000000000021766       0x5c E:\Project\tp78_v2\mounriver_project\KEYBOARD_CH582M\LIB\libCH58xBLE.a(tmos.o)
                0x0000000000021766                tmos_stop_callback_task
 .text.tmos_get_task_timer
                0x00000000000217c2       0x6c E:\Project\tp78_v2\mounriver_project\KEYBOARD_CH582M\LIB\libCH58xBLE.a(tmos.o)
                0x00000000000217c2                tmos_get_task_timer
 .text.TMOS_TimerRegister
                0x000000000002182e       0x1e E:\Project\tp78_v2\mounriver_project\KEYBOARD_CH582M\LIB\libCH58xBLE.a(tmos.o)
                0x000000000002182e                TMOS_TimerRegister
 .text.TMOS_ProcessRegister
                0x000000000002184c       0x16 E:\Project\tp78_v2\mounriver_project\KEYBOARD_CH582M\LIB\libCH58xBLE.a(tmos.o)
                0x000000000002184c                TMOS_ProcessRegister
 .text.TMOS_Init
                0x0000000000021862      0x12e E:\Project\tp78_v2\mounriver_project\KEYBOARD_CH582M\LIB\libCH58xBLE.a(tmos.o)
                0x0000000000021862                TMOS_Init
 .text.TMOS_ProcessEventRegister
                0x0000000000021990       0x3c E:\Project\tp78_v2\mounriver_project\KEYBOARD_CH582M\LIB\libCH58xBLE.a(tmos.o)
                0x0000000000021990                TMOS_ProcessEventRegister
 .text.BLE_LibInit
                0x00000000000219cc      0x174 E:\Project\tp78_v2\mounriver_project\KEYBOARD_CH582M\LIB\libCH58xBLE.a(tmos.o)
                0x00000000000219cc                BLE_LibInit
 .text.clockGetTickValve
                0x0000000000021b40       0x70 E:\Project\tp78_v2\mounriver_project\KEYBOARD_CH582M\LIB\libCH58xBLE.a(tmos_hw.o)
 .text.ll_get_sca_divisor
                0x0000000000021bb0       0x40 E:\Project\tp78_v2\mounriver_project\KEYBOARD_CH582M\LIB\libCH58xBLE.a(tmos_hw.o)
                0x0000000000021bb0                ll_get_sca_divisor
 .text.ll_get_sca_own
                0x0000000000021bf0       0x46 E:\Project\tp78_v2\mounriver_project\KEYBOARD_CH582M\LIB\libCH58xBLE.a(tmos_hw.o)
                0x0000000000021bf0                ll_get_sca_own
 .text.ble_ll_common_rand8
                0x0000000000021c36       0x24 E:\Project\tp78_v2\mounriver_project\KEYBOARD_CH582M\LIB\libCH58xBLE.a(tmos_hw.o)
                0x0000000000021c36                ble_ll_common_rand8
 .text.ble_ll_common_rand16
                0x0000000000021c5a       0x24 E:\Project\tp78_v2\mounriver_project\KEYBOARD_CH582M\LIB\libCH58xBLE.a(tmos_hw.o)
                0x0000000000021c5a                ble_ll_common_rand16
 .text.ble_ll_common_rand32
                0x0000000000021c7e       0x20 E:\Project\tp78_v2\mounriver_project\KEYBOARD_CH582M\LIB\libCH58xBLE.a(tmos_hw.o)
                0x0000000000021c7e                ble_ll_common_rand32
 .text.TMOS_TempSample
                0x0000000000021c9e       0x62 E:\Project\tp78_v2\mounriver_project\KEYBOARD_CH582M\LIB\libCH58xBLE.a(tmos_hw.o)
                0x0000000000021c9e                TMOS_TempSample
 .text.TMOS_TimerInit
                0x0000000000021d00       0xca E:\Project\tp78_v2\mounriver_project\KEYBOARD_CH582M\LIB\libCH58xBLE.a(tmos_hw.o)
                0x0000000000021d00                TMOS_TimerInit
 .text.tmos_snv_init
                0x0000000000021dca       0xc0 E:\Project\tp78_v2\mounriver_project\KEYBOARD_CH582M\LIB\libCH58xBLE.a(tmos_snv.o)
                0x0000000000021dca                tmos_snv_init
 .text.tmos_snv_clear
                0x0000000000021e8a       0xb2 E:\Project\tp78_v2\mounriver_project\KEYBOARD_CH582M\LIB\libCH58xBLE.a(tmos_snv.o)
                0x0000000000021e8a                tmos_snv_clear
 .text.tmos_snv_read
                0x0000000000021f3c      0x292 E:\Project\tp78_v2\mounriver_project\KEYBOARD_CH582M\LIB\libCH58xBLE.a(tmos_snv.o)
                0x0000000000021f3c                tmos_snv_read
 .text.tmos_snv_notify
                0x00000000000221ce       0x5a E:\Project\tp78_v2\mounriver_project\KEYBOARD_CH582M\LIB\libCH58xBLE.a(tmos_snv.o)
                0x00000000000221ce                tmos_snv_notify
 .text.tmos_snv_write
                0x0000000000022228      0x2ce E:\Project\tp78_v2\mounriver_project\KEYBOARD_CH582M\LIB\libCH58xBLE.a(tmos_snv.o)
                0x0000000000022228                tmos_snv_write
 .text.tmos_snv_compact
                0x00000000000224f6        0x4 E:\Project\tp78_v2\mounriver_project\KEYBOARD_CH582M\LIB\libCH58xBLE.a(tmos_snv.o)
                0x00000000000224f6                tmos_snv_compact
 .text.disconnectNext
                0x00000000000224fa       0x22 E:\Project\tp78_v2\mounriver_project\KEYBOARD_CH582M\LIB\libCH58xBLE.a(gap.o)
 .text.GAP_ParamInit
                0x000000000002251c      0x160 E:\Project\tp78_v2\mounriver_project\KEYBOARD_CH582M\LIB\libCH58xBLE.a(gap.o)
                0x000000000002251c                GAP_ParamInit
 .text.sendTerminateEvent
                0x000000000002267c       0x58 E:\Project\tp78_v2\mounriver_project\KEYBOARD_CH582M\LIB\libCH58xBLE.a(gap.o)
                0x000000000002267c                sendTerminateEvent
 .text.gapRegisterCentral
                0x00000000000226d4        0x6 E:\Project\tp78_v2\mounriver_project\KEYBOARD_CH582M\LIB\libCH58xBLE.a(gap.o)
                0x00000000000226d4                gapRegisterCentral
 .text.gapRegisterCentralConn
                0x00000000000226da        0x6 E:\Project\tp78_v2\mounriver_project\KEYBOARD_CH582M\LIB\libCH58xBLE.a(gap.o)
                0x00000000000226da                gapRegisterCentralConn
 .text.gapRegisterPeripheral
                0x00000000000226e0        0x6 E:\Project\tp78_v2\mounriver_project\KEYBOARD_CH582M\LIB\libCH58xBLE.a(gap.o)
                0x00000000000226e0                gapRegisterPeripheral
 .text.gapRegisterPeripheralConn
                0x00000000000226e6        0x6 E:\Project\tp78_v2\mounriver_project\KEYBOARD_CH582M\LIB\libCH58xBLE.a(gap.o)
                0x00000000000226e6                gapRegisterPeripheralConn
 .text.smGenerateRandBuf
                0x00000000000226ec       0x56 E:\Project\tp78_v2\mounriver_project\KEYBOARD_CH582M\LIB\libCH58xBLE.a(gap.o)
                0x00000000000226ec                smGenerateRandBuf
 .text.gapL2capConnParamUpdateReq
                0x0000000000022742       0x36 E:\Project\tp78_v2\mounriver_project\KEYBOARD_CH582M\LIB\libCH58xBLE.a(gap.o)
                0x0000000000022742                gapL2capConnParamUpdateReq
 .text.gapValidADType
                0x0000000000022778       0x16 E:\Project\tp78_v2\mounriver_project\KEYBOARD_CH582M\LIB\libCH58xBLE.a(gap.o)
                0x0000000000022778                gapValidADType
 .text.gapFindADType
                0x000000000002278e       0x94 E:\Project\tp78_v2\mounriver_project\KEYBOARD_CH582M\LIB\libCH58xBLE.a(gap.o)
                0x000000000002278e                gapFindADType
 .text.GAP_SecParamsInit
                0x0000000000022822       0xae E:\Project\tp78_v2\mounriver_project\KEYBOARD_CH582M\LIB\libCH58xBLE.a(gap.o)
                0x0000000000022822                GAP_SecParamsInit
 .text.GAP_ParamsInit
                0x00000000000228d0       0x50 E:\Project\tp78_v2\mounriver_project\KEYBOARD_CH582M\LIB\libCH58xBLE.a(gap.o)
                0x00000000000228d0                GAP_ParamsInit
 .text.gapAddAddrAdj
                0x0000000000022920       0x48 E:\Project\tp78_v2\mounriver_project\KEYBOARD_CH582M\LIB\libCH58xBLE.a(gap.o)
                0x0000000000022920                gapAddAddrAdj
 .text.gapDetermineAddrType
                0x0000000000022968       0x28 E:\Project\tp78_v2\mounriver_project\KEYBOARD_CH582M\LIB\libCH58xBLE.a(gap.o)
                0x0000000000022968                gapDetermineAddrType
 .text.gapFreeAuthLink
                0x0000000000022990       0x4a E:\Project\tp78_v2\mounriver_project\KEYBOARD_CH582M\LIB\libCH58xBLE.a(gap.o)
                0x0000000000022990                gapFreeAuthLink
 .text.gapGetDevAddress
                0x00000000000229da       0x24 E:\Project\tp78_v2\mounriver_project\KEYBOARD_CH582M\LIB\libCH58xBLE.a(gap.o)
                0x00000000000229da                gapGetDevAddress
 .text.gapGetDevAddressMode
                0x00000000000229fe        0xa E:\Project\tp78_v2\mounriver_project\KEYBOARD_CH582M\LIB\libCH58xBLE.a(gap.o)
                0x00000000000229fe                gapGetDevAddressMode
 .text.gapGetIRK
                0x0000000000022a08        0xc E:\Project\tp78_v2\mounriver_project\KEYBOARD_CH582M\LIB\libCH58xBLE.a(gap.o)
                0x0000000000022a08                gapGetIRK
 .text.gapGetSRK
                0x0000000000022a14        0xc E:\Project\tp78_v2\mounriver_project\KEYBOARD_CH582M\LIB\libCH58xBLE.a(gap.o)
                0x0000000000022a14                gapGetSRK
 .text.gapGetSignCounter
                0x0000000000022a20        0xe E:\Project\tp78_v2\mounriver_project\KEYBOARD_CH582M\LIB\libCH58xBLE.a(gap.o)
                0x0000000000022a20                gapGetSignCounter
 .text.gapIncSignCounter
                0x0000000000022a2e       0x28 E:\Project\tp78_v2\mounriver_project\KEYBOARD_CH582M\LIB\libCH58xBLE.a(gap.o)
                0x0000000000022a2e                gapIncSignCounter
 .text.gapProcessConnEvt
                0x0000000000022a56       0x48 E:\Project\tp78_v2\mounriver_project\KEYBOARD_CH582M\LIB\libCH58xBLE.a(gap.o)
                0x0000000000022a56                gapProcessConnEvt
 .text.gapProcessDisconnectCompleteEvt
                0x0000000000022a9e       0xaa E:\Project\tp78_v2\mounriver_project\KEYBOARD_CH582M\LIB\libCH58xBLE.a(gap.o)
                0x0000000000022a9e                gapProcessDisconnectCompleteEvt
 .text.sendAuthEvent
                0x0000000000022b48      0x120 E:\Project\tp78_v2\mounriver_project\KEYBOARD_CH582M\LIB\libCH58xBLE.a(gap.o)
                0x0000000000022b48                sendAuthEvent
 .text.gapSendBondCompleteEvent
                0x0000000000022c68       0x74 E:\Project\tp78_v2\mounriver_project\KEYBOARD_CH582M\LIB\libCH58xBLE.a(gap.o)
                0x0000000000022c68                gapSendBondCompleteEvent
 .text.gapSendPairingReqEvent
                0x0000000000022cdc       0x96 E:\Project\tp78_v2\mounriver_project\KEYBOARD_CH582M\LIB\libCH58xBLE.a(gap.o)
                0x0000000000022cdc                gapSendPairingReqEvent
 .text.gapSendSlaveSecurityReqEvent
                0x0000000000022d72       0x68 E:\Project\tp78_v2\mounriver_project\KEYBOARD_CH582M\LIB\libCH58xBLE.a(gap.o)
                0x0000000000022d72                gapSendSlaveSecurityReqEvent
 .text.gapSendDeviceInitDoneEvent
                0x0000000000022dda       0x88 E:\Project\tp78_v2\mounriver_project\KEYBOARD_CH582M\LIB\libCH58xBLE.a(gap.o)
                0x0000000000022dda                gapSendDeviceInitDoneEvent
 .text.gapSendLinkUpdateEvent
                0x0000000000022e62       0xb2 E:\Project\tp78_v2\mounriver_project\KEYBOARD_CH582M\LIB\libCH58xBLE.a(gap.o)
                0x0000000000022e62                gapSendLinkUpdateEvent
 .text.gapSendPhyUpdateEvent
                0x0000000000022f14       0x58 E:\Project\tp78_v2\mounriver_project\KEYBOARD_CH582M\LIB\libCH58xBLE.a(gap.o)
                0x0000000000022f14                gapSendPhyUpdateEvent
 .text.gapSendEstLinkEvent
                0x0000000000022f6c       0xbc E:\Project\tp78_v2\mounriver_project\KEYBOARD_CH582M\LIB\libCH58xBLE.a(gap.o)
                0x0000000000022f6c                gapSendEstLinkEvent
 .text.gapProcessNewAddr
                0x0000000000023028       0x3e E:\Project\tp78_v2\mounriver_project\KEYBOARD_CH582M\LIB\libCH58xBLE.a(gap.o)
                0x0000000000023028                gapProcessNewAddr
 .text.gapProcessRandomAddrComplete
                0x0000000000023066       0xb6 E:\Project\tp78_v2\mounriver_project\KEYBOARD_CH582M\LIB\libCH58xBLE.a(gap.o)
                0x0000000000023066                gapProcessRandomAddrComplete
 .text.GAP_Authenticate
                0x000000000002311c       0xde E:\Project\tp78_v2\mounriver_project\KEYBOARD_CH582M\LIB\libCH58xBLE.a(gap.o)
                0x000000000002311c                GAP_Authenticate
 .text.GAP_Bond
                0x00000000000231fa       0xaa E:\Project\tp78_v2\mounriver_project\KEYBOARD_CH582M\LIB\libCH58xBLE.a(gap.o)
                0x00000000000231fa                GAP_Bond
 .text.GAP_GetParamValue
                0x00000000000232a4       0x20 E:\Project\tp78_v2\mounriver_project\KEYBOARD_CH582M\LIB\libCH58xBLE.a(gap.o)
                0x00000000000232a4                GAP_GetParamValue
 .text.GAP_PasscodeUpdate
                0x00000000000232c4       0x54 E:\Project\tp78_v2\mounriver_project\KEYBOARD_CH582M\LIB\libCH58xBLE.a(gap.o)
                0x00000000000232c4                GAP_PasscodeUpdate
 .text.GAP_RegisterForMsgs
                0x0000000000023318        0xa E:\Project\tp78_v2\mounriver_project\KEYBOARD_CH582M\LIB\libCH58xBLE.a(gap.o)
                0x0000000000023318                GAP_RegisterForMsgs
 .text.GAP_ResolvePrivateAddr
                0x0000000000023322        0x4 E:\Project\tp78_v2\mounriver_project\KEYBOARD_CH582M\LIB\libCH58xBLE.a(gap.o)
                0x0000000000023322                GAP_ResolvePrivateAddr
 .text.gapPairingCompleteCB
                0x0000000000023326      0x18c E:\Project\tp78_v2\mounriver_project\KEYBOARD_CH582M\LIB\libCH58xBLE.a(gap.o)
                0x0000000000023326                gapPairingCompleteCB
 .text.gapPasskeyNeededCB
                0x00000000000234b2       0x8e E:\Project\tp78_v2\mounriver_project\KEYBOARD_CH582M\LIB\libCH58xBLE.a(gap.o)
                0x00000000000234b2                gapPasskeyNeededCB
 .text.gapOobNeededCB
                0x0000000000023540       0xa6 E:\Project\tp78_v2\mounriver_project\KEYBOARD_CH582M\LIB\libCH58xBLE.a(gap.o)
                0x0000000000023540                gapOobNeededCB
 .text.gapFreeEstLink
                0x00000000000235e6       0x20 E:\Project\tp78_v2\mounriver_project\KEYBOARD_CH582M\LIB\libCH58xBLE.a(gap.o)
                0x00000000000235e6                gapFreeEstLink
 .text.gapUpdateConnSignCounter
                0x0000000000023606       0x7a E:\Project\tp78_v2\mounriver_project\KEYBOARD_CH582M\LIB\libCH58xBLE.a(gap.o)
                0x0000000000023606                gapUpdateConnSignCounter
 .text.GAP_SendSlaveSecurityRequest
                0x0000000000023680       0x4a E:\Project\tp78_v2\mounriver_project\KEYBOARD_CH582M\LIB\libCH58xBLE.a(gap.o)
                0x0000000000023680                GAP_SendSlaveSecurityRequest
 .text.GAP_Signable
                0x00000000000236ca       0x6a E:\Project\tp78_v2\mounriver_project\KEYBOARD_CH582M\LIB\libCH58xBLE.a(gap.o)
                0x00000000000236ca                GAP_Signable
 .text.GAP_TerminateAuth
                0x0000000000023734       0x2a E:\Project\tp78_v2\mounriver_project\KEYBOARD_CH582M\LIB\libCH58xBLE.a(gap.o)
                0x0000000000023734                GAP_TerminateAuth
 .text.GAP_NumActiveConnections
                0x000000000002375e        0x4 E:\Project\tp78_v2\mounriver_project\KEYBOARD_CH582M\LIB\libCH58xBLE.a(gap.o)
                0x000000000002375e                GAP_NumActiveConnections
 .text.GAP_TerminateLinkReq
                0x0000000000023762       0x8e E:\Project\tp78_v2\mounriver_project\KEYBOARD_CH582M\LIB\libCH58xBLE.a(gap.o)
                0x0000000000023762                GAP_TerminateLinkReq
 .text.GAP_SetParamValue
                0x00000000000237f0       0x6c E:\Project\tp78_v2\mounriver_project\KEYBOARD_CH582M\LIB\libCH58xBLE.a(gap.o)
                0x00000000000237f0                GAP_SetParamValue
 .text.GAP_Init
                0x000000000002385c       0x48 E:\Project\tp78_v2\mounriver_project\KEYBOARD_CH582M\LIB\libCH58xBLE.a(gap.o)
                0x000000000002385c                GAP_Init
 .text.GAP_ProcessEvent
                0x00000000000238a4      0x664 E:\Project\tp78_v2\mounriver_project\KEYBOARD_CH582M\LIB\libCH58xBLE.a(gap.o)
                0x00000000000238a4                GAP_ProcessEvent
 .text.gapSendScanEnable
                0x0000000000023f08       0x3a E:\Project\tp78_v2\mounriver_project\KEYBOARD_CH582M\LIB\libCH58xBLE.a(gap_central.o)
 .text.gapCentProcessConnEvt
                0x0000000000023f42      0x168 E:\Project\tp78_v2\mounriver_project\KEYBOARD_CH582M\LIB\libCH58xBLE.a(gap_central.o)
                0x0000000000023f42                gapCentProcessConnEvt
 .text.gapProcessScanningPeriodicAdvEvt
                0x00000000000240aa       0xa0 E:\Project\tp78_v2\mounriver_project\KEYBOARD_CH582M\LIB\libCH58xBLE.a(gap_central.o)
                0x00000000000240aa                gapProcessScanningPeriodicAdvEvt
 .text.gapCancelLinkReq
                0x000000000002414a       0x38 E:\Project\tp78_v2\mounriver_project\KEYBOARD_CH582M\LIB\libCH58xBLE.a(gap_central.o)
                0x000000000002414a                gapCancelLinkReq
 .text.gapProcessAdvertDevInfo
                0x0000000000024182      0x242 E:\Project\tp78_v2\mounriver_project\KEYBOARD_CH582M\LIB\libCH58xBLE.a(gap_central.o)
                0x0000000000024182                gapProcessAdvertDevInfo
 .text.gapProcessExtAdvertDevInfo
                0x00000000000243c4      0x260 E:\Project\tp78_v2\mounriver_project\KEYBOARD_CH582M\LIB\libCH58xBLE.a(gap_central.o)
                0x00000000000243c4                gapProcessExtAdvertDevInfo
 .text.gapProcessPeriodicAdvertisingSyncEstablishedEvt
                0x0000000000024624       0xae E:\Project\tp78_v2\mounriver_project\KEYBOARD_CH582M\LIB\libCH58xBLE.a(gap_central.o)
                0x0000000000024624                gapProcessPeriodicAdvertisingSyncEstablishedEvt
 .text.gapProcessPeriodicAdvertisingSyncLostEvt
                0x00000000000246d2       0x56 E:\Project\tp78_v2\mounriver_project\KEYBOARD_CH582M\LIB\libCH58xBLE.a(gap_central.o)
                0x00000000000246d2                gapProcessPeriodicAdvertisingSyncLostEvt
 .text.gapFreeScanRecs
                0x0000000000024728       0xa6 E:\Project\tp78_v2\mounriver_project\KEYBOARD_CH582M\LIB\libCH58xBLE.a(gap_central.o)
                0x0000000000024728                gapFreeScanRecs
 .text.gapSendDevDiscEvent
                0x00000000000247ce      0x126 E:\Project\tp78_v2\mounriver_project\KEYBOARD_CH582M\LIB\libCH58xBLE.a(gap_central.o)
                0x00000000000247ce                gapSendDevDiscEvent
 .text.gapSetScanParamStatus
                0x00000000000248f4       0x58 E:\Project\tp78_v2\mounriver_project\KEYBOARD_CH582M\LIB\libCH58xBLE.a(gap_central.o)
 .text.gapCentProcessHCICmdEvt
                0x000000000002494c       0x3e E:\Project\tp78_v2\mounriver_project\KEYBOARD_CH582M\LIB\libCH58xBLE.a(gap_central.o)
                0x000000000002494c                gapCentProcessHCICmdEvt
 .text.gapProcessScanningEvt
                0x000000000002498a      0x110 E:\Project\tp78_v2\mounriver_project\KEYBOARD_CH582M\LIB\libCH58xBLE.a(gap_central.o)
                0x000000000002498a                gapProcessScanningEvt
 .text.gapProcessScanningDirectEvt
                0x0000000000024a9a       0xfe E:\Project\tp78_v2\mounriver_project\KEYBOARD_CH582M\LIB\libCH58xBLE.a(gap_central.o)
                0x0000000000024a9a                gapProcessScanningDirectEvt
 .text.gapProcessScanningExtAdvEvt
                0x0000000000024b98      0x26a E:\Project\tp78_v2\mounriver_project\KEYBOARD_CH582M\LIB\libCH58xBLE.a(gap_central.o)
                0x0000000000024b98                gapProcessScanningExtAdvEvt
 .text.GAP_CentConnRegister
                0x0000000000024e02       0x1a E:\Project\tp78_v2\mounriver_project\KEYBOARD_CH582M\LIB\libCH58xBLE.a(gap_central.o)
                0x0000000000024e02                GAP_CentConnRegister
 .text.GAP_CentralParamInit
                0x0000000000024e1c       0x6e E:\Project\tp78_v2\mounriver_project\KEYBOARD_CH582M\LIB\libCH58xBLE.a(gap_central.o)
                0x0000000000024e1c                GAP_CentralParamInit
 .text.GAP_CentDevMgrInit
                0x0000000000024e8a       0x9c E:\Project\tp78_v2\mounriver_project\KEYBOARD_CH582M\LIB\libCH58xBLE.a(gap_central.o)
                0x0000000000024e8a                GAP_CentDevMgrInit
 .text.gapFreeAdvertState
                0x0000000000024f26       0x20 E:\Project\tp78_v2\mounriver_project\KEYBOARD_CH582M\LIB\libCH58xBLE.a(gap_peripheral.o)
 .text.gapSetPeriodicAdvParams
                0x0000000000024f46       0x30 E:\Project\tp78_v2\mounriver_project\KEYBOARD_CH582M\LIB\libCH58xBLE.a(gap_peripheral.o)
 .text.gapSetConnectionlessCTEParams
                0x0000000000024f76       0x54 E:\Project\tp78_v2\mounriver_project\KEYBOARD_CH582M\LIB\libCH58xBLE.a(gap_peripheral.o)
 .text.gapSetAdvParams
                0x0000000000024fca       0xfc E:\Project\tp78_v2\mounriver_project\KEYBOARD_CH582M\LIB\libCH58xBLE.a(gap_peripheral.o)
 .text.gapPeriProcessConnEvt
                0x00000000000250c6       0xd0 E:\Project\tp78_v2\mounriver_project\KEYBOARD_CH582M\LIB\libCH58xBLE.a(gap_peripheral.o)
 .text.gapWriteAdvDataStatus
                0x0000000000025196       0x88 E:\Project\tp78_v2\mounriver_project\KEYBOARD_CH582M\LIB\libCH58xBLE.a(gap_peripheral.o)
 .text.GAP_MakeDiscoverable
                0x000000000002521e      0x174 E:\Project\tp78_v2\mounriver_project\KEYBOARD_CH582M\LIB\libCH58xBLE.a(gap_peripheral.o)
                0x000000000002521e                GAP_MakeDiscoverable
 .text.GAP_EndDiscoverable
                0x0000000000025392       0x66 E:\Project\tp78_v2\mounriver_project\KEYBOARD_CH582M\LIB\libCH58xBLE.a(gap_peripheral.o)
                0x0000000000025392                GAP_EndDiscoverable
 .text.gapProcessAdvertisingEvt
                0x00000000000253f8      0x118 E:\Project\tp78_v2\mounriver_project\KEYBOARD_CH582M\LIB\libCH58xBLE.a(gap_peripheral.o)
 .text.GAP_MakePeriodic
                0x0000000000025510       0x26 E:\Project\tp78_v2\mounriver_project\KEYBOARD_CH582M\LIB\libCH58xBLE.a(gap_peripheral.o)
                0x0000000000025510                GAP_MakePeriodic
 .text.GAP_EndPeriodic
                0x0000000000025536        0xc E:\Project\tp78_v2\mounriver_project\KEYBOARD_CH582M\LIB\libCH58xBLE.a(gap_peripheral.o)
                0x0000000000025536                GAP_EndPeriodic
 .text.GAP_MakeConnecttionlessCTE
                0x0000000000025542       0x1a E:\Project\tp78_v2\mounriver_project\KEYBOARD_CH582M\LIB\libCH58xBLE.a(gap_peripheral.o)
                0x0000000000025542                GAP_MakeConnecttionlessCTE
 .text.GAP_EndConnecttionlessCTE
                0x000000000002555c        0xc E:\Project\tp78_v2\mounriver_project\KEYBOARD_CH582M\LIB\libCH58xBLE.a(gap_peripheral.o)
                0x000000000002555c                GAP_EndConnecttionlessCTE
 .text.GAP_SetAdvertisingAdvData
                0x0000000000025568      0x102 E:\Project\tp78_v2\mounriver_project\KEYBOARD_CH582M\LIB\libCH58xBLE.a(gap_peripheral.o)
                0x0000000000025568                GAP_SetAdvertisingAdvData
 .text.GAP_SetAdvertisingRspData
                0x000000000002566a      0x102 E:\Project\tp78_v2\mounriver_project\KEYBOARD_CH582M\LIB\libCH58xBLE.a(gap_peripheral.o)
                0x000000000002566a                GAP_SetAdvertisingRspData
 .text.GAP_SetPeriodicAdvertisingData
                0x000000000002576c       0xc6 E:\Project\tp78_v2\mounriver_project\KEYBOARD_CH582M\LIB\libCH58xBLE.a(gap_peripheral.o)
                0x000000000002576c                GAP_SetPeriodicAdvertisingData
 .text.GAP_GetAdvertisingAdvData
                0x0000000000025832       0x26 E:\Project\tp78_v2\mounriver_project\KEYBOARD_CH582M\LIB\libCH58xBLE.a(gap_peripheral.o)
                0x0000000000025832                GAP_GetAdvertisingAdvData
 .text.GAP_GetAdvertisingRspData
                0x0000000000025858       0x34 E:\Project\tp78_v2\mounriver_project\KEYBOARD_CH582M\LIB\libCH58xBLE.a(gap_peripheral.o)
                0x0000000000025858                GAP_GetAdvertisingRspData
 .text.GAP_GetPeriodicAdvertisingData
                0x000000000002588c       0x34 E:\Project\tp78_v2\mounriver_project\KEYBOARD_CH582M\LIB\libCH58xBLE.a(gap_peripheral.o)
                0x000000000002588c                GAP_GetPeriodicAdvertisingData
 .text.GAP_PeriConnRegister
                0x00000000000258c0       0x2e E:\Project\tp78_v2\mounriver_project\KEYBOARD_CH582M\LIB\libCH58xBLE.a(gap_peripheral.o)
                0x00000000000258c0                GAP_PeriConnRegister
 .text.GAP_PeripheralParamInit
                0x00000000000258ee       0x6c E:\Project\tp78_v2\mounriver_project\KEYBOARD_CH582M\LIB\libCH58xBLE.a(gap_peripheral.o)
                0x00000000000258ee                GAP_PeripheralParamInit
 .text.gapSendMakeDiscEvent
                0x000000000002595a       0x50 E:\Project\tp78_v2\mounriver_project\KEYBOARD_CH582M\LIB\libCH58xBLE.a(gap_peripheral.o)
                0x000000000002595a                gapSendMakeDiscEvent
 .text.gapWriteAdvEnableStatus
                0x00000000000259aa      0x110 E:\Project\tp78_v2\mounriver_project\KEYBOARD_CH582M\LIB\libCH58xBLE.a(gap_peripheral.o)
 .text.gapSendMakePeriodicEvent
                0x0000000000025aba       0x3a E:\Project\tp78_v2\mounriver_project\KEYBOARD_CH582M\LIB\libCH58xBLE.a(gap_peripheral.o)
                0x0000000000025aba                gapSendMakePeriodicEvent
 .text.gapSendMakeConnectionlessCTEEvent
                0x0000000000025af4       0x3a E:\Project\tp78_v2\mounriver_project\KEYBOARD_CH582M\LIB\libCH58xBLE.a(gap_peripheral.o)
                0x0000000000025af4                gapSendMakeConnectionlessCTEEvent
 .text.gapPeriProcessHCICmdCompleteEvt
                0x0000000000025b2e      0x1e4 E:\Project\tp78_v2\mounriver_project\KEYBOARD_CH582M\LIB\libCH58xBLE.a(gap_peripheral.o)
 .text.GAP_PeriDevMgrInit
                0x0000000000025d12       0x2e E:\Project\tp78_v2\mounriver_project\KEYBOARD_CH582M\LIB\libCH58xBLE.a(gap_peripheral.o)
                0x0000000000025d12                GAP_PeriDevMgrInit
 .text.ggs_SetAttrWPermit
                0x0000000000025d40       0x68 E:\Project\tp78_v2\mounriver_project\KEYBOARD_CH582M\LIB\libCH58xBLE.a(gapgattserver.o)
 .text.ggs_ReadAttrCB
                0x0000000000025da8      0x156 E:\Project\tp78_v2\mounriver_project\KEYBOARD_CH582M\LIB\libCH58xBLE.a(gapgattserver.o)
 .text.ggs_WriteAttrCB
                0x0000000000025efe      0x15c E:\Project\tp78_v2\mounriver_project\KEYBOARD_CH582M\LIB\libCH58xBLE.a(gapgattserver.o)
 .text.GGS_ParamInit
                0x000000000002605a      0x23a E:\Project\tp78_v2\mounriver_project\KEYBOARD_CH582M\LIB\libCH58xBLE.a(gapgattserver.o)
                0x000000000002605a                GGS_ParamInit
 .text.GGS_SetParameter
                0x0000000000026294       0xe2 E:\Project\tp78_v2\mounriver_project\KEYBOARD_CH582M\LIB\libCH58xBLE.a(gapgattserver.o)
                0x0000000000026294                GGS_SetParameter
 .text.GGS_AddService
                0x0000000000026376       0x2c E:\Project\tp78_v2\mounriver_project\KEYBOARD_CH582M\LIB\libCH58xBLE.a(gapgattserver.o)
                0x0000000000026376                GGS_AddService
 .text.GAP_DeviceInit
                0x00000000000263a2       0xd8 E:\Project\tp78_v2\mounriver_project\KEYBOARD_CH582M\LIB\libCH58xBLE.a(gapgattserver.o)
                0x00000000000263a2                GAP_DeviceInit
 .text.gattGetPayload
                0x000000000002647a       0x7e E:\Project\tp78_v2\mounriver_project\KEYBOARD_CH582M\LIB\libCH58xBLE.a(gatt.o)
                0x000000000002647a                gattGetPayload
 .text.gattNotifyEvent
                0x00000000000264f8       0x84 E:\Project\tp78_v2\mounriver_project\KEYBOARD_CH582M\LIB\libCH58xBLE.a(gatt.o)
                0x00000000000264f8                gattNotifyEvent
 .text.gattSendFlowCtrlEvt
                0x000000000002657c       0x52 E:\Project\tp78_v2\mounriver_project\KEYBOARD_CH582M\LIB\libCH58xBLE.a(gatt.o)
                0x000000000002657c                gattSendFlowCtrlEvt
 .text.gattStartTimer
                0x00000000000265ce        0xc E:\Project\tp78_v2\mounriver_project\KEYBOARD_CH582M\LIB\libCH58xBLE.a(gatt.o)
                0x00000000000265ce                gattStartTimer
 .text.gattStopTimer
                0x00000000000265da       0x32 E:\Project\tp78_v2\mounriver_project\KEYBOARD_CH582M\LIB\libCH58xBLE.a(gatt.o)
                0x00000000000265da                gattStopTimer
 .text.GATT_AppCompletedMsg
                0x000000000002660c       0x30 E:\Project\tp78_v2\mounriver_project\KEYBOARD_CH582M\LIB\libCH58xBLE.a(gatt.o)
                0x000000000002660c                GATT_AppCompletedMsg
 .text.GATT_NotifyEvent
                0x000000000002663c       0x56 E:\Project\tp78_v2\mounriver_project\KEYBOARD_CH582M\LIB\libCH58xBLE.a(gatt.o)
                0x000000000002663c                GATT_NotifyEvent
 .text.gattRegisterServer
                0x0000000000026692        0x6 E:\Project\tp78_v2\mounriver_project\KEYBOARD_CH582M\LIB\libCH58xBLE.a(gatt.o)
                0x0000000000026692                gattRegisterServer
 .text.GATT_UpdateMTU
                0x0000000000026698       0x5a E:\Project\tp78_v2\mounriver_project\KEYBOARD_CH582M\LIB\libCH58xBLE.a(gatt.o)
                0x0000000000026698                GATT_UpdateMTU
 .text.GATT_bm_alloc
                0x00000000000266f2       0xe8 E:\Project\tp78_v2\mounriver_project\KEYBOARD_CH582M\LIB\libCH58xBLE.a(gatt.o)
                0x00000000000266f2                GATT_bm_alloc
 .text.GATT_ServiceChangedInd
                0x00000000000267da       0x94 E:\Project\tp78_v2\mounriver_project\KEYBOARD_CH582M\LIB\libCH58xBLE.a(gatt.o)
                0x00000000000267da                GATT_ServiceChangedInd
 .text.GATT_bm_free
                0x000000000002686e       0x1c E:\Project\tp78_v2\mounriver_project\KEYBOARD_CH582M\LIB\libCH58xBLE.a(gatt.o)
                0x000000000002686e                GATT_bm_free
 .text.GATT_Init