Archive member included to satisfy reference by file (symbol)

E:\tp78_v2\mounriver_project\VLD_CH582M\StdPeriphDriver\libISP583.a(ISP583.o)
                              ./StdPeriphDriver/CH58x_flash.o (FLASH_EEPROM_CMD)
E:\tp78_v2\mounriver_project\VLD_CH582M\LIB\libCH58xBLE.a(message.o)
                              ./Profile/hiddev.o (tmos_msg_deallocate)
E:\tp78_v2\mounriver_project\VLD_CH582M\LIB\libCH58xBLE.a(tmos.o)
                              E:\tp78_v2\mounriver_project\VLD_CH582M\LIB\libCH58xBLE.a(message.o) (gTmosPara)
E:\tp78_v2\mounriver_project\VLD_CH582M\LIB\libCH58xBLE.a(tmos_hw.o)
                              E:\tp78_v2\mounriver_project\VLD_CH582M\LIB\libCH58xBLE.a(tmos.o) (fnGetClockCBs)
E:\tp78_v2\mounriver_project\VLD_CH582M\LIB\libCH58xBLE.a(tmos_snv.o)
                              E:\tp78_v2\mounriver_project\VLD_CH582M\LIB\libCH58xBLE.a(tmos.o) (tmos_snv_init)
E:\tp78_v2\mounriver_project\VLD_CH582M\LIB\libCH58xBLE.a(gap.o)
                              ./Profile/hiddev.o (GAP_SetParamValue)
E:\tp78_v2\mounriver_project\VLD_CH582M\LIB\libCH58xBLE.a(gap_central.o)
                              E:\tp78_v2\mounriver_project\VLD_CH582M\LIB\libCH58xBLE.a(gap.o) (gapProcessPeriodicAdvertisingSyncEstablishedEvt)
E:\tp78_v2\mounriver_project\VLD_CH582M\LIB\libCH58xBLE.a(gap_peripheral.o)
                              ./APP/hidmouse.o (GAP_ConfigDeviceAddr)
E:\tp78_v2\mounriver_project\VLD_CH582M\LIB\libCH58xBLE.a(gapgattserver.o)
                              ./APP/hidmouse.o (GGS_SetParameter)
E:\tp78_v2\mounriver_project\VLD_CH582M\LIB\libCH58xBLE.a(gatt.o)
                              ./Profile/battservice.o (GATT_bm_alloc)
E:\tp78_v2\mounriver_project\VLD_CH582M\LIB\libCH58xBLE.a(gatt_uuid.o)
                              ./Profile/battservice.o (reportRefUUID)
E:\tp78_v2\mounriver_project\VLD_CH582M\LIB\libCH58xBLE.a(gattclientapp.o)
                              E:\tp78_v2\mounriver_project\VLD_CH582M\LIB\libCH58xBLE.a(gatt.o) (gattGetClientStatus)
E:\tp78_v2\mounriver_project\VLD_CH582M\LIB\libCH58xBLE.a(gattservapp.o)
                              ./Profile/battservice.o (GATTServApp_ReadCharCfg)
E:\tp78_v2\mounriver_project\VLD_CH582M\LIB\libCH58xBLE.a(l2cap.o)
                              E:\tp78_v2\mounriver_project\VLD_CH582M\LIB\libCH58xBLE.a(gatt.o) (L2CAP_GetMTU)
E:\tp78_v2\mounriver_project\VLD_CH582M\LIB\libCH58xBLE.a(l2cap_input.o)
                              E:\tp78_v2\mounriver_project\VLD_CH582M\LIB\libCH58xBLE.a(l2cap.o) (l2capProcessRxData)
E:\tp78_v2\mounriver_project\VLD_CH582M\LIB\libCH58xBLE.a(l2cap_output.o)
                              E:\tp78_v2\mounriver_project\VLD_CH582M\LIB\libCH58xBLE.a(l2cap_input.o) (l2capNotifyData)
E:\tp78_v2\mounriver_project\VLD_CH582M\LIB\libCH58xBLE.a(l2cap_sdu.o)
                              E:\tp78_v2\mounriver_project\VLD_CH582M\LIB\libCH58xBLE.a(l2cap_input.o) (l2capBuildDisconnectRsp)
E:\tp78_v2\mounriver_project\VLD_CH582M\LIB\libCH58xBLE.a(linkdb.o)
                              E:\tp78_v2\mounriver_project\VLD_CH582M\LIB\libCH58xBLE.a(l2cap.o) (linkDB_Init)
E:\tp78_v2\mounriver_project\VLD_CH582M\LIB\libCH58xBLE.a(sm.o)
                              E:\tp78_v2\mounriver_project\VLD_CH582M\LIB\libCH58xBLE.a(gap.o) (smFreePairingParams)
E:\tp78_v2\mounriver_project\VLD_CH582M\LIB\libCH58xBLE.a(sm_initiator.o)
                              E:\tp78_v2\mounriver_project\VLD_CH582M\LIB\libCH58xBLE.a(sm.o) (smInitiatorSendNextKeyInfo)
E:\tp78_v2\mounriver_project\VLD_CH582M\LIB\libCH58xBLE.a(sm_pdu.o)
                              E:\tp78_v2\mounriver_project\VLD_CH582M\LIB\libCH58xBLE.a(sm.o) (smpBuildPairingReq)
E:\tp78_v2\mounriver_project\VLD_CH582M\LIB\libCH58xBLE.a(sm_responding.o)
                              E:\tp78_v2\mounriver_project\VLD_CH582M\LIB\libCH58xBLE.a(sm.o) (smResponderSendNextKeyInfo)
E:\tp78_v2\mounriver_project\VLD_CH582M\LIB\libCH58xBLE.a(sm_toolbox.o)
                              E:\tp78_v2\mounriver_project\VLD_CH582M\LIB\libCH58xBLE.a(sm.o) (sm_ah)
E:\tp78_v2\mounriver_project\VLD_CH582M\LIB\libCH58xBLE.a(host_input.o)
                              E:\tp78_v2\mounriver_project\VLD_CH582M\LIB\libCH58xBLE.a(gap.o) (gBleHostPara)
E:\tp78_v2\mounriver_project\VLD_CH582M\LIB\libCH58xBLE.a(host_output.o)
                              E:\tp78_v2\mounriver_project\VLD_CH582M\LIB\libCH58xBLE.a(gap.o) (HCI_DisconnectCmd)
E:\tp78_v2\mounriver_project\VLD_CH582M\LIB\libCH58xBLE.a(ll_connect.o)
                              E:\tp78_v2\mounriver_project\VLD_CH582M\LIB\libCH58xBLE.a(tmos.o) (LL_GetNextConnectEventTime)
E:\tp78_v2\mounriver_project\VLD_CH582M\LIB\libCH58xBLE.a(ll_core.o)
                              E:\tp78_v2\mounriver_project\VLD_CH582M\LIB\libCH58xBLE.a(ll_connect.o) (LL_CoreGetCore)
E:\tp78_v2\mounriver_project\VLD_CH582M\LIB\libCH58xBLE.a(ll_hop.o)
[...]
Memory Configuration

Name             Origin             Length             Attributes
FLASH            0x0000000000000000 0x0000000000070000 xr
RAM              0x0000000020000000 0x0000000000008000 xrw
*default*        0x0000000000000000 0xffffffffffffffff

Linker script and memory map

LOAD ./StdPeriphDriver/CH58x_adc.o
LOAD ./StdPeriphDriver/CH58x_clk.o
LOAD ./StdPeriphDriver/CH58x_flash.o
LOAD ./StdPeriphDriver/CH58x_gpio.o
LOAD ./StdPeriphDriver/CH58x_i2c.o
LOAD ./StdPeriphDriver/CH58x_pwm.o
LOAD ./StdPeriphDriver/CH58x_pwr.o
LOAD ./StdPeriphDriver/CH58x_spi0.o
LOAD ./StdPeriphDriver/CH58x_spi1.o
LOAD ./StdPeriphDriver/CH58x_sys.o
LOAD ./StdPeriphDriver/CH58x_timer0.o
LOAD ./StdPeriphDriver/CH58x_timer1.o
LOAD ./StdPeriphDriver/CH58x_timer2.o
LOAD ./StdPeriphDriver/CH58x_timer3.o
LOAD ./StdPeriphDriver/CH58x_uart0.o
LOAD ./StdPeriphDriver/CH58x_uart1.o
LOAD ./StdPeriphDriver/CH58x_uart2.o
LOAD ./StdPeriphDriver/CH58x_uart3.o
LOAD ./StdPeriphDriver/CH58x_usb2dev.o
LOAD ./StdPeriphDriver/CH58x_usb2hostBase.o
LOAD ./StdPeriphDriver/CH58x_usb2hostClass.o
LOAD ./StdPeriphDriver/CH58x_usbdev.o
LOAD ./StdPeriphDriver/CH58x_usbhostBase.o
LOAD ./StdPeriphDriver/CH58x_usbhostClass.o
LOAD ./Startup/startup_CH583.o
LOAD ./RVMSIS/core_riscv.o
LOAD ./Profile/battservice.o
LOAD ./Profile/devinfoservice.o
LOAD ./Profile/hiddev.o
LOAD ./Profile/hidmouseservice.o
LOAD ./Profile/scanparamservice.o
LOAD ./HAL/KEY.o
LOAD ./HAL/LED.o
LOAD ./HAL/MCU.o
LOAD ./HAL/RTC.o
LOAD ./HAL/SLEEP.o
LOAD ./APP/hidmouse.o
LOAD ./APP/main.o
LOAD E:\tp78_v2\mounriver_project\VLD_CH582M\StdPeriphDriver\libISP583.a
LOAD E:\tp78_v2\mounriver_project\VLD_CH582M\LIB\libCH58xBLE.a
LOAD c:/mounriver/mounriver_studio/toolchain/risc-v embedded gcc/bin/../lib/gcc/riscv-none-embed/8.2.0/rv32imac/ilp32\libgcc.a
LOAD c:/mounriver/mounriver_studio/toolchain/risc-v embedded gcc/bin/../lib/gcc/riscv-none-embed/8.2.0/../../../../riscv-none-embed/lib/rv32imac/ilp32\libg_nano.a
LOAD c:/mounriver/mounriver_studio/toolchain/risc-v embedded gcc/bin/../lib/gcc/riscv-none-embed/8.2.0/../../../../riscv-none-embed/lib/rv32imac/ilp32\libc_nano.a
LOAD c:/mounriver/mounriver_studio/toolchain/risc-v embedded gcc/bin/../lib/gcc/riscv-none-embed/8.2.0/rv32imac/ilp32\libgcc.a
START GROUP
LOAD c:/mounriver/mounriver_studio/toolchain/risc-v embedded gcc/bin/../lib/gcc/riscv-none-embed/8.2.0/rv32imac/ilp32\libgcc.a
LOAD c:/mounriver/mounriver_studio/toolchain/risc-v embedded gcc/bin/../lib/gcc/riscv-none-embed/8.2.0/../../../../riscv-none-embed/lib/rv32imac/ilp32\libc_nano.a
LOAD c:/mounriver/mounriver_studio/toolchain/risc-v embedded gcc/bin/../lib/gcc/riscv-none-embed/8.2.0/../../../../riscv-none-embed/lib/rv32imac/ilp32\libnosys.a
END GROUP
START GROUP
LOAD c:/mounriver/mounriver_studio/toolchain/risc-v embedded gcc/bin/../lib/gcc/riscv-none-embed/8.2.0/rv32imac/ilp32\libgcc.a
LOAD c:/mounriver/mounriver_studio/toolchain/risc-v embedded gcc/bin/../lib/gcc/riscv-none-embed/8.2.0/../../../../riscv-none-embed/lib/rv32imac/ilp32\libc_nano.a
LOAD c:/mounriver/mounriver_studio/toolchain/risc-v embedded gcc/bin/../lib/gcc/riscv-none-embed/8.2.0/../../../../riscv-none-embed/lib/rv32imac/ilp32\libnosys.a
END GROUP

.init           0x0000000000000000        0x4
                0x0000000000000000                _sinit = .
                0x0000000000000000                . = ALIGN (0x4)
 *(SORT_NONE(.init))
 .init          0x0000000000000000        0x4 ./Startup/startup_CH583.o
                0x0000000000000000                _start
                0x0000000000000004                . = ALIGN (0x4)
                0x0000000000000004                _einit = .

.highcodelalign
                0x0000000000000004        0x0
                0x0000000000000004                . = ALIGN (0x4)
                0x0000000000000004                PROVIDE (_highcode_lma = .)

.highcode       0x0000000020000000     0x1fd4 load address 0x0000000000000004
                0x0000000020000000                . = ALIGN (0x4)
                0x0000000020000000                PROVIDE (_highcode_vma_start = .)
 *(.vector)
 .vector        0x0000000020000000       0x90 ./Startup/startup_CH583.o
 *(SORT_NONE(.vector_handler))
 .vector_handler
                0x0000000020000090       0x36 ./Startup/startup_CH583.o
                0x0000000020000090                NMI_Handler
                0x0000000020000094                Ecall_M_Mode_Handler
                0x0000000020000096                Ecall_U_Mode_Handler
                0x0000000020000098                Break_Point_Handler
                0x000000002000009a                SysTick_Handler
                0x000000002000009c                SW_Handler
                0x000000002000009e                TMR0_IRQHandler
                0x00000000200000a0                GPIOA_IRQHandler
                0x00000000200000a2                GPIOB_IRQHandler
                0x00000000200000a4                SPI0_IRQHandler
                0x00000000200000a6                BB_IRQHandler
                0x00000000200000a8                LLE_IRQHandler
                0x00000000200000aa                USB_IRQHandler
                0x00000000200000ac                USB2_IRQHandler
                0x00000000200000ae                TMR1_IRQHandler
                0x00000000200000b0                TMR2_IRQHandler
                0x00000000200000b2                UART0_IRQHandler
                0x00000000200000b4                UART1_IRQHandler
                0x00000000200000b8                ADC_IRQHandler
                0x00000000200000ba                I2C_IRQHandler
                0x00000000200000bc                PWMX_IRQHandler
                0x00000000200000be                TMR3_IRQHandler
                0x00000000200000c0                UART2_IRQHandler
                0x00000000200000c2                UART3_IRQHandler
                0x00000000200000c4                WDOG_BAT_IRQHandler
 *(.highcode)
 .highcode      0x00000000200000c6      0x22c ./StdPeriphDriver/CH58x_sys.o
                0x00000000200000c6                SetSysClock
                0x000000002000023a                SYS_ResetExecute
                0x0000000020000276                HardFault_Handler
                0x00000000200002bc                mDelayuS
                0x00000000200002ca                mDelaymS
 .highcode      0x00000000200002f2       0x16 ./HAL/RTC.o
                0x00000000200002f2                RTC_IRQHandler
 .highcode      0x0000000020000308        0x8 ./APP/main.o
                0x0000000020000308                Main_Circulation
 .highcode      0x0000000020000310      0x426 E:\tp78_v2\mounriver_project\VLD_CH582M\StdPeriphDriver\libISP583.a(ISP583.o)
                0x0000000020000310                FLASH_ROM_BEG
                0x0000000020000322                FLASH_ROM_END
                0x0000000020000330                FLASH_ROM_IN
                0x000000002000033e                FLASH_ROM_OUT
                0x000000002000034c                FLASH_ROM_ADDR
                0x0000000020000394                FLASH_ROM_WAIT
                0x00000000200003cc                FLASH_EEPROM_CMD
 .highcode      0x0000000020000736      0x44c E:\tp78_v2\mounriver_project\VLD_CH582M\LIB\libCH58xBLE.a(tmos.o)
                0x0000000020000736                tmos_memcpy
                0x0000000020000756                tmos_memcpy_word
                0x000000002000076e                tmos_memset
                0x0000000020000780                tmos_strlen
                0x0000000020000794                tmos_memdup
                0x00000000200007c6                tmos_memcmp
                0x00000000200007f4                tmos_revmemcpy
                0x0000000020000810                tmos_isbufset
                0x0000000020000832                tmos_proces_system_time
                0x000000002000097c                TMOS_SystemProcess
 .highcode      0x0000000020000b82       0x4c E:\tp78_v2\mounriver_project\VLD_CH582M\LIB\libCH58xBLE.a(tmos_hw.o)
                0x0000000020000bcc                TMOS_TimerIRQHandler
 .highcode      0x0000000020000bce      0x2d2 E:\tp78_v2\mounriver_project\VLD_CH582M\LIB\libCH58xBLE.a(ll_connect.o)
                0x0000000020000bce                ll_connect_send_data
                0x0000000020000cf6                ll_connect_recv_data
                0x0000000020000dd6                ll_connect_event_continue
 .highcode      0x0000000020000ea0      0x310 E:\tp78_v2\mounriver_project\VLD_CH582M\LIB\libCH58xBLE.a(ll_hop.o)
                0x0000000020000ea0                LL_HopGetChannel
                0x0000000020000f46                LL_HopGetChannel2
 .highcode      0x00000000200011b0       0x50 E:\tp78_v2\mounriver_project\VLD_CH582M\LIB\libCH58xBLE.a(ll_whitelist.o)
                0x00000000200011b0                LL_WhitelistLookup
 .highcode      0x0000000020001200      0x1e0 E:\tp78_v2\mounriver_project\VLD_CH582M\LIB\libCH58xBLE.a(aes.o)
                0x0000000020001200                AES_DevAESEnc
 .highcode      0x00000000200013e0      0x15a E:\tp78_v2\mounriver_project\VLD_CH582M\LIB\libCH58xBLE.a(bb.o)
                0x00000000200013e0                BB_IRQLibHandler
                0x00000000200014f0                BB_IRQLibFunction
 .highcode      0x000000002000153a      0x3dc E:\tp78_v2\mounriver_project\VLD_CH582M\LIB\libCH58xBLE.a(ip.o)
                0x000000002000153a                ll_rx_wait_finish
                0x0000000020001578                ble_ll_chkcrc
                0x000000002000161a                ll_tx_wait_finish
                0x000000002000173e                BLE_CheckHoppingMap
 .highcode      0x0000000020001916      0x23c E:\tp78_v2\mounriver_project\VLD_CH582M\LIB\libCH58xBLE.a(lle.o)
                0x0000000020001916                LLE_IRQLibHandler
                0x0000000020001b08                LLE_IRQLibFunction
 .highcode      0x0000000020001b52      0x1be E:\tp78_v2\mounriver_project\VLD_CH582M\LIB\libCH58xBLE.a(rf_fh.o)
                0x0000000020001b52                RF_HopGetChannel
                0x0000000020001bc0                RF_FrequencyHoppingGet
                0x0000000020001c76                RF_FrequencyHoppingChange
 .highcode      0x0000000020001d10       0x30 E:\tp78_v2\mounriver_project\VLD_CH582M\LIB\libCH58xBLE.a(rfend.o)
                0x0000000020001d10                RFEND_WaitTune
 .highcode      0x0000000020001d40      0x1ba E:\tp78_v2\mounriver_project\VLD_CH582M\LIB\libCH58xBLE.a(memory.o)
                0x0000000020001d40                tmos_memory_allocate
                0x0000000020001e12                tmos_memory_free
 .highcode      0x0000000020001efa       0xd8 E:\tp78_v2\mounriver_project\VLD_CH582M\LIB\libCH58xBLE.a(ll_resolvinglist.o)
                0x0000000020001efa                LL_ResolvinglistPeerIdentifyAddressGetIrk
                0x0000000020001f4e                LL_ResolvinglistPeerRpaAddressGetIrk
                0x0000000020001f90                LL_ResolvinglistLocalRpaAddressGetIrk
 *(.highcode.*)
                0x0000000020001fd4                . = ALIGN (0x4)
 *fill*         0x0000000020001fd2        0x2 
                0x0000000020001fd4                PROVIDE (_highcode_vma_end = .)

.text           0x0000000000001fd8    0x22770
                0x0000000000001fd8                . = ALIGN (0x4)
 *(SORT_NONE(.handle_reset))
 .handle_reset  0x0000000000001fd8       0xae ./Startup/startup_CH583.o
                0x0000000000001fd8                handle_reset
 *(.text)
 *(.text.*)
 .text.ADC_InterTSSampInit
                0x0000000000002086       0x28 ./StdPeriphDriver/CH58x_adc.o
                0x0000000000002086                ADC_InterTSSampInit
 .text.Calibration_LSI
                0x00000000000020ae      0x306 ./StdPeriphDriver/CH58x_clk.o
                0x00000000000020ae                Calibration_LSI
 .text.RTC_InitTime
                0x00000000000023b4      0x18e ./StdPeriphDriver/CH58x_clk.o
                0x00000000000023b4                RTC_InitTime
 .text.GetSysClock
                0x0000000000002542       0x42 ./StdPeriphDriver/CH58x_sys.o
                0x0000000000002542                GetSysClock
 .text.SYS_GetSysTickCnt
                0x0000000000002584        0xa ./StdPeriphDriver/CH58x_sys.o
                0x0000000000002584                SYS_GetSysTickCnt
 .text.battMeasure
                0x000000000000258e       0x7c ./Profile/battservice.o
 .text.battWriteAttrCB
                0x000000000000260a       0x5e ./Profile/battservice.o
 .text.battReadAttrCB
                0x0000000000002668       0x7e ./Profile/battservice.o
 .text.battNotifyCB
                0x00000000000026e6       0x76 ./Profile/battservice.o
 .text.Batt_AddService
                0x000000000000275c       0x2c ./Profile/battservice.o
                0x000000000000275c                Batt_AddService
 .text.Batt_Register
                0x0000000000002788        0x6 ./Profile/battservice.o
                0x0000000000002788                Batt_Register
 .text.Batt_SetParameter
                0x000000000000278e       0x3a ./Profile/battservice.o
                0x000000000000278e                Batt_SetParameter
 .text.Batt_GetParameter
                0x00000000000027c8       0x6a ./Profile/battservice.o
                0x00000000000027c8                Batt_GetParameter
 .text.Batt_MeasLevel
                0x0000000000002832       0x2e ./Profile/battservice.o
                0x0000000000002832                Batt_MeasLevel
 .text.Batt_HandleConnStatusCB
                0x0000000000002860       0x3e ./Profile/battservice.o
                0x0000000000002860                Batt_HandleConnStatusCB
 .text.devInfo_ReadAttrCB
                0x000000000000289e      0x196 ./Profile/devinfoservice.o
 .text.DevInfo_AddService
                0x0000000000002a34       0x18 ./Profile/devinfoservice.o
                0x0000000000002a34                DevInfo_AddService
 .text.hidDevParamUpdateCB
                0x0000000000002a4c        0x2 ./Profile/hiddev.o
 .text.hidDevScanParamCB
                0x0000000000002a4e        0x2 ./Profile/hiddev.o
 .text.hidDevRptByHandle
                0x0000000000002a50       0x30 ./Profile/hiddev.o
 .text.hidDevInitialAdvertising
                0x0000000000002a80       0x3c ./Profile/hiddev.o
 .text.hidDevBattCB
                0x0000000000002abc       0x28 ./Profile/hiddev.o
 .text.hidDevPairStateCB
                0x0000000000002ae4       0x28 ./Profile/hiddev.o
 .text.hidDevPasscodeCB
                0x0000000000002b0c       0x34 ./Profile/hiddev.o
 .text.HidDev_ProcessEvent
                0x0000000000002b40       0x70 ./Profile/hiddev.o
                0x0000000000002b40                HidDev_ProcessEvent
 .text.hidDevGapStateCB
                0x0000000000002bb0      0x122 ./Profile/hiddev.o
 .text.HidDev_Init
                0x0000000000002cd2       0x66 ./Profile/hiddev.o
                0x0000000000002cd2                HidDev_Init
 .text.HidDev_Register
                0x0000000000002d38        0xa ./Profile/hiddev.o
                0x0000000000002d38                HidDev_Register
 .text.HidDev_RegisterReports
                0x0000000000002d42        0xa ./Profile/hiddev.o
                0x0000000000002d42                HidDev_RegisterReports
 .text.HidDev_Report
                0x0000000000002d4c      0x12c ./Profile/hiddev.o
                0x0000000000002d4c                HidDev_Report
 .text.HidDev_ReadAttrCB
                0x0000000000002e78      0x104 ./Profile/hiddev.o
                0x0000000000002e78                HidDev_ReadAttrCB
 .text.HidDev_WriteAttrCB
                0x0000000000002f7c      0x146 ./Profile/hiddev.o
                0x0000000000002f7c                HidDev_WriteAttrCB
 .text.Hid_AddService
                0x00000000000030c2       0x9a ./Profile/hidmouseservice.o
                0x00000000000030c2                Hid_AddService
 .text.Hid_SetParameter
                0x000000000000315c       0x28 ./Profile/hidmouseservice.o
                0x000000000000315c                Hid_SetParameter
 .text.Hid_GetParameter
                0x0000000000003184       0x28 ./Profile/hidmouseservice.o
                0x0000000000003184                Hid_GetParameter
 .text.scanParamReadAttrCB
                0x00000000000031ac        0x4 ./Profile/scanparamservice.o
 .text.scanParamWriteAttrCB
                0x00000000000031b0       0x66 ./Profile/scanparamservice.o
 .text.ScanParam_AddService
                0x0000000000003216       0x2c ./Profile/scanparamservice.o
                0x0000000000003216                ScanParam_AddService
 .text.ScanParam_Register
                0x0000000000003242        0x6 ./Profile/scanparamservice.o
                0x0000000000003242                ScanParam_Register
 .text.ScanParam_RefreshNotify
                0x0000000000003248       0x5c ./Profile/scanparamservice.o
                0x0000000000003248                ScanParam_RefreshNotify
 .text.ScanParam_HandleConnStatusCB
                0x00000000000032a4       0x3e ./Profile/scanparamservice.o
                0x00000000000032a4                ScanParam_HandleConnStatusCB
 .text.HAL_LedInit
                0x00000000000032e2      0x2b6 ./HAL/LED.o
                0x00000000000032e2                HAL_LedInit
 .text.HalLedTest
                0x0000000000003598      0x33e ./HAL/LED.o
                0x0000000000003598                HalLedTest
 .text.Lib_Calibration_LSI
                0x00000000000038d6        0x6 ./HAL/MCU.o
                0x00000000000038d6                Lib_Calibration_LSI
 .text.Lib_Read_Flash
                0x00000000000038dc       0x1c ./HAL/MCU.o
                0x00000000000038dc                Lib_Read_Flash
 .text.Lib_Write_Flash
                0x00000000000038f8       0x40 ./HAL/MCU.o
                0x00000000000038f8                Lib_Write_Flash
 .text.HAL_GetInterTempValue
                0x0000000000003938       0x72 ./HAL/MCU.o
                0x0000000000003938                HAL_GetInterTempValue
 .text.HAL_ProcessEvent
                0x00000000000039aa       0x8a ./HAL/MCU.o
                0x00000000000039aa                HAL_ProcessEvent
 .text.CH58X_BLEInit
                0x0000000000003a34      0x114 ./HAL/MCU.o
                0x0000000000003a34                CH58X_BLEInit
 .text.HAL_Init
                0x0000000000003b48       0x46 ./HAL/MCU.o
                0x0000000000003b48                HAL_Init
 .text.HAL_TimeInit
                0x0000000000003b8e       0x62 ./HAL/RTC.o
                0x0000000000003b8e                HAL_TimeInit
 .text.hidEmuEvtCB
                0x0000000000003bf0        0x2 ./APP/hidmouse.o
 .text.hidEmuStateCB
                0x0000000000003bf2       0x68 ./APP/hidmouse.o
 .text.hidEmuRptCB
                0x0000000000003c5a       0x3e ./APP/hidmouse.o
 .text.HidEmu_ProcessEvent
                0x0000000000003c98       0x8e ./APP/hidmouse.o
                0x0000000000003c98                HidEmu_ProcessEvent
 .text.HidEmu_Init
                0x0000000000003d26       0xea ./APP/hidmouse.o
                0x0000000000003d26                HidEmu_Init
 .text.startup.main
                0x0000000000003e10       0x26 ./APP/main.o
                0x0000000000003e10                main
 .text.tmos_msg_enqueue
                0x0000000000003e36       0x1e E:\tp78_v2\mounriver_project\VLD_CH582M\LIB\libCH58xBLE.a(message.o)
                0x0000000000003e36                tmos_msg_enqueue
 .text.tmos_msg_deallocate
                0x0000000000003e54       0x2c E:\tp78_v2\mounriver_project\VLD_CH582M\LIB\libCH58xBLE.a(message.o)
                0x0000000000003e54                tmos_msg_deallocate
 .text.tmos_msg_allocate
                0x0000000000003e80       0x46 E:\tp78_v2\mounriver_project\VLD_CH582M\LIB\libCH58xBLE.a(message.o)
                0x0000000000003e80                tmos_msg_allocate
 .text.tmos_msg_receive
                0x0000000000003ec6       0x72 E:\tp78_v2\mounriver_project\VLD_CH582M\LIB\libCH58xBLE.a(message.o)
                0x0000000000003ec6                tmos_msg_receive
 .text.tmos_msg_send
                0x0000000000003f38       0x60 E:\tp78_v2\mounriver_project\VLD_CH582M\LIB\libCH58xBLE.a(message.o)
                0x0000000000003f38                tmos_msg_send
 .text.tmos_msg_init
                0x0000000000003f98        0xa E:\tp78_v2\mounriver_project\VLD_CH582M\LIB\libCH58xBLE.a(message.o)
                0x0000000000003f98                tmos_msg_init
 .text.tmosFindTask
                0x0000000000003fa2       0x24 E:\tp78_v2\mounriver_project\VLD_CH582M\LIB\libCH58xBLE.a(tmos.o)
 .text.TMOS_CB_PeriodicProcessEvent
                0x0000000000003fc6       0x86 E:\tp78_v2\mounriver_project\VLD_CH582M\LIB\libCH58xBLE.a(tmos.o)
                0x0000000000003fc6                TMOS_CB_PeriodicProcessEvent
 .text.TMOS_CB_ProcessEvent
                0x000000000000404c       0x80 E:\tp78_v2\mounriver_project\VLD_CH582M\LIB\libCH58xBLE.a(tmos.o)
                0x000000000000404c                TMOS_CB_ProcessEvent
 .text.tmos_rand
                0x00000000000040cc       0x52 E:\tp78_v2\mounriver_project\VLD_CH582M\LIB\libCH58xBLE.a(tmos.o)
                0x00000000000040cc                tmos_rand
 .text.tmos_proces_sleep
                0x000000000000411e      0x132 E:\tp78_v2\mounriver_project\VLD_CH582M\LIB\libCH58xBLE.a(tmos.o)
                0x000000000000411e                tmos_proces_sleep
 .text.tmos_start_periodic_callback_task
                0x0000000000004250       0xfc E:\tp78_v2\mounriver_project\VLD_CH582M\LIB\libCH58xBLE.a(tmos.o)
                0x0000000000004250                tmos_start_periodic_callback_task
 .text.tmos_set_event
                0x000000000000434c       0x2e E:\tp78_v2\mounriver_project\VLD_CH582M\LIB\libCH58xBLE.a(tmos.o)
                0x000000000000434c                tmos_set_event
 .text.tmos_clear_event
                0x000000000000437a       0x32 E:\tp78_v2\mounriver_project\VLD_CH582M\LIB\libCH58xBLE.a(tmos.o)
                0x000000000000437a                tmos_clear_event
 .text.tmos_update_callback_timer
                0x00000000000043ac       0xc0 E:\tp78_v2\mounriver_project\VLD_CH582M\LIB\libCH58xBLE.a(tmos.o)
                0x00000000000043ac                tmos_update_callback_timer
 .text.tmos_start_task
                0x000000000000446c      0x120 E:\tp78_v2\mounriver_project\VLD_CH582M\LIB\libCH58xBLE.a(tmos.o)
                0x000000000000446c                tmos_start_task
 .text.tmos_start_callback_task
                0x000000000000458c       0x98 E:\tp78_v2\mounriver_project\VLD_CH582M\LIB\libCH58xBLE.a(tmos.o)
                0x000000000000458c                tmos_start_callback_task
 .text.tmos_start_reload_task
                0x0000000000004624       0x56 E:\tp78_v2\mounriver_project\VLD_CH582M\LIB\libCH58xBLE.a(tmos.o)
                0x0000000000004624                tmos_start_reload_task
 .text.tmos_stop_task
                0x000000000000467a       0x50 E:\tp78_v2\mounriver_project\VLD_CH582M\LIB\libCH58xBLE.a(tmos.o)
                0x000000000000467a                tmos_stop_task
 .text.tmos_stop_callback_task
                0x00000000000046ca       0x5a E:\tp78_v2\mounriver_project\VLD_CH582M\LIB\libCH58xBLE.a(tmos.o)
                0x00000000000046ca                tmos_stop_callback_task
 .text.tmos_get_task_timer
                0x0000000000004724       0x6c E:\tp78_v2\mounriver_project\VLD_CH582M\LIB\libCH58xBLE.a(tmos.o)
                0x0000000000004724                tmos_get_task_timer
 .text.TMOS_TimerRegister
                0x0000000000004790       0x1e E:\tp78_v2\mounriver_project\VLD_CH582M\LIB\libCH58xBLE.a(tmos.o)
                0x0000000000004790                TMOS_TimerRegister
 .text.TMOS_ProcessRegister
                0x00000000000047ae       0x16 E:\tp78_v2\mounriver_project\VLD_CH582M\LIB\libCH58xBLE.a(tmos.o)
                0x00000000000047ae                TMOS_ProcessRegister
 .text.TMOS_Init
                0x00000000000047c4      0x12e E:\tp78_v2\mounriver_project\VLD_CH582M\LIB\libCH58xBLE.a(tmos.o)
                0x00000000000047c4                TMOS_Init
 .text.TMOS_ProcessEventRegister
                0x00000000000048f2       0x3c E:\tp78_v2\mounriver_project\VLD_CH582M\LIB\libCH58xBLE.a(tmos.o)
                0x00000000000048f2                TMOS_ProcessEventRegister
 .text.BLE_LibInit
                0x000000000000492e      0x172 E:\tp78_v2\mounriver_project\VLD_CH582M\LIB\libCH58xBLE.a(tmos.o)
                0x000000000000492e                BLE_LibInit
 .text.clockGetTickValve
                0x0000000000004aa0       0x70 E:\tp78_v2\mounriver_project\VLD_CH582M\LIB\libCH58xBLE.a(tmos_hw.o)
 .text.ll_get_sca_divisor
                0x0000000000004b10       0x40 E:\tp78_v2\mounriver_project\VLD_CH582M\LIB\libCH58xBLE.a(tmos_hw.o)
                0x0000000000004b10                ll_get_sca_divisor
 .text.ll_get_sca_own
                0x0000000000004b50       0x46 E:\tp78_v2\mounriver_project\VLD_CH582M\LIB\libCH58xBLE.a(tmos_hw.o)
                0x0000000000004b50                ll_get_sca_own
 .text.ble_ll_common_rand8
                0x0000000000004b96       0x24 E:\tp78_v2\mounriver_project\VLD_CH582M\LIB\libCH58xBLE.a(tmos_hw.o)
                0x0000000000004b96                ble_ll_common_rand8
 .text.ble_ll_common_rand16
                0x0000000000004bba       0x24 E:\tp78_v2\mounriver_project\VLD_CH582M\LIB\libCH58xBLE.a(tmos_hw.o)
                0x0000000000004bba                ble_ll_common_rand16
 .text.ble_ll_common_rand32
                0x0000000000004bde       0x20 E:\tp78_v2\mounriver_project\VLD_CH582M\LIB\libCH58xBLE.a(tmos_hw.o)
                0x0000000000004bde                ble_ll_common_rand32
 .text.TMOS_TempSample
                0x0000000000004bfe       0x62 E:\tp78_v2\mounriver_project\VLD_CH582M\LIB\libCH58xBLE.a(tmos_hw.o)
                0x0000000000004bfe                TMOS_TempSample
 .text.TMOS_TimerInit
                0x0000000000004c60       0xc8 E:\tp78_v2\mounriver_project\VLD_CH582M\LIB\libCH58xBLE.a(tmos_hw.o)
                0x0000000000004c60                TMOS_TimerInit
 .text.tmos_snv_init
                0x0000000000004d28       0xc0 E:\tp78_v2\mounriver_project\VLD_CH582M\LIB\libCH58xBLE.a(tmos_snv.o)
                0x0000000000004d28                tmos_snv_init
 .text.tmos_snv_clear
                0x0000000000004de8       0xb2 E:\tp78_v2\mounriver_project\VLD_CH582M\LIB\libCH58xBLE.a(tmos_snv.o)
                0x0000000000004de8                tmos_snv_clear
 .text.tmos_snv_read
                0x0000000000004e9a      0x292 E:\tp78_v2\mounriver_project\VLD_CH582M\LIB\libCH58xBLE.a(tmos_snv.o)
                0x0000000000004e9a                tmos_snv_read
 .text.tmos_snv_notify
                0x000000000000512c       0x5a E:\tp78_v2\mounriver_project\VLD_CH582M\LIB\libCH58xBLE.a(tmos_snv.o)
                0x000000000000512c                tmos_snv_notify
 .text.tmos_snv_write
                0x0000000000005186      0x2ce E:\tp78_v2\mounriver_project\VLD_CH582M\LIB\libCH58xBLE.a(tmos_snv.o)
                0x0000000000005186                tmos_snv_write
 .text.tmos_snv_compact
                0x0000000000005454        0x4 E:\tp78_v2\mounriver_project\VLD_CH582M\LIB\libCH58xBLE.a(tmos_snv.o)
                0x0000000000005454                tmos_snv_compact
 .text.disconnectNext
                0x0000000000005458       0x22 E:\tp78_v2\mounriver_project\VLD_CH582M\LIB\libCH58xBLE.a(gap.o)
 .text.GAP_ParamInit
                0x000000000000547a      0x14e E:\tp78_v2\mounriver_project\VLD_CH582M\LIB\libCH58xBLE.a(gap.o)
                0x000000000000547a                GAP_ParamInit
 .text.sendTerminateEvent
                0x00000000000055c8       0x58 E:\tp78_v2\mounriver_project\VLD_CH582M\LIB\libCH58xBLE.a(gap.o)
                0x00000000000055c8                sendTerminateEvent
 .text.gapRegisterCentral
                0x0000000000005620        0x6 E:\tp78_v2\mounriver_project\VLD_CH582M\LIB\libCH58xBLE.a(gap.o)
                0x0000000000005620                gapRegisterCentral
 .text.gapRegisterCentralConn
                0x0000000000005626        0x6 E:\tp78_v2\mounriver_project\VLD_CH582M\LIB\libCH58xBLE.a(gap.o)
                0x0000000000005626                gapRegisterCentralConn
 .text.gapRegisterPeripheral
                0x000000000000562c        0x6 E:\tp78_v2\mounriver_project\VLD_CH582M\LIB\libCH58xBLE.a(gap.o)
                0x000000000000562c                gapRegisterPeripheral
 .text.gapRegisterPeripheralConn
                0x0000000000005632        0x6 E:\tp78_v2\mounriver_project\VLD_CH582M\LIB\libCH58xBLE.a(gap.o)
                0x0000000000005632                gapRegisterPeripheralConn
 .text.smGenerateRandBuf
                0x0000000000005638       0x56 E:\tp78_v2\mounriver_project\VLD_CH582M\LIB\libCH58xBLE.a(gap.o)
                0x0000000000005638                smGenerateRandBuf
 .text.gapL2capConnParamUpdateReq
                0x000000000000568e       0x36 E:\tp78_v2\mounriver_project\VLD_CH582M\LIB\libCH58xBLE.a(gap.o)
                0x000000000000568e                gapL2capConnParamUpdateReq
 .text.gapValidADType
                0x00000000000056c4       0x16 E:\tp78_v2\mounriver_project\VLD_CH582M\LIB\libCH58xBLE.a(gap.o)
                0x00000000000056c4                gapValidADType
 .text.gapFindADType
                0x00000000000056da       0x92 E:\tp78_v2\mounriver_project\VLD_CH582M\LIB\libCH58xBLE.a(gap.o)
                0x00000000000056da                gapFindADType
 .text.GAP_SecParamsInit
                0x000000000000576c       0xaa E:\tp78_v2\mounriver_project\VLD_CH582M\LIB\libCH58xBLE.a(gap.o)
                0x000000000000576c                GAP_SecParamsInit
 .text.GAP_ParamsInit
                0x0000000000005816       0x50 E:\tp78_v2\mounriver_project\VLD_CH582M\LIB\libCH58xBLE.a(gap.o)
                0x0000000000005816                GAP_ParamsInit
 .text.gapAddAddrAdj
                0x0000000000005866       0x48 E:\tp78_v2\mounriver_project\VLD_CH582M\LIB\libCH58xBLE.a(gap.o)
                0x0000000000005866                gapAddAddrAdj
 .text.gapDetermineAddrType
                0x00000000000058ae       0x28 E:\tp78_v2\mounriver_project\VLD_CH582M\LIB\libCH58xBLE.a(gap.o)
                0x00000000000058ae                gapDetermineAddrType
 .text.gapFreeAuthLink
                0x00000000000058d6       0x4a E:\tp78_v2\mounriver_project\VLD_CH582M\LIB\libCH58xBLE.a(gap.o)
                0x00000000000058d6                gapFreeAuthLink
 .text.gapGetDevAddress
                0x0000000000005920       0x24 E:\tp78_v2\mounriver_project\VLD_CH582M\LIB\libCH58xBLE.a(gap.o)
                0x0000000000005920                gapGetDevAddress
 .text.gapGetDevAddressMode
                0x0000000000005944        0xa E:\tp78_v2\mounriver_project\VLD_CH582M\LIB\libCH58xBLE.a(gap.o)
                0x0000000000005944                gapGetDevAddressMode
 .text.gapGetIRK
                0x000000000000594e        0xc E:\tp78_v2\mounriver_project\VLD_CH582M\LIB\libCH58xBLE.a(gap.o)
                0x000000000000594e                gapGetIRK
 .text.gapGetSRK
                0x000000000000595a        0xc E:\tp78_v2\mounriver_project\VLD_CH582M\LIB\libCH58xBLE.a(gap.o)
                0x000000000000595a                gapGetSRK
 .text.gapGetSignCounter
                0x0000000000005966        0xe E:\tp78_v2\mounriver_project\VLD_CH582M\LIB\libCH58xBLE.a(gap.o)
                0x0000000000005966                gapGetSignCounter
 .text.gapIncSignCounter
                0x0000000000005974       0x28 E:\tp78_v2\mounriver_project\VLD_CH582M\LIB\libCH58xBLE.a(gap.o)
                0x0000000000005974                gapIncSignCounter
 .text.gapProcessConnEvt
                0x000000000000599c       0x48 E:\tp78_v2\mounriver_project\VLD_CH582M\LIB\libCH58xBLE.a(gap.o)
                0x000000000000599c                gapProcessConnEvt
 .text.gapProcessDisconnectCompleteEvt
                0x00000000000059e4       0xa8 E:\tp78_v2\mounriver_project\VLD_CH582M\LIB\libCH58xBLE.a(gap.o)
                0x00000000000059e4                gapProcessDisconnectCompleteEvt
 .text.sendAuthEvent
                0x0000000000005a8c      0x11e E:\tp78_v2\mounriver_project\VLD_CH582M\LIB\libCH58xBLE.a(gap.o)
                0x0000000000005a8c                sendAuthEvent
 .text.gapSendBondCompleteEvent
                0x0000000000005baa       0x74 E:\tp78_v2\mounriver_project\VLD_CH582M\LIB\libCH58xBLE.a(gap.o)
                0x0000000000005baa                gapSendBondCompleteEvent
 .text.gapSendPairingReqEvent
                0x0000000000005c1e       0x96 E:\tp78_v2\mounriver_project\VLD_CH582M\LIB\libCH58xBLE.a(gap.o)
                0x0000000000005c1e                gapSendPairingReqEvent
 .text.gapSendSlaveSecurityReqEvent
                0x0000000000005cb4       0x68 E:\tp78_v2\mounriver_project\VLD_CH582M\LIB\libCH58xBLE.a(gap.o)
                0x0000000000005cb4                gapSendSlaveSecurityReqEvent
 .text.gapSendDeviceInitDoneEvent
                0x0000000000005d1c       0x88 E:\tp78_v2\mounriver_project\VLD_CH582M\LIB\libCH58xBLE.a(gap.o)
                0x0000000000005d1c                gapSendDeviceInitDoneEvent
 .text.gapSendLinkUpdateEvent
                0x0000000000005da4       0xb2 E:\tp78_v2\mounriver_project\VLD_CH582M\LIB\libCH58xBLE.a(gap.o)
                0x0000000000005da4                gapSendLinkUpdateEvent
 .text.gapSendPhyUpdateEvent
                0x0000000000005e56       0x58 E:\tp78_v2\mounriver_project\VLD_CH582M\LIB\libCH58xBLE.a(gap.o)
                0x0000000000005e56                gapSendPhyUpdateEvent
 .text.gapSendEstLinkEvent
                0x0000000000005eae       0xbc E:\tp78_v2\mounriver_project\VLD_CH582M\LIB\libCH58xBLE.a(gap.o)
                0x0000000000005eae                gapSendEstLinkEvent
 .text.gapProcessNewAddr
                0x0000000000005f6a       0x3e E:\tp78_v2\mounriver_project\VLD_CH582M\LIB\libCH58xBLE.a(gap.o)
                0x0000000000005f6a                gapProcessNewAddr
 .text.gapProcessRandomAddrComplete
                0x0000000000005fa8       0xb6 E:\tp78_v2\mounriver_project\VLD_CH582M\LIB\libCH58xBLE.a(gap.o)
                0x0000000000005fa8                gapProcessRandomAddrComplete
 .text.GAP_Authenticate
                0x000000000000605e       0xde E:\tp78_v2\mounriver_project\VLD_CH582M\LIB\libCH58xBLE.a(gap.o)
                0x000000000000605e                GAP_Authenticate
 .text.GAP_Bond
                0x000000000000613c       0xaa E:\tp78_v2\mounriver_project\VLD_CH582M\LIB\libCH58xBLE.a(gap.o)
                0x000000000000613c                GAP_Bond
 .text.GAP_GetParamValue
                0x00000000000061e6       0x20 E:\tp78_v2\mounriver_project\VLD_CH582M\LIB\libCH58xBLE.a(gap.o)
                0x00000000000061e6                GAP_GetParamValue
 .text.GAP_PasscodeUpdate
                0x0000000000006206       0x54 E:\tp78_v2\mounriver_project\VLD_CH582M\LIB\libCH58xBLE.a(gap.o)
                0x0000000000006206                GAP_PasscodeUpdate
 .text.GAP_RegisterForMsgs
                0x000000000000625a        0xa E:\tp78_v2\mounriver_project\VLD_CH582M\LIB\libCH58xBLE.a(gap.o)
                0x000000000000625a                GAP_RegisterForMsgs
 .text.GAP_ResolvePrivateAddr
                0x0000000000006264        0x4 E:\tp78_v2\mounriver_project\VLD_CH582M\LIB\libCH58xBLE.a(gap.o)
                0x0000000000006264                GAP_ResolvePrivateAddr
 .text.gapPairingCompleteCB
                0x0000000000006268      0x18c E:\tp78_v2\mounriver_project\VLD_CH582M\LIB\libCH58xBLE.a(gap.o)
                0x0000000000006268                gapPairingCompleteCB
 .text.gapPasskeyNeededCB
                0x00000000000063f4       0x8e E:\tp78_v2\mounriver_project\VLD_CH582M\LIB\libCH58xBLE.a(gap.o)
                0x00000000000063f4                gapPasskeyNeededCB
 .text.gapOobNeededCB
                0x0000000000006482       0xa6 E:\tp78_v2\mounriver_project\VLD_CH582M\LIB\libCH58xBLE.a(gap.o)
                0x0000000000006482                gapOobNeededCB
 .text.gapFreeEstLink
                0x0000000000006528       0x20 E:\tp78_v2\mounriver_project\VLD_CH582M\LIB\libCH58xBLE.a(gap.o)
                0x0000000000006528                gapFreeEstLink
 .text.gapUpdateConnSignCounter
                0x0000000000006548       0x7a E:\tp78_v2\mounriver_project\VLD_CH582M\LIB\libCH58xBLE.a(gap.o)
                0x0000000000006548                gapUpdateConnSignCounter
 .text.GAP_SendSlaveSecurityRequest
                0x00000000000065c2       0x4a E:\tp78_v2\mounriver_project\VLD_CH582M\LIB\libCH58xBLE.a(gap.o)
                0x00000000000065c2                GAP_SendSlaveSecurityRequest
 .text.GAP_Signable
                0x000000000000660c       0x6a E:\tp78_v2\mounriver_project\VLD_CH582M\LIB\libCH58xBLE.a(gap.o)
                0x000000000000660c                GAP_Signable
 .text.GAP_TerminateAuth
                0x0000000000006676       0x2a E:\tp78_v2\mounriver_project\VLD_CH582M\LIB\libCH58xBLE.a(gap.o)
                0x0000000000006676                GAP_TerminateAuth
 .text.GAP_NumActiveConnections
                0x00000000000066a0        0x4 E:\tp78_v2\mounriver_project\VLD_CH582M\LIB\libCH58xBLE.a(gap.o)
                0x00000000000066a0                GAP_NumActiveConnections
 .text.GAP_TerminateLinkReq
                0x00000000000066a4       0x8e E:\tp78_v2\mounriver_project\VLD_CH582M\LIB\libCH58xBLE.a(gap.o)
                0x00000000000066a4                GAP_TerminateLinkReq
 .text.GAP_SetParamValue
                0x0000000000006732       0x68 E:\tp78_v2\mounriver_project\VLD_CH582M\LIB\libCH58xBLE.a(gap.o)
                0x0000000000006732                GAP_SetParamValue
 .text.GAP_Init
                0x000000000000679a       0x48 E:\tp78_v2\mounriver_project\VLD_CH582M\LIB\libCH58xBLE.a(gap.o)
                0x000000000000679a                GAP_Init
 .text.GAP_ProcessEvent
                0x00000000000067e2      0x664 E:\tp78_v2\mounriver_project\VLD_CH582M\LIB\libCH58xBLE.a(gap.o)
                0x00000000000067e2                GAP_ProcessEvent
 .text.gapSendScanEnable
                0x0000000000006e46       0x3a E:\tp78_v2\mounriver_project\VLD_CH582M\LIB\libCH58xBLE.a(gap_central.o)
 .text.gapCentProcessConnEvt
                0x0000000000006e80      0x15c E:\tp78_v2\mounriver_project\VLD_CH582M\LIB\libCH58xBLE.a(gap_central.o)
                0x0000000000006e80                gapCentProcessConnEvt
 .text.gapProcessScanningPeriodicAdvEvt
                0x0000000000006fdc       0xa0 E:\tp78_v2\mounriver_project\VLD_CH582M\LIB\libCH58xBLE.a(gap_central.o)
                0x0000000000006fdc                gapProcessScanningPeriodicAdvEvt
 .text.gapCancelLinkReq
                0x000000000000707c       0x38 E:\tp78_v2\mounriver_project\VLD_CH582M\LIB\libCH58xBLE.a(gap_central.o)
                0x000000000000707c                gapCancelLinkReq
 .text.gapProcessAdvertDevInfo
                0x00000000000070b4      0x242 E:\tp78_v2\mounriver_project\VLD_CH582M\LIB\libCH58xBLE.a(gap_central.o)
                0x00000000000070b4                gapProcessAdvertDevInfo
 .text.gapProcessExtAdvertDevInfo
                0x00000000000072f6      0x260 E:\tp78_v2\mounriver_project\VLD_CH582M\LIB\libCH58xBLE.a(gap_central.o)
                0x00000000000072f6                gapProcessExtAdvertDevInfo
 .text.gapProcessPeriodicAdvertisingSyncEstablishedEvt
                0x0000000000007556       0xae E:\tp78_v2\mounriver_project\VLD_CH582M\LIB\libCH58xBLE.a(gap_central.o)
                0x0000000000007556                gapProcessPeriodicAdvertisingSyncEstablishedEvt
 .text.gapProcessPeriodicAdvertisingSyncLostEvt
                0x0000000000007604       0x56 E:\tp78_v2\mounriver_project\VLD_CH582M\LIB\libCH58xBLE.a(gap_central.o)
                0x0000000000007604                gapProcessPeriodicAdvertisingSyncLostEvt
 .text.gapFreeScanRecs
                0x000000000000765a       0xa6 E:\tp78_v2\mounriver_project\VLD_CH582M\LIB\libCH58xBLE.a(gap_central.o)
                0x000000000000765a                gapFreeScanRecs
 .text.gapSendDevDiscEvent
                0x0000000000007700      0x124 E:\tp78_v2\mounriver_project\VLD_CH582M\LIB\libCH58xBLE.a(gap_central.o)
                0x0000000000007700                gapSendDevDiscEvent
 .text.gapSetScanParamStatus
                0x0000000000007824       0x56 E:\tp78_v2\mounriver_project\VLD_CH582M\LIB\libCH58xBLE.a(gap_central.o)
 .text.gapCentProcessHCICmdEvt
                0x000000000000787a       0x3c E:\tp78_v2\mounriver_project\VLD_CH582M\LIB\libCH58xBLE.a(gap_central.o)
                0x000000000000787a                gapCentProcessHCICmdEvt
 .text.gapProcessScanningEvt
                0x00000000000078b6      0x110 E:\tp78_v2\mounriver_project\VLD_CH582M\LIB\libCH58xBLE.a(gap_central.o)
                0x00000000000078b6                gapProcessScanningEvt
 .text.gapProcessScanningDirectEvt
                0x00000000000079c6       0xfe E:\tp78_v2\mounriver_project\VLD_CH582M\LIB\libCH58xBLE.a(gap_central.o)
                0x00000000000079c6                gapProcessScanningDirectEvt
 .text.gapProcessScanningExtAdvEvt
                0x0000000000007ac4      0x26a E:\tp78_v2\mounriver_project\VLD_CH582M\LIB\libCH58xBLE.a(gap_central.o)
                0x0000000000007ac4                gapProcessScanningExtAdvEvt
 .text.GAP_CentConnRegister
                0x0000000000007d2e       0x1a E:\tp78_v2\mounriver_project\VLD_CH582M\LIB\libCH58xBLE.a(gap_central.o)
                0x0000000000007d2e                GAP_CentConnRegister
 .text.GAP_CentralParamInit
                0x0000000000007d48       0x6e E:\tp78_v2\mounriver_project\VLD_CH582M\LIB\libCH58xBLE.a(gap_central.o)
                0x0000000000007d48                GAP_CentralParamInit
 .text.GAP_CentDevMgrInit
                0x0000000000007db6       0x9c E:\tp78_v2\mounriver_project\VLD_CH582M\LIB\libCH58xBLE.a(gap_central.o)
                0x0000000000007db6                GAP_CentDevMgrInit
 .text.gapFreeAdvertState
                0x0000000000007e52       0x20 E:\tp78_v2\mounriver_project\VLD_CH582M\LIB\libCH58xBLE.a(gap_peripheral.o)
 .text.gapSetPeriodicAdvParams
                0x0000000000007e72       0x30 E:\tp78_v2\mounriver_project\VLD_CH582M\LIB\libCH58xBLE.a(gap_peripheral.o)
 .text.gapSetAdvParams
                0x0000000000007ea2       0xfc E:\tp78_v2\mounriver_project\VLD_CH582M\LIB\libCH58xBLE.a(gap_peripheral.o)
 .text.gapPeriProcessConnEvt
                0x0000000000007f9e       0xd0 E:\tp78_v2\mounriver_project\VLD_CH582M\LIB\libCH58xBLE.a(gap_peripheral.o)
 .text.gapWriteAdvDataStatus
                0x000000000000806e       0x88 E:\tp78_v2\mounriver_project\VLD_CH582M\LIB\libCH58xBLE.a(gap_peripheral.o)
 .text.GAP_MakeDiscoverable
                0x00000000000080f6      0x174 E:\tp78_v2\mounriver_project\VLD_CH582M\LIB\libCH58xBLE.a(gap_peripheral.o)
                0x00000000000080f6                GAP_MakeDiscoverable
 .text.GAP_EndDiscoverable
                0x000000000000826a       0x66 E:\tp78_v2\mounriver_project\VLD_CH582M\LIB\libCH58xBLE.a(gap_peripheral.o)
                0x000000000000826a                GAP_EndDiscoverable
 .text.gapProcessAdvertisingEvt
                0x00000000000082d0      0x116 E:\tp78_v2\mounriver_project\VLD_CH582M\LIB\libCH58xBLE.a(gap_peripheral.o)
 .text.GAP_MakePeriodic
                0x00000000000083e6       0x26 E:\tp78_v2\mounriver_project\VLD_CH582M\LIB\libCH58xBLE.a(gap_peripheral.o)
                0x00000000000083e6                GAP_MakePeriodic
 .text.GAP_EndPeriodic
                0x000000000000840c        0xc E:\tp78_v2\mounriver_project\VLD_CH582M\LIB\libCH58xBLE.a(gap_peripheral.o)
                0x000000000000840c                GAP_EndPeriodic
 .text.GAP_SetAdvertisingAdvData
                0x0000000000008418      0x102 E:\tp78_v2\mounriver_project\VLD_CH582M\LIB\libCH58xBLE.a(gap_peripheral.o)
                0x0000000000008418                GAP_SetAdvertisingAdvData
 .text.GAP_SetAdvertisingRspData
                0x000000000000851a      0x102 E:\tp78_v2\mounriver_project\VLD_CH582M\LIB\libCH58xBLE.a(gap_peripheral.o)
                0x000000000000851a                GAP_SetAdvertisingRspData
 .text.GAP_SetPeriodicAdvertisingData
                0x000000000000861c       0xc6 E:\tp78_v2\mounriver_project\VLD_CH582M\LIB\libCH58xBLE.a(gap_peripheral.o)
                0x000000000000861c                GAP_SetPeriodicAdvertisingData
 .text.GAP_GetAdvertisingAdvData
                0x00000000000086e2       0x26 E:\tp78_v2\mounriver_project\VLD_CH582M\LIB\libCH58xBLE.a(gap_peripheral.o)
                0x00000000000086e2                GAP_GetAdvertisingAdvData
 .text.GAP_GetAdvertisingRspData
                0x0000000000008708       0x34 E:\tp78_v2\mounriver_project\VLD_CH582M\LIB\libCH58xBLE.a(gap_peripheral.o)
                0x0000000000008708                GAP_GetAdvertisingRspData
 .text.GAP_GetPeriodicAdvertisingData
                0x000000000000873c       0x34 E:\tp78_v2\mounriver_project\VLD_CH582M\LIB\libCH58xBLE.a(gap_peripheral.o)
                0x000000000000873c                GAP_GetPeriodicAdvertisingData
 .text.GAP_ConfigDeviceAddr
                0x0000000000008770      0x124 E:\tp78_v2\mounriver_project\VLD_CH582M\LIB\libCH58xBLE.a(gap_peripheral.o)
                0x0000000000008770                GAP_ConfigDeviceAddr
 .text.GAP_PeriConnRegister
                0x0000000000008894       0x2e E:\tp78_v2\mounriver_project\VLD_CH582M\LIB\libCH58xBLE.a(gap_peripheral.o)
                0x0000000000008894                GAP_PeriConnRegister
 .text.GAP_PeripheralParamInit
                0x00000000000088c2       0x5e E:\tp78_v2\mounriver_project\VLD_CH582M\LIB\libCH58xBLE.a(gap_peripheral.o)
                0x00000000000088c2                GAP_PeripheralParamInit
 .text.gapSendMakeDiscEvent
                0x0000000000008920       0x50 E:\tp78_v2\mounriver_project\VLD_CH582M\LIB\libCH58xBLE.a(gap_peripheral.o)
                0x0000000000008920                gapSendMakeDiscEvent
 .text.gapWriteAdvEnableStatus
                0x0000000000008970      0x110 E:\tp78_v2\mounriver_project\VLD_CH582M\LIB\libCH58xBLE.a(gap_peripheral.o)
 .text.gapSendMakePeriodicEvent
                0x0000000000008a80       0x3a E:\tp78_v2\mounriver_project\VLD_CH582M\LIB\libCH58xBLE.a(gap_peripheral.o)
                0x0000000000008a80                gapSendMakePeriodicEvent
 .text.gapPeriProcessHCICmdCompleteEvt
                0x0000000000008aba      0x18e E:\tp78_v2\mounriver_project\VLD_CH582M\LIB\libCH58xBLE.a(gap_peripheral.o)
 .text.GAP_PeriDevMgrInit
                0x0000000000008c48       0x2e E:\tp78_v2\mounriver_project\VLD_CH582M\LIB\libCH58xBLE.a(gap_peripheral.o)
                0x0000000000008c48                GAP_PeriDevMgrInit
 .text.ggs_SetAttrWPermit
                0x0000000000008c76       0x68 E:\tp78_v2\mounriver_project\VLD_CH582M\LIB\libCH58xBLE.a(gapgattserver.o)
 .text.ggs_ReadAttrCB
                0x0000000000008cde      0x156 E:\tp78_v2\mounriver_project\VLD_CH582M\LIB\libCH58xBLE.a(gapgattserver.o)
 .text.ggs_WriteAttrCB
                0x0000000000008e34      0x15c E:\tp78_v2\mounriver_project\VLD_CH582M\LIB\libCH58xBLE.a(gapgattserver.o)
 .text.GGS_ParamInit
                0x0000000000008f90      0x23a E:\tp78_v2\mounriver_project\VLD_CH582M\LIB\libCH58xBLE.a(gapgattserver.o)
                0x0000000000008f90                GGS_ParamInit
 .text.GGS_SetParameter
                0x00000000000091ca       0xe2 E:\tp78_v2\mounriver_project\VLD_CH582M\LIB\libCH58xBLE.a(gapgattserver.o)
                0x00000000000091ca                GGS_SetParameter
 .text.GGS_AddService
                0x00000000000092ac       0x2c E:\tp78_v2\mounriver_project\VLD_CH582M\LIB\libCH58xBLE.a(gapgattserver.o)
                0x00000000000092ac                GGS_AddService
 .text.GAP_DeviceInit
                0x00000000000092d8       0xd8 E:\tp78_v2\mounriver_project\VLD_CH582M\LIB\libCH58xBLE.a(gapgattserver.o)
                0x00000000000092d8                GAP_DeviceInit
 .text.gattGetPayload
                0x00000000000093b0       0x7e E:\tp78_v2\mounriver_project\VLD_CH582M\LIB\libCH58xBLE.a(gatt.o)
                0x00000000000093b0                gattGetPayload
 .text.gattNotifyEvent
                0x000000000000942e       0x84 E:\tp78_v2\mounriver_project\VLD_CH582M\LIB\libCH58xBLE.a(gatt.o)
                0x000000000000942e                gattNotifyEvent
 .text.gattSendFlowCtrlEvt
                0x00000000000094b2       0x52 E:\tp78_v2\mounriver_project\VLD_CH582M\LIB\libCH58xBLE.a(gatt.o)
                0x00000000000094b2                gattSendFlowCtrlEvt
 .text.gattStartTimer
                0x0000000000009504        0xc E:\tp78_v2\mounriver_project\VLD_CH582M\LIB\libCH58xBLE.a(gatt.o)
                0x0000000000009504                gattStartTimer
 .text.gattStopTimer
                0x0000000000009510       0x32 E:\tp78_v2\mounriver_project\VLD_CH582M\LIB\libCH58xBLE.a(gatt.o)
                0x0000000000009510                gattStopTimer
 .text.GATT_AppCompletedMsg
                0x0000000000009542       0x30 E:\tp78_v2\mounriver_project\VLD_CH582M\LIB\libCH58xBLE.a(gatt.o)
                0x0000000000009542                GATT_AppCompletedMsg
 .text.GATT_NotifyEvent
                0x0000000000009572       0x56 E:\tp78_v2\mounriver_project\VLD_CH582M\LIB\libCH58xBLE.a(gatt.o)
                0x0000000000009572                GATT_NotifyEvent
 .text.gattRegisterServer
                0x00000000000095c8        0x6 E:\tp78_v2\mounriver_project\VLD_CH582M\LIB\libCH58xBLE.a(gatt.o)
                0x00000000000095c8                gattRegisterServer
 .text.GATT_UpdateMTU
                0x00000000000095ce       0x5a E:\tp78_v2\mounriver_project\VLD_CH582M\LIB\libCH58xBLE.a(gatt.o)
                0x00000000000095ce                GATT_UpdateMTU
 .text.GATT_bm_alloc
                0x0000000000009628       0xe8 E:\tp78_v2\mounriver_project\VLD_CH582M\LIB\libCH58xBLE.a(gatt.o)
                0x0000000000009628                GATT_bm_alloc
 .text.GATT_ServiceChangedInd
                0x0000000000009710       0x94 E:\tp78_v2\mounriver_project\VLD_CH582M\LIB\libCH58xBLE.a(gatt.o)
                0x0000000000009710                GATT_ServiceChangedInd
 .text.GATT_bm_free
                0x00000000000097a4       0x1c E:\tp78_v2\mounriver_project\VLD_CH582M\LIB\libCH58xBLE.a(gatt.o)
                0x00000000000097a4                GATT_bm_free
 .text.GATT_Init
                0x00000000000097c0       0x2a E:\tp78_v2\mounriver_project\VLD_CH582M\LIB\libCH58xBLE.a(gatt.o)
                0x00000000000097c0                GATT_Init
 .text.GATT_ProcessEvent
                0x00000000000097ea      0x13a E:\tp78_v2\mounriver_project\VLD_CH582M\LIB\libCH58xBLE.a(gatt.o)
                0x00000000000097ea                GATT_ProcessEvent
 .text.gattProcessExchangeMTUReq
                0x0000000000009924        0x4 E:\tp78_v2\mounriver_project\VLD_CH582M\LIB\libCH58xBLE.a(gattservapp.o)
 .text.gattServApp_FindCharCfgItem
                0x0000000000009928       0x24 E:\tp78_v2\mounriver_project\VLD_CH582M\LIB\libCH58xBLE.a(gattservapp.o)
 .text.gattServerHandleTimerCB
                0x000000000000994c       0x3c E:\tp78_v2\mounriver_project\VLD_CH582M\LIB\libCH58xBLE.a(gattservapp.o)
 .text.GATTServApp_InitCharCfg.part.12
                0x0000000000009988       0x20 E:\tp78_v2\mounriver_project\VLD_CH582M\LIB\libCH58xBLE.a(gattservapp.o)
 .text.gattProcessExecuteWriteReq
                0x00000000000099a8        0x4 E:\tp78_v2\mounriver_project\VLD_CH582M\LIB\libCH58xBLE.a(gattservapp.o)
 .text.GATTServApp_ParamInit
                0x00000000000099ac       0xd6 E:\tp78_v2\mounriver_project\VLD_CH582M\LIB\libCH58xBLE.a(gattservapp.o)
                0x00000000000099ac                GATTServApp_ParamInit
 .text.GATTServApp_ReadCharCfg
                0x0000000000009a82       0x18 E:\tp78_v2\mounriver_project\VLD_CH582M\LIB\libCH58xBLE.a(gattservapp.o)
                0x0000000000009a82                GATTServApp_ReadCharCfg
 .text.GATTServApp_WriteCharCfg
                0x0000000000009a9a       0x3c E:\tp78_v2\mounriver_project\VLD_CH582M\LIB\libCH58xBLE.a(gattservapp.o)
                0x0000000000009a9a                GATTServApp_WriteCharCfg
 .text.GATTServApp_ProcessCCCWriteReq
                0x0000000000009ad6       0x60 E:\tp78_v2\mounriver_project\VLD_CH582M\LIB\libCH58xBLE.a(gattservapp.o)
                0x0000000000009ad6                GATTServApp_ProcessCCCWriteReq
 .text.gattServApp_WriteAttrCB
                0x0000000000009b36       0x34 E:\tp78_v2\mounriver_project\VLD_CH582M\LIB\libCH58xBLE.a(gattservapp.o)
                0x0000000000009b36                gattServApp_WriteAttrCB
 .text.GATTServApp_SendCCCUpdatedEvent
                0x0000000000009b6a       0x5e E:\tp78_v2\mounriver_project\VLD_CH582M\LIB\libCH58xBLE.a(gattservapp.o)
                0x0000000000009b6a                GATTServApp_SendCCCUpdatedEvent
 .text.GATTServApp_SendServiceChangedInd
                0x0000000000009bc8       0x36 E:\tp78_v2\mounriver_project\VLD_CH582M\LIB\libCH58xBLE.a(gattservapp.o)
                0x0000000000009bc8                GATTServApp_SendServiceChangedInd
 .text.gattServApp_ClearPrepareWriteQ
                0x0000000000009bfe       0x50 E:\tp78_v2\mounriver_project\VLD_CH582M\LIB\libCH58xBLE.a(gattservapp.o)
                0x0000000000009bfe                gattServApp_ClearPrepareWriteQ
 .text.gattServApp_FindPrepareWriteQ
                0x0000000000009c4e       0x30 E:\tp78_v2\mounriver_project\VLD_CH582M\LIB\libCH58xBLE.a(gattservapp.o)
                0x0000000000009c4e                gattServApp_FindPrepareWriteQ
 .text.gattServApp_FindServiceCBs
                0x0000000000009c7e       0x18 E:\tp78_v2\mounriver_project\VLD_CH582M\LIB\libCH58xBLE.a(gattservapp.o)
                0x0000000000009c7e                gattServApp_FindServiceCBs
 .text.gattServApp_FindAuthorizeAttrCB
                0x0000000000009c96       0x16 E:\tp78_v2\mounriver_project\VLD_CH582M\LIB\libCH58xBLE.a(gattservapp.o)
                0x0000000000009c96                gattServApp_FindAuthorizeAttrCB
 .text.gattServApp_IsWriteLong
                0x0000000000009cac       0xea E:\tp78_v2\mounriver_project\VLD_CH582M\LIB\libCH58xBLE.a(gattservapp.o)
                0x0000000000009cac                gattServApp_IsWriteLong
 .text.gattFindService
                0x0000000000009d96       0x1c E:\tp78_v2\mounriver_project\VLD_CH582M\LIB\libCH58xBLE.a(gattservapp.o)
                0x0000000000009d96                gattFindService
 .text.GATT_ServiceNumAttrs
                0x0000000000009db2       0x18 E:\tp78_v2\mounriver_project\VLD_CH582M\LIB\libCH58xBLE.a(gattservapp.o)
                0x0000000000009db2                GATT_ServiceNumAttrs
 .text.GATT_ServiceEncKeySize
                0x0000000000009dca       0x18 E:\tp78_v2\mounriver_project\VLD_CH582M\LIB\libCH58xBLE.a(gattservapp.o)
                0x0000000000009dca                GATT_ServiceEncKeySize
 .text.GATT_VerifyWritePermissions.part.7
                0x0000000000009de2       0x2e E:\tp78_v2\mounriver_project\VLD_CH582M\LIB\libCH58xBLE.a(gattservapp.o)
 .text.gattResetServerInfo
                0x0000000000009e10       0x1c E:\tp78_v2\mounriver_project\VLD_CH582M\LIB\libCH58xBLE.a(gattservapp.o)
                0x0000000000009e10                gattResetServerInfo
 .text.gattFindServerInfo
                0x0000000000009e2c       0x2c E:\tp78_v2\mounriver_project\VLD_CH582M\LIB\libCH58xBLE.a(gattservapp.o)
                0x0000000000009e2c                gattFindServerInfo
 .text.gattServerHandleConnStatusCB
                0x0000000000009e58       0x98 E:\tp78_v2\mounriver_project\VLD_CH582M\LIB\libCH58xBLE.a(gattservapp.o)
                0x0000000000009e58                gattServerHandleConnStatusCB
 .text.gattServerProcessMsgCB
                0x0000000000009ef0      0x1c0 E:\tp78_v2\mounriver_project\VLD_CH582M\LIB\libCH58xBLE.a(gattservapp.o)
                0x0000000000009ef0                gattServerProcessMsgCB
 .text.gattServerNotifyTxCB
                0x000000000000a0b0       0x28 E:\tp78_v2\mounriver_project\VLD_CH582M\LIB\libCH58xBLE.a(gattservapp.o)
 .text.GATT_FindHandle
                0x000000000000a0d8       0x4a E:\tp78_v2\mounriver_project\VLD_CH582M\LIB\libCH58xBLE.a(gattservapp.o)
                0x000000000000a0d8                GATT_FindHandle
 .text.GATTServApp_WriteAttr
                0x000000000000a122       0xa8 E:\tp78_v2\mounriver_project\VLD_CH582M\LIB\libCH58xBLE.a(gattservapp.o)
                0x000000000000a122                GATTServApp_WriteAttr
 .text.gattServApp_ProcessExecuteWriteReq
                0x000000000000a1ca      0x100 E:\tp78_v2\mounriver_project\VLD_CH582M\LIB\libCH58xBLE.a(gattservapp.o)
                0x000000000000a1ca                gattServApp_ProcessExecuteWriteReq
 .text.GATTServApp_UpdateCharCfg
                0x000000000000a2ca       0x1e E:\tp78_v2\mounriver_project\VLD_CH582M\LIB\libCH58xBLE.a(gattservapp.o)
                0x000000000000a2ca                GATTServApp_UpdateCharCfg
 .text.gattServApp_ProcessPrepareWriteReq
                0x000000000000a2e8      0x10e E:\tp78_v2\mounriver_project\VLD_CH582M\LIB\libCH58xBLE.a(gattservapp.o)
                0x000000000000a2e8                gattServApp_ProcessPrepareWriteReq
 .text.gattServApp_ProcessWriteReq
                0x000000000000a3f6       0xb0 E:\tp78_v2\mounriver_project\VLD_CH582M\LIB\libCH58xBLE.a(gattservapp.o)
                0x000000000000a3f6                gattServApp_ProcessWriteReq
 .text.GATT_Indication
                0x000000000000a4a6       0xa4 E:\tp78_v2\mounriver_project\VLD_CH582M\LIB\libCH58xBLE.a(gattservapp.o)
                0x000000000000a4a6                GATT_Indication
 .text.GATT_FindHandleUUID
                0x000000000000a54a       0x94 E:\tp78_v2\mounriver_project\VLD_CH582M\LIB\libCH58xBLE.a(gattservapp.o)
                0x000000000000a54a                GATT_FindHandleUUID
 .text.gattProcessReadByGrpTypeReq
                0x000000000000a5de       0x60 E:\tp78_v2\mounriver_project\VLD_CH582M\LIB\libCH58xBLE.a(gattservapp.o)
 .text.gattProcessReadByTypeReq
                0x000000000000a63e       0x34 E:\tp78_v2\mounriver_project\VLD_CH582M\LIB\libCH58xBLE.a(gattservapp.o)
 .text.gattProcessFindByTypeValueReq
                0x000000000000a672       0x34 E:\tp78_v2\mounriver_project\VLD_CH582M\LIB\libCH58xBLE.a(gattservapp.o)
 .text.gattProcessFindInfoReq
                0x000000000000a6a6      0x1aa E:\tp78_v2\mounriver_project\VLD_CH582M\LIB\libCH58xBLE.a(gattservapp.o)
 .text.GATT_Notification
                0x000000000000a850       0x70 E:\tp78_v2\mounriver_project\VLD_CH582M\LIB\libCH58xBLE.a(gattservapp.o)
                0x000000000000a850                GATT_Notification
 .text.GATT_VerifyWritePermissions
                0x000000000000a8c0       0x6a E:\tp78_v2\mounriver_project\VLD_CH582M\LIB\libCH58xBLE.a(gattservapp.o)
                0x000000000000a8c0                GATT_VerifyWritePermissions
 .text.gattProcessWriteReq
                0x000000000000a92a       0x36 E:\tp78_v2\mounriver_project\VLD_CH582M\LIB\libCH58xBLE.a(gattservapp.o)
 .text.GATT_VerifyPrepareWritePermissions
                0x000000000000a960       0x56 E:\tp78_v2\mounriver_project\VLD_CH582M\LIB\libCH58xBLE.a(gattservapp.o)
                0x000000000000a960                GATT_VerifyPrepareWritePermissions
 .text.gattProcessPrepareWriteReq
                0x000000000000a9b6       0x36 E:\tp78_v2\mounriver_project\VLD_CH582M\LIB\libCH58xBLE.a(gattservapp.o)
 .text.GATT_FindNextAttr
                0x000000000000a9ec       0xc2 E:\tp78_v2\mounriver_project\VLD_CH582M\LIB\libCH58xBLE.a(gattservapp.o)
                0x000000000000a9ec                GATT_FindNextAttr
 .text.GATTServApp_ReadAttr
                0x000000000000aaae      0x2ea E:\tp78_v2\mounriver_project\VLD_CH582M\LIB\libCH58xBLE.a(gattservapp.o)
                0x000000000000aaae                GATTServApp_ReadAttr
 .text.gattServApp_ProcessReadMultiReq
                0x000000000000ad98      0x16e E:\tp78_v2\mounriver_project\VLD_CH582M\LIB\libCH58xBLE.a(gattservapp.o)
                0x000000000000ad98                gattServApp_ProcessReadMultiReq
 .text.gattServApp_ProcessFindByTypeValueReq
                0x000000000000af06      0x1a0 E:\tp78_v2\mounriver_project\VLD_CH582M\LIB\libCH58xBLE.a(gattservapp.o)
                0x000000000000af06                gattServApp_ProcessFindByTypeValueReq
 .text.GATT_VerifyReadPermissions
                0x000000000000b0a6       0x68 E:\tp78_v2\mounriver_project\VLD_CH582M\LIB\libCH58xBLE.a(gattservapp.o)
                0x000000000000b0a6                GATT_VerifyReadPermissions
 .text.gattProcessReadMultiReq
                0x000000000000b10e       0xae E:\tp78_v2\mounriver_project\VLD_CH582M\LIB\libCH58xBLE.a(gattservapp.o)
 .text.gattProcessReadReq
                0x000000000000b1bc       0x30 E:\tp78_v2\mounriver_project\VLD_CH582M\LIB\libCH58xBLE.a(gattservapp.o)
 .text.gattServApp_ProcessReadByGrpTypeReq
                0x000000000000b1ec      0x21c E:\tp78_v2\mounriver_project\VLD_CH582M\LIB\libCH58xBLE.a(gattservapp.o)
                0x000000000000b1ec                gattServApp_ProcessReadByGrpTypeReq
 .text.gattServApp_ProcessReadByTypeReq
                0x000000000000b408      0x1ae E:\tp78_v2\mounriver_project\VLD_CH582M\LIB\libCH58xBLE.a(gattservapp.o)
                0x000000000000b408                gattServApp_ProcessReadByTypeReq
 .text.GATT_RegisterService
                0x000000000000b5b6      0x100 E:\tp78_v2\mounriver_project\VLD_CH582M\LIB\libCH58xBLE.a(gattservapp.o)
                0x000000000000b5b6                GATT_RegisterService
 .text.GATTServApp_RegisterService
                0x000000000000b6b6       0x7c E:\tp78_v2\mounriver_project\VLD_CH582M\LIB\libCH58xBLE.a(gattservapp.o)
                0x000000000000b6b6                GATTServApp_RegisterService
 .text.GATTServApp_AddService
                0x000000000000b732       0x2c E:\tp78_v2\mounriver_project\VLD_CH582M\LIB\libCH58xBLE.a(gattservapp.o)
                0x000000000000b732                GATTServApp_AddService
 .text.GATTServApp_RegisterForMsg
                0x000000000000b75e        0x6 E:\tp78_v2\mounriver_project\VLD_CH582M\LIB\libCH58xBLE.a(gattservapp.o)
                0x000000000000b75e                GATTServApp_RegisterForMsg
 .text.GATTServApp_InitCharCfg
                0x000000000000b764       0x28 E:\tp78_v2\mounriver_project\VLD_CH582M\LIB\libCH58xBLE.a(gattservapp.o)
                0x000000000000b764                GATTServApp_InitCharCfg
 .text.gattServApp_HandleConnStatusCB
                0x000000000000b78c       0x74 E:\tp78_v2\mounriver_project\VLD_CH582M\LIB\libCH58xBLE.a(gattservapp.o)
                0x000000000000b78c                gattServApp_HandleConnStatusCB
 .text.GATT_InitServer
                0x000000000000b800       0xfa E:\tp78_v2\mounriver_project\VLD_CH582M\LIB\libCH58xBLE.a(gattservapp.o)
                0x000000000000b800                GATT_InitServer
 .text.GATTServApp_Init
                0x000000000000b8fa       0x34 E:\tp78_v2\mounriver_project\VLD_CH582M\LIB\libCH58xBLE.a(gattservapp.o)
                0x000000000000b8fa                GATTServApp_Init
 .text.GATTServApp_ProcessEvent
                0x000000000000b92e      0x36a E:\tp78_v2\mounriver_project\VLD_CH582M\LIB\libCH58xBLE.a(gattservapp.o)
                0x000000000000b92e                GATTServApp_ProcessEvent
 .text.l2capAllocConnChannel
                0x000000000000bc98       0xe0 E:\tp78_v2\mounriver_project\VLD_CH582M\LIB\libCH58xBLE.a(l2cap.o)
                0x000000000000bc98                l2capAllocConnChannel
 .text.l2capFindLocalCID
                0x000000000000bd78       0x2c E:\tp78_v2\mounriver_project\VLD_CH582M\LIB\libCH58xBLE.a(l2cap.o)
                0x000000000000bd78                l2capFindLocalCID
 .text.l2capFindLocalId
                0x000000000000bda4       0x30 E:\tp78_v2\mounriver_project\VLD_CH582M\LIB\libCH58xBLE.a(l2cap.o)
                0x000000000000bda4                l2capFindLocalId
 .text.l2capFindPsm
                0x000000000000bdd4       0x30 E:\tp78_v2\mounriver_project\VLD_CH582M\LIB\libCH58xBLE.a(l2cap.o)
                0x000000000000bdd4                l2capFindPsm
 .text.l2capFindRemoteCID
                0x000000000000be04       0x3c E:\tp78_v2\mounriver_project\VLD_CH582M\LIB\libCH58xBLE.a(l2cap.o)
                0x000000000000be04                l2capFindRemoteCID
 .text.l2capFreeChannel
                0x000000000000be40       0x4e E:\tp78_v2\mounriver_project\VLD_CH582M\LIB\libCH58xBLE.a(l2cap.o)
                0x000000000000be40                l2capFreeChannel
 .text.l2capDisconnectChannel
                0x000000000000be8e       0x28 E:\tp78_v2\mounriver_project\VLD_CH582M\LIB\libCH58xBLE.a(l2cap.o)
                0x000000000000be8e                l2capDisconnectChannel
 .text.l2capHandleTimerCB
                0x000000000000beb6       0x2c E:\tp78_v2\mounriver_project\VLD_CH582M\LIB\libCH58xBLE.a(l2cap.o)
                0x000000000000beb6                l2capHandleTimerCB
 .text.l2capFreePendingPkt
                0x000000000000bee2       0x58 E:\tp78_v2\mounriver_project\VLD_CH582M\LIB\libCH58xBLE.a(l2cap.o)
                0x000000000000bee2                l2capFreePendingPkt
 .text.l2capGetCoChannelInfo
                0x000000000000bf3a       0x86 E:\tp78_v2\mounriver_project\VLD_CH582M\LIB\libCH58xBLE.a(l2cap.o)
                0x000000000000bf3a                l2capGetCoChannelInfo
 .text.l2capNumActiveChannnels
                0x000000000000bfc0       0x48 E:\tp78_v2\mounriver_project\VLD_CH582M\LIB\libCH58xBLE.a(l2cap.o)
                0x000000000000bfc0                l2capNumActiveChannnels
 .text.l2capStartTimer
                0x000000000000c008       0x1a E:\tp78_v2\mounriver_project\VLD_CH582M\LIB\libCH58xBLE.a(l2cap.o)
                0x000000000000c008                l2capStartTimer
 .text.l2capStopTimer
                0x000000000000c022       0x1e E:\tp78_v2\mounriver_project\VLD_CH582M\LIB\libCH58xBLE.a(l2cap.o)
                0x000000000000c022                l2capStopTimer
 .text.l2capDisconnectAllChannels
                0x000000000000c040       0xdc E:\tp78_v2\mounriver_project\VLD_CH582M\LIB\libCH58xBLE.a(l2cap.o)
                0x000000000000c040                l2capDisconnectAllChannels
 .text.l2capHandleConnStatusCB
                0x000000000000c11c       0x3c E:\tp78_v2\mounriver_project\VLD_CH582M\LIB\libCH58xBLE.a(l2cap.o)
                0x000000000000c11c                l2capHandleConnStatusCB
 .text.l2capHandleRxError
                0x000000000000c158        0x6 E:\tp78_v2\mounriver_project\VLD_CH582M\LIB\libCH58xBLE.a(l2cap.o)
                0x000000000000c158                l2capHandleRxError
 .text.L2CAP_GetMTU
                0x000000000000c15e        0x6 E:\tp78_v2\mounriver_project\VLD_CH582M\LIB\libCH58xBLE.a(l2cap.o)
                0x000000000000c15e                L2CAP_GetMTU
 .text.L2CAP_HostNumCompletedPkts
                0x000000000000c164       0x28 E:\tp78_v2\mounriver_project\VLD_CH582M\LIB\libCH58xBLE.a(l2cap.o)
                0x000000000000c164                L2CAP_HostNumCompletedPkts
 .text.L2CAP_ParseConnectReq
                0x000000000000c18c       0x5e E:\tp78_v2\mounriver_project\VLD_CH582M\LIB\libCH58xBLE.a(l2cap.o)
                0x000000000000c18c                L2CAP_ParseConnectReq
 .text.L2CAP_ParseFlowCtrlCredit
                0x000000000000c1ea       0x2e E:\tp78_v2\mounriver_project\VLD_CH582M\LIB\libCH58xBLE.a(l2cap.o)
                0x000000000000c1ea                L2CAP_ParseFlowCtrlCredit
 .text.L2CAP_RegisterApp
                0x000000000000c218       0x30 E:\tp78_v2\mounriver_project\VLD_CH582M\LIB\libCH58xBLE.a(l2cap.o)
                0x000000000000c218                L2CAP_RegisterApp
 .text.L2CAP_SetBufSize
                0x000000000000c248       0x1e E:\tp78_v2\mounriver_project\VLD_CH582M\LIB\libCH58xBLE.a(l2cap.o)
                0x000000000000c248                L2CAP_SetBufSize
 .text.L2CAP_bm_alloc
                0x000000000000c266       0x2a E:\tp78_v2\mounriver_project\VLD_CH582M\LIB\libCH58xBLE.a(l2cap.o)
                0x000000000000c266                L2CAP_bm_alloc
 .text.L2CAP_Init
                0x000000000000c290      0x118 E:\tp78_v2\mounriver_project\VLD_CH582M\LIB\libCH58xBLE.a(l2cap.o)
                0x000000000000c290                L2CAP_Init
 .text.L2CAP_ProcessEvent
                0x000000000000c3a8       0xd4 E:\tp78_v2\mounriver_project\VLD_CH582M\LIB\libCH58xBLE.a(l2cap.o)
                0x000000000000c3a8                L2CAP_ProcessEvent
 .text.l2capParseCmdReject
                0x000000000000c47c       0x5e E:\tp78_v2\mounriver_project\VLD_CH582M\LIB\libCH58xBLE.a(l2cap_input.o)
                0x000000000000c47c                l2capParseCmdReject
 .text.l2capParseDisconnectReq
                0x000000000000c4da       0x2e E:\tp78_v2\mounriver_project\VLD_CH582M\LIB\libCH58xBLE.a(l2cap_input.o)
                0x000000000000c4da                l2capParseDisconnectReq
 .text.l2capParseDisconnectRsp
                0x000000000000c508       0x2e E:\tp78_v2\mounriver_project\VLD_CH582M\LIB\libCH58xBLE.a(l2cap_input.o)
                0x000000000000c508                l2capParseDisconnectRsp
 .text.L2CAP_ParseParamUpdateReq
                0x000000000000c536       0x4e E:\tp78_v2\mounriver_project\VLD_CH582M\LIB\libCH58xBLE.a(l2cap_input.o)
                0x000000000000c536                L2CAP_ParseParamUpdateReq
 .text.l2capParseParamUpdateRsp
                0x000000000000c584       0x1e E:\tp78_v2\mounriver_project\VLD_CH582M\LIB\libCH58xBLE.a(l2cap_input.o)
                0x000000000000c584                l2capParseParamUpdateRsp
 .text.l2capProcessConnectReq
                0x000000000000c5a2       0xfc E:\tp78_v2\mounriver_project\VLD_CH582M\LIB\libCH58xBLE.a(l2cap_input.o)
                0x000000000000c5a2                l2capProcessConnectReq
 .text.l2capParseConnectRsp
                0x000000000000c69e       0x5e E:\tp78_v2\mounriver_project\VLD_CH582M\LIB\libCH58xBLE.a(l2cap_input.o)
                0x000000000000c69e                l2capParseConnectRsp
 .text.l2capParseSignalHdr
                0x000000000000c6fc       0x22 E:\tp78_v2\mounriver_project\VLD_CH582M\LIB\libCH58xBLE.a(l2cap_input.o)
                0x000000000000c6fc                l2capParseSignalHdr
 .text.l2capParsePacket
                0x000000000000c71e       0x8c E:\tp78_v2\mounriver_project\VLD_CH582M\LIB\libCH58xBLE.a(l2cap_input.o)
                0x000000000000c71e                l2capParsePacket
 .text.l2capProcessReq
                0x000000000000c7aa      0x15e E:\tp78_v2\mounriver_project\VLD_CH582M\LIB\libCH58xBLE.a(l2cap_input.o)
                0x000000000000c7aa                l2capProcessReq
 .text.l2capProcessRsp
                0x000000000000c908      0x150 E:\tp78_v2\mounriver_project\VLD_CH582M\LIB\libCH58xBLE.a(l2cap_input.o)
                0x000000000000c908                l2capProcessRsp
 .text.l2capProcessRxData
                0x000000000000ca58       0xf8 E:\tp78_v2\mounriver_project\VLD_CH582M\LIB\libCH58xBLE.a(l2cap_input.o)
                0x000000000000ca58                l2capProcessRxData
 .text.l2capNotifyData
                0x000000000000cb50       0x5e E:\tp78_v2\mounriver_project\VLD_CH582M\LIB\libCH58xBLE.a(l2cap_output.o)
                0x000000000000cb50                l2capNotifyData
 .text.l2capNotifySignal
                0x000000000000cbae       0x7a E:\tp78_v2\mounriver_project\VLD_CH582M\LIB\libCH58xBLE.a(l2cap_output.o)
                0x000000000000cbae                l2capNotifySignal
 .text.l2capNotifyCreditEvt
                0x000000000000cc28       0xa4 E:\tp78_v2\mounriver_project\VLD_CH582M\LIB\libCH58xBLE.a(l2cap_output.o)
                0x000000000000cc28                l2capNotifyCreditEvt
 .text.l2capNotifyChannelEstEvt
                0x000000000000cccc       0x5c E:\tp78_v2\mounriver_project\VLD_CH582M\LIB\libCH58xBLE.a(l2cap_output.o)
                0x000000000000cccc                l2capNotifyChannelEstEvt
 .text.l2capNotifyChannelTermEvt
                0x000000000000cd28       0x3e E:\tp78_v2\mounriver_project\VLD_CH582M\LIB\libCH58xBLE.a(l2cap_output.o)
                0x000000000000cd28                l2capNotifyChannelTermEvt
 .text.l2capNotifyEvent
                0x000000000000cd66       0x66 E:\tp78_v2\mounriver_project\VLD_CH582M\LIB\libCH58xBLE.a(l2cap_output.o)
                0x000000000000cd66                l2capNotifyEvent
 .text.l2capStoreFCPkt
                0x000000000000cdcc       0x32 E:\tp78_v2\mounriver_project\VLD_CH582M\LIB\libCH58xBLE.a(l2cap_output.o)
                0x000000000000cdcc                l2capStoreFCPkt
 .text.l2capFreeTxSDU
                0x000000000000cdfe       0x9e E:\tp78_v2\mounriver_project\VLD_CH582M\LIB\libCH58xBLE.a(l2cap_output.o)
                0x000000000000cdfe                l2capFreeTxSDU
 .text.l2capReassembleSegment
                0x000000000000ce9c      0x178 E:\tp78_v2\mounriver_project\VLD_CH582M\LIB\libCH58xBLE.a(l2cap_output.o)
                0x000000000000ce9c                l2capReassembleSegment
 .text.l2capEncapSendData
                0x000000000000d014       0xf0 E:\tp78_v2\mounriver_project\VLD_CH582M\LIB\libCH58xBLE.a(l2cap_output.o)
                0x000000000000d014                l2capEncapSendData
 .text.l2capSendFCPkt.part.3
                0x000000000000d104       0x70 E:\tp78_v2\mounriver_project\VLD_CH582M\LIB\libCH58xBLE.a(l2cap_output.o)
 .text.l2capSendSegment
                0x000000000000d174      0x108 E:\tp78_v2\mounriver_project\VLD_CH582M\LIB\libCH58xBLE.a(l2cap_output.o)
                0x000000000000d174                l2capSendSegment
 .text.l2capSendNextSegment
                0x000000000000d27c       0xb4 E:\tp78_v2\mounriver_project\VLD_CH582M\LIB\libCH58xBLE.a(l2cap_output.o)
                0x000000000000d27c                l2capSendNextSegment
 .text.l2capSendPkt
                0x000000000000d330       0x3a E:\tp78_v2\mounriver_project\VLD_CH582M\LIB\libCH58xBLE.a(l2cap_output.o)
                0x000000000000d330                l2capSendPkt
 .text.L2CAP_SendData
                0x000000000000d36a       0x82 E:\tp78_v2\mounriver_project\VLD_CH582M\LIB\libCH58xBLE.a(l2cap_output.o)
                0x000000000000d36a                L2CAP_SendData
 .text.l2capSendCmd
                0x000000000000d3ec       0x8a E:\tp78_v2\mounriver_project\VLD_CH582M\LIB\libCH58xBLE.a(l2cap_output.o)
                0x000000000000d3ec                l2capSendCmd
 .text.l2capSendReq
                0x000000000000d476       0xc8 E:\tp78_v2\mounriver_project\VLD_CH582M\LIB\libCH58xBLE.a(l2cap_output.o)
                0x000000000000d476                l2capSendReq
 .text.l2capBuildDisconnectReq
                0x000000000000d53e       0x28 E:\tp78_v2\mounriver_project\VLD_CH582M\LIB\libCH58xBLE.a(l2cap_sdu.o)
 .text.l2capBuildParamUpdateReq
                0x000000000000d566       0x4c E:\tp78_v2\mounriver_project\VLD_CH582M\LIB\libCH58xBLE.a(l2cap_sdu.o)
 .text.l2capBuildParamUpdateRsp
                0x000000000000d5b2       0x16 E:\tp78_v2\mounriver_project\VLD_CH582M\LIB\libCH58xBLE.a(l2cap_sdu.o)
 .text.l2capBuildConnectRsp
                0x000000000000d5c8       0x5e E:\tp78_v2\mounriver_project\VLD_CH582M\LIB\libCH58xBLE.a(l2cap_sdu.o)
 .text.l2capBuildCmdReject
                0x000000000000d626       0x62 E:\tp78_v2\mounriver_project\VLD_CH582M\LIB\libCH58xBLE.a(l2cap_sdu.o)
                0x000000000000d626                l2capBuildCmdReject
 .text.l2capBuildDisconnectRsp
                0x000000000000d688       0x28 E:\tp78_v2\mounriver_project\VLD_CH582M\LIB\libCH58xBLE.a(l2cap_sdu.o)
                0x000000000000d688                l2capBuildDisconnectRsp
 .text.l2capSendConnectRsp
                0x000000000000d6b0       0xaa E:\tp78_v2\mounriver_project\VLD_CH582M\LIB\libCH58xBLE.a(l2cap_sdu.o)
                0x000000000000d6b0                l2capSendConnectRsp
 .text.L2CAP_CmdReject
                0x000000000000d75a       0x12 E:\tp78_v2\mounriver_project\VLD_CH582M\LIB\libCH58xBLE.a(l2cap_sdu.o)
                0x000000000000d75a                L2CAP_CmdReject
 .text.L2CAP_DisconnectReq
                0x000000000000d76c       0x2a E:\tp78_v2\mounriver_project\VLD_CH582M\LIB\libCH58xBLE.a(l2cap_sdu.o)
                0x000000000000d76c                L2CAP_DisconnectReq
 .text.L2CAP_ConnParamUpdateReq
                0x000000000000d796       0x16 E:\tp78_v2\mounriver_project\VLD_CH582M\LIB\libCH58xBLE.a(l2cap_sdu.o)
                0x000000000000d796                L2CAP_ConnParamUpdateReq
 .text.L2CAP_ConnParamUpdateRsp
                0x000000000000d7ac       0x12 E:\tp78_v2\mounriver_project\VLD_CH582M\LIB\libCH58xBLE.a(l2cap_sdu.o)
                0x000000000000d7ac                L2CAP_ConnParamUpdateRsp
 .text.reportStatusChange
                0x000000000000d7be       0x3e E:\tp78_v2\mounriver_project\VLD_CH582M\LIB\libCH58xBLE.a(linkdb.o)
 .text.linkDB_Init
                0x000000000000d7fc       0xa8 E:\tp78_v2\mounriver_project\VLD_CH582M\LIB\libCH58xBLE.a(linkdb.o)
                0x000000000000d7fc                linkDB_Init
 .text.linkDB_Find
                0x000000000000d8a4       0x34 E:\tp78_v2\mounriver_project\VLD_CH582M\LIB\libCH58xBLE.a(linkdb.o)
                0x000000000000d8a4                linkDB_Find
 .text.linkDB_Authen
                0x000000000000d8d8       0x5c E:\tp78_v2\mounriver_project\VLD_CH582M\LIB\libCH58xBLE.a(linkdb.o)
                0x000000000000d8d8                linkDB_Authen
 .text.linkDB_FindByAddr
                0x000000000000d934       0x82 E:\tp78_v2\mounriver_project\VLD_CH582M\LIB\libCH58xBLE.a(linkdb.o)
                0x000000000000d934                linkDB_FindByAddr
 .text.linkDB_FindFirst
                0x000000000000d9b6       0x40 E:\tp78_v2\mounriver_project\VLD_CH582M\LIB\libCH58xBLE.a(linkdb.o)
                0x000000000000d9b6                linkDB_FindFirst
 .text.linkDB_MTU
                0x000000000000d9f6       0x18 E:\tp78_v2\mounriver_project\VLD_CH582M\LIB\libCH58xBLE.a(linkdb.o)
                0x000000000000d9f6                linkDB_MTU
 .text.linkDB_NumActive
                0x000000000000da0e       0x36 E:\tp78_v2\mounriver_project\VLD_CH582M\LIB\libCH58xBLE.a(linkdb.o)
                0x000000000000da0e                linkDB_NumActive
 .text.linkDB_NumConns
                0x000000000000da44        0xa E:\tp78_v2\mounriver_project\VLD_CH582M\LIB\libCH58xBLE.a(linkdb.o)
                0x000000000000da44                linkDB_NumConns
 .text.linkDB_Register
                0x000000000000da4e       0x28 E:\tp78_v2\mounriver_project\VLD_CH582M\LIB\libCH58xBLE.a(linkdb.o)
                0x000000000000da4e                linkDB_Register
 .text.linkDB_Remove
                0x000000000000da76       0x4c E:\tp78_v2\mounriver_project\VLD_CH582M\LIB\libCH58xBLE.a(linkdb.o)
                0x000000000000da76                linkDB_Remove
 .text.linkDB_Role
                0x000000000000dac2       0x18 E:\tp78_v2\mounriver_project\VLD_CH582M\LIB\libCH58xBLE.a(linkdb.o)
                0x000000000000dac2                linkDB_Role
 .text.linkDB_State
                0x000000000000dada       0x30 E:\tp78_v2\mounriver_project\VLD_CH582M\LIB\libCH58xBLE.a(linkdb.o)
                0x000000000000dada                linkDB_State
 .text.linkDB_UpdateMTU
                0x000000000000db0a       0x28 E:\tp78_v2\mounriver_project\VLD_CH582M\LIB\libCH58xBLE.a(linkdb.o)
                0x000000000000db0a                linkDB_UpdateMTU
 .text.linkDB_PerformFunc
                0x000000000000db32       0x5a E:\tp78_v2\mounriver_project\VLD_CH582M\LIB\libCH58xBLE.a(linkdb.o)
                0x000000000000db32                linkDB_PerformFunc
 .text.linkDB_PeripheralLinkNum
                0x000000000000db8c       0x46 E:\tp78_v2\mounriver_project\VLD_CH582M\LIB\libCH58xBLE.a(linkdb.o)
                0x000000000000db8c                linkDB_PeripheralLinkNum
 .text.linkDB_GetSMEvtID
                0x000000000000dbd2       0x60 E:\tp78_v2\mounriver_project\VLD_CH582M\LIB\libCH58xBLE.a(linkdb.o)
                0x000000000000dbd2                linkDB_GetSMEvtID
 .text.linkDB_Add
                0x000000000000dc32       0xb2 E:\tp78_v2\mounriver_project\VLD_CH582M\LIB\libCH58xBLE.a(linkdb.o)
                0x000000000000dc32                linkDB_Add
 .text.linkDB_GetHandleFromSMEvtID
                0x000000000000dce4       0x3a E:\tp78_v2\mounriver_project\VLD_CH582M\LIB\libCH58xBLE.a(linkdb.o)
                0x000000000000dce4                linkDB_GetHandleFromSMEvtID
 .text.linkDB_GetPairingParam
                0x000000000000dd1e       0x76 E:\tp78_v2\mounriver_project\VLD_CH582M\LIB\libCH58xBLE.a(linkdb.o)
                0x000000000000dd1e                linkDB_GetPairingParam
 .text.linkDB_NeedSendKey
                0x000000000000dd94       0x4c E:\tp78_v2\mounriver_project\VLD_CH582M\LIB\libCH58xBLE.a(linkdb.o)
                0x000000000000dd94                linkDB_NeedSendKey
 .text.smStartRspTimer
                0x000000000000dde0       0x3a E:\tp78_v2\mounriver_project\VLD_CH582M\LIB\libCH58xBLE.a(sm.o)
 .text.smStartEncryption
                0x000000000000de1a       0xa0 E:\tp78_v2\mounriver_project\VLD_CH582M\LIB\libCH58xBLE.a(sm.o)
 .text.smFreePairingParams
                0x000000000000deba       0x7e E:\tp78_v2\mounriver_project\VLD_CH582M\LIB\libCH58xBLE.a(sm.o)
                0x000000000000deba                smFreePairingParams
 .text.smEndPairing
                0x000000000000df38       0x60 E:\tp78_v2\mounriver_project\VLD_CH582M\LIB\libCH58xBLE.a(sm.o)
                0x000000000000df38                smEndPairing
 .text.smLinkCheck
                0x000000000000df98       0x34 E:\tp78_v2\mounriver_project\VLD_CH582M\LIB\libCH58xBLE.a(sm.o)
                0x000000000000df98                smLinkCheck
 .text.smNextPairingState
                0x000000000000dfcc       0x58 E:\tp78_v2\mounriver_project\VLD_CH582M\LIB\libCH58xBLE.a(sm.o)
                0x000000000000dfcc                smNextPairingState
 .text.smProcessEncryptChange
                0x000000000000e024       0xf0 E:\tp78_v2\mounriver_project\VLD_CH582M\LIB\libCH58xBLE.a(sm.o)
                0x000000000000e024                smProcessEncryptChange
 .text.smSendSMMsg
                0x000000000000e114       0x5c E:\tp78_v2\mounriver_project\VLD_CH582M\LIB\libCH58xBLE.a(sm.o)
                0x000000000000e114                smSendSMMsg
 .text.smSendFailAndEnd
                0x000000000000e170       0x38 E:\tp78_v2\mounriver_project\VLD_CH582M\LIB\libCH58xBLE.a(sm.o)
                0x000000000000e170                smSendFailAndEnd
 .text.smProcessPairingReq
                0x000000000000e1a8       0x3c E:\tp78_v2\mounriver_project\VLD_CH582M\LIB\libCH58xBLE.a(sm.o)
                0x000000000000e1a8                smProcessPairingReq
 .text.smSetPairingReqRsp
                0x000000000000e1e4       0x3c E:\tp78_v2\mounriver_project\VLD_CH582M\LIB\libCH58xBLE.a(sm.o)
                0x000000000000e1e4                smSetPairingReqRsp
 .text.SM_StartEncryption
                0x000000000000e220       0x16 E:\tp78_v2\mounriver_project\VLD_CH582M\LIB\libCH58xBLE.a(sm.o)
                0x000000000000e220                SM_StartEncryption
 .text.sm_dhkey
                0x000000000000e236       0x3e E:\tp78_v2\mounriver_project\VLD_CH582M\LIB\libCH58xBLE.a(sm.o)
                0x000000000000e236                sm_dhkey
 .text.sm_c1    0x000000000000e274       0xb4 E:\tp78_v2\mounriver_project\VLD_CH582M\LIB\libCH58xBLE.a(sm.o)
                0x000000000000e274                sm_c1
 .text.smDetermineKeySize
                0x000000000000e328       0x20 E:\tp78_v2\mounriver_project\VLD_CH582M\LIB\libCH58xBLE.a(sm.o)
                0x000000000000e328                smDetermineKeySize
 .text.smpParsePairingReq
                0x000000000000e348      0x118 E:\tp78_v2\mounriver_project\VLD_CH582M\LIB\libCH58xBLE.a(sm.o)
                0x000000000000e348                smpParsePairingReq
 .text.smpParseEncInfo
                0x000000000000e460       0x2a E:\tp78_v2\mounriver_project\VLD_CH582M\LIB\libCH58xBLE.a(sm.o)
                0x000000000000e460                smpParseEncInfo
 .text.smpParseIdentityAddrInfo
                0x000000000000e48a       0x34 E:\tp78_v2\mounriver_project\VLD_CH582M\LIB\libCH58xBLE.a(sm.o)
                0x000000000000e48a                smpParseIdentityAddrInfo
 .text.smpParseIdentityInfo
                0x000000000000e4be       0x2a E:\tp78_v2\mounriver_project\VLD_CH582M\LIB\libCH58xBLE.a(sm.o)
                0x000000000000e4be                smpParseIdentityInfo
 .text.smpParseMasterID
                0x000000000000e4e8       0x3c E:\tp78_v2\mounriver_project\VLD_CH582M\LIB\libCH58xBLE.a(sm.o)
                0x000000000000e4e8                smpParseMasterID
 .text.smpParsePairingConfirm
                0x000000000000e524       0x2a E:\tp78_v2\mounriver_project\VLD_CH582M\LIB\libCH58xBLE.a(sm.o)
                0x000000000000e524                smpParsePairingConfirm
 .text.smpParsePairingFailed
                0x000000000000e54e       0x1c E:\tp78_v2\mounriver_project\VLD_CH582M\LIB\libCH58xBLE.a(sm.o)
                0x000000000000e54e                smpParsePairingFailed
 .text.smpParsePairingRandom
                0x000000000000e56a       0x2a E:\tp78_v2\mounriver_project\VLD_CH582M\LIB\libCH58xBLE.a(sm.o)
                0x000000000000e56a                smpParsePairingRandom
 .text.smpParseSigningInfo
                0x000000000000e594       0x2a E:\tp78_v2\mounriver_project\VLD_CH582M\LIB\libCH58xBLE.a(sm.o)
                0x000000000000e594                smpParseSigningInfo
 .text.smpParsePairingPublicKey
                0x000000000000e5be       0x2c E:\tp78_v2\mounriver_project\VLD_CH582M\LIB\libCH58xBLE.a(sm.o)
                0x000000000000e5be                smpParsePairingPublicKey
 .text.smpParsePairingDHKeyCheck
                0x000000000000e5ea       0x2a E:\tp78_v2\mounriver_project\VLD_CH582M\LIB\libCH58xBLE.a(sm.o)
                0x000000000000e5ea                smpParsePairingDHKeyCheck
 .text.smProcessDataMsg
                0x000000000000e614       0xfc E:\tp78_v2\mounriver_project\VLD_CH582M\LIB\libCH58xBLE.a(sm.o)
                0x000000000000e614                smProcessDataMsg
 .text.smProcessTMOSMsg
                0x000000000000e710      0x164 E:\tp78_v2\mounriver_project\VLD_CH582M\LIB\libCH58xBLE.a(sm.o)
                0x000000000000e710                smProcessTMOSMsg
 .text.SM_CalcRandomAddr
                0x000000000000e874       0x54 E:\tp78_v2\mounriver_project\VLD_CH582M\LIB\libCH58xBLE.a(sm.o)
                0x000000000000e874                SM_CalcRandomAddr
 .text.SM_GenerateAuthenSig
                0x000000000000e8c8       0xe6 E:\tp78_v2\mounriver_project\VLD_CH582M\LIB\libCH58xBLE.a(sm.o)
                0x000000000000e8c8                SM_GenerateAuthenSig
 .text.SM_PasskeyUpdate
                0x000000000000e9ae       0xce E:\tp78_v2\mounriver_project\VLD_CH582M\LIB\libCH58xBLE.a(sm.o)
                0x000000000000e9ae                SM_PasskeyUpdate
 .text.SM_ResolveRandomAddrs
                0x000000000000ea7c       0x5e E:\tp78_v2\mounriver_project\VLD_CH582M\LIB\libCH58xBLE.a(sm.o)
                0x000000000000ea7c                SM_ResolveRandomAddrs
 .text.SM_StartPairing
                0x000000000000eada       0xc2 E:\tp78_v2\mounriver_project\VLD_CH582M\LIB\libCH58xBLE.a(sm.o)
                0x000000000000eada                SM_StartPairing
 .text.SM_VerifyAuthenSig
                0x000000000000eb9c      0x150 E:\tp78_v2\mounriver_project\VLD_CH582M\LIB\libCH58xBLE.a(sm.o)
                0x000000000000eb9c                SM_VerifyAuthenSig
 .text.SM_ProcessEvent
                0x000000000000ecec       0xb4 E:\tp78_v2\mounriver_project\VLD_CH582M\LIB\libCH58xBLE.a(sm.o)
                0x000000000000ecec                SM_ProcessEvent
 .text.SM_ParamInit
                0x000000000000eda0       0x5a E:\tp78_v2\mounriver_project\VLD_CH582M\LIB\libCH58xBLE.a(sm.o)
                0x000000000000eda0                SM_ParamInit
 .text.SM_InitiatorInit
                0x000000000000edfa       0x1e E:\tp78_v2\mounriver_project\VLD_CH582M\LIB\libCH58xBLE.a(sm.o)
                0x000000000000edfa                SM_InitiatorInit
 .text.SM_ResponderInit
                0x000000000000ee18       0x1e E:\tp78_v2\mounriver_project\VLD_CH582M\LIB\libCH58xBLE.a(sm.o)
                0x000000000000ee18                SM_ResponderInit
 .text.SM_Init  0x000000000000ee36       0x2a E:\tp78_v2\mounriver_project\VLD_CH582M\LIB\libCH58xBLE.a(sm.o)
                0x000000000000ee36                SM_Init
 .text.smpInitiatorProcessPairingRsp
                0x000000000000ee60      0x26e E:\tp78_v2\mounriver_project\VLD_CH582M\LIB\libCH58xBLE.a(sm_initiator.o)
                0x000000000000ee60                smpInitiatorProcessPairingRsp
 .text.smInitiatorSendNextKeyInfo
                0x000000000000f0ce      0x268 E:\tp78_v2\mounriver_project\VLD_CH582M\LIB\libCH58xBLE.a(sm_initiator.o)
                0x000000000000f0ce                smInitiatorSendNextKeyInfo
 .text.setupInitiatorKeys
                0x000000000000f336       0x88 E:\tp78_v2\mounriver_project\VLD_CH582M\LIB\libCH58xBLE.a(sm_initiator.o)
 .text.smpInitiatorProcessIncoming
                0x000000000000f3be      0x410 E:\tp78_v2\mounriver_project\VLD_CH582M\LIB\libCH58xBLE.a(sm_initiator.o)
                0x000000000000f3be                smpInitiatorProcessIncoming
 .text.smpBuildPairingReqRsp
                0x000000000000f7ce       0xc6 E:\tp78_v2\mounriver_project\VLD_CH582M\LIB\libCH58xBLE.a(sm_pdu.o)
 .text.smpBuildPairingReq
                0x000000000000f894        0xa E:\tp78_v2\mounriver_project\VLD_CH582M\LIB\libCH58xBLE.a(sm_pdu.o)
                0x000000000000f894                smpBuildPairingReq
 .text.smpBuildPairingRsp
                0x000000000000f89e        0xa E:\tp78_v2\mounriver_project\VLD_CH582M\LIB\libCH58xBLE.a(sm_pdu.o)
                0x000000000000f89e                smpBuildPairingRsp
 .text.smpBuildPairingConfirm
                0x000000000000f8a8       0x30 E:\tp78_v2\mounriver_project\VLD_CH582M\LIB\libCH58xBLE.a(sm_pdu.o)
                0x000000000000f8a8                smpBuildPairingConfirm
 .text.smpBuildPairingRandom
                0x000000000000f8d8       0x30 E:\tp78_v2\mounriver_project\VLD_CH582M\LIB\libCH58xBLE.a(sm_pdu.o)
                0x000000000000f8d8                smpBuildPairingRandom
 .text.smpBuildEncInfo
                0x000000000000f908       0x30 E:\tp78_v2\mounriver_project\VLD_CH582M\LIB\libCH58xBLE.a(sm_pdu.o)
                0x000000000000f908                smpBuildEncInfo
 .text.smpBuildMasterID
                0x000000000000f938       0x44 E:\tp78_v2\mounriver_project\VLD_CH582M\LIB\libCH58xBLE.a(sm_pdu.o)
                0x000000000000f938                smpBuildMasterID
 .text.smpBuildIdentityInfo
                0x000000000000f97c       0x30 E:\tp78_v2\mounriver_project\VLD_CH582M\LIB\libCH58xBLE.a(sm_pdu.o)
                0x000000000000f97c                smpBuildIdentityInfo
 .text.smpBuildIdentityAddrInfo
                0x000000000000f9ac       0x3a E:\tp78_v2\mounriver_project\VLD_CH582M\LIB\libCH58xBLE.a(sm_pdu.o)
                0x000000000000f9ac                smpBuildIdentityAddrInfo
 .text.smpBuildSigningInfo
                0x000000000000f9e6       0x30 E:\tp78_v2\mounriver_project\VLD_CH582M\LIB\libCH58xBLE.a(sm_pdu.o)
                0x000000000000f9e6                smpBuildSigningInfo
 .text.smpBuildPublicKey
                0x000000000000fa16       0x32 E:\tp78_v2\mounriver_project\VLD_CH582M\LIB\libCH58xBLE.a(sm_pdu.o)
                0x000000000000fa16                smpBuildPublicKey
 .text.smpBuildDHKey
                0x000000000000fa48       0x30 E:\tp78_v2\mounriver_project\VLD_CH582M\LIB\libCH58xBLE.a(sm_pdu.o)
                0x000000000000fa48                smpBuildDHKey
 .text.smpBuildPairingFailed
                0x000000000000fa78       0x1a E:\tp78_v2\mounriver_project\VLD_CH582M\LIB\libCH58xBLE.a(sm_pdu.o)
                0x000000000000fa78                smpBuildPairingFailed
 .text.smpBuildSecurityReq
                0x000000000000fa92       0x1a E:\tp78_v2\mounriver_project\VLD_CH582M\LIB\libCH58xBLE.a(sm_pdu.o)
                0x000000000000fa92                smpBuildSecurityReq
 .text.smGeneratePairingReq
                0x000000000000faac       0x30 E:\tp78_v2\mounriver_project\VLD_CH582M\LIB\libCH58xBLE.a(sm_pdu.o)
                0x000000000000faac                smGeneratePairingReq
 .text.smGeneratePairingRsp
                0x000000000000fadc       0x30 E:\tp78_v2\mounriver_project\VLD_CH582M\LIB\libCH58xBLE.a(sm_pdu.o)